Component: ARM Compiler 5.06 update 5 (build 528) Tool: armlink [4d35e2]

==============================================================================

Section Cross References

    startup_stm32f103xb.o(STACK) refers (Special) to heapauxi.o(.text) for __use_two_region_memory
    startup_stm32f103xb.o(HEAP) refers (Special) to heapauxi.o(.text) for __use_two_region_memory
    startup_stm32f103xb.o(RESET) refers (Special) to heapauxi.o(.text) for __use_two_region_memory
    startup_stm32f103xb.o(RESET) refers to startup_stm32f103xb.o(STACK) for __initial_sp
    startup_stm32f103xb.o(RESET) refers to startup_stm32f103xb.o(.text) for Reset_Handler
    startup_stm32f103xb.o(RESET) refers to stm32f1xx_it.o(i.NMI_Handler) for NMI_Handler
    startup_stm32f103xb.o(RESET) refers to stm32f1xx_it.o(i.HardFault_Handler) for HardFault_Handler
    startup_stm32f103xb.o(RESET) refers to stm32f1xx_it.o(i.MemManage_Handler) for MemManage_Handler
    startup_stm32f103xb.o(RESET) refers to stm32f1xx_it.o(i.BusFault_Handler) for BusFault_Handler
    startup_stm32f103xb.o(RESET) refers to stm32f1xx_it.o(i.UsageFault_Handler) for UsageFault_Handler
    startup_stm32f103xb.o(RESET) refers to stm32f1xx_it.o(i.SVC_Handler) for SVC_Handler
    startup_stm32f103xb.o(RESET) refers to stm32f1xx_it.o(i.DebugMon_Handler) for DebugMon_Handler
    startup_stm32f103xb.o(RESET) refers to stm32f1xx_it.o(i.PendSV_Handler) for PendSV_Handler
    startup_stm32f103xb.o(RESET) refers to stm32f1xx_it.o(i.SysTick_Handler) for SysTick_Handler
    startup_stm32f103xb.o(RESET) refers to stm32f1xx_it.o(i.EXTI3_IRQHandler) for EXTI3_IRQHandler
    startup_stm32f103xb.o(RESET) refers to stm32f1xx_it.o(i.CAN1_RX1_IRQHandler) for CAN1_RX1_IRQHandler
    startup_stm32f103xb.o(RESET) refers to stm32f1xx_it.o(i.EXTI9_5_IRQHandler) for EXTI9_5_IRQHandler
    startup_stm32f103xb.o(RESET) refers to stm32f1xx_it.o(i.TIM2_IRQHandler) for TIM2_IRQHandler
    startup_stm32f103xb.o(.text) refers (Special) to heapauxi.o(.text) for __use_two_region_memory
    startup_stm32f103xb.o(.text) refers to system_stm32f1xx.o(i.SystemInit) for SystemInit
    startup_stm32f103xb.o(.text) refers to __main.o(!!!main) for __main
    startup_stm32f103xb.o(.text) refers to startup_stm32f103xb.o(HEAP) for Heap_Mem
    startup_stm32f103xb.o(.text) refers to startup_stm32f103xb.o(STACK) for Stack_Mem
    main_1.o(i.HAL_CAN_RxFifo1MsgPendingCallback) refers to control_ihm.o(i._ZN10ControlIhm25can_receive_data_callbackEv) for ControlIhm::can_receive_data_callback()
    main_1.o(i.HAL_CAN_RxFifo1MsgPendingCallback) refers to stm32f1xx_hal_gpio.o(i.HAL_GPIO_TogglePin) for HAL_GPIO_TogglePin
    main_1.o(i.HAL_CAN_RxFifo1MsgPendingCallback) refers to main_1.o(.bss) for ctrlIhm
    main_1.o(i.HAL_CAN_RxFifo1MsgPendingCallback) refers to main_1.o(.data) for count_callback
    main_1.o(i.HAL_GPIO_EXTI_Callback) refers to control_ihm.o(i._ZN10ControlIhm20gpio_button_callbackE7buttons) for ControlIhm::gpio_button_callback(buttons)
    main_1.o(i.HAL_GPIO_EXTI_Callback) refers to main_1.o(.bss) for ctrlIhm
    main_1.o(i.HAL_TIM_PeriodElapsedCallback) refers to control_ihm.o(i._ZN10ControlIhm16timer_2_callbackEv) for ControlIhm::timer_2_callback()
    main_1.o(i.HAL_TIM_PeriodElapsedCallback) refers to main_1.o(.bss) for htim2
    main_1.o(i._Z11MX_CAN_Initv) refers to stm32f1xx_hal_can.o(i.HAL_CAN_Init) for HAL_CAN_Init
    main_1.o(i._Z11MX_CAN_Initv) refers to main_1.o(i.Error_Handler) for Error_Handler
    main_1.o(i._Z11MX_CAN_Initv) refers to stm32f1xx_hal_can.o(i.HAL_CAN_ConfigFilter) for HAL_CAN_ConfigFilter
    main_1.o(i._Z11MX_CAN_Initv) refers to main_1.o(.bss) for hcan
    main_1.o(i._Z11MX_CRC_Initv) refers to stm32f1xx_hal_crc.o(i.HAL_CRC_Init) for HAL_CRC_Init
    main_1.o(i._Z11MX_CRC_Initv) refers to main_1.o(i.Error_Handler) for Error_Handler
    main_1.o(i._Z11MX_CRC_Initv) refers to main_1.o(.data) for hcrc
    main_1.o(i._Z12MX_GPIO_Initv) refers to stm32f1xx_hal_gpio.o(i.HAL_GPIO_WritePin) for HAL_GPIO_WritePin
    main_1.o(i._Z12MX_GPIO_Initv) refers to stm32f1xx_hal_gpio.o(i.HAL_GPIO_Init) for HAL_GPIO_Init
    main_1.o(i._Z12MX_GPIO_Initv) refers to stm32f1xx_hal_cortex.o(i.HAL_NVIC_SetPriority) for HAL_NVIC_SetPriority
    main_1.o(i._Z12MX_GPIO_Initv) refers to stm32f1xx_hal_cortex.o(i.HAL_NVIC_EnableIRQ) for HAL_NVIC_EnableIRQ
    main_1.o(i._Z12MX_I2C1_Initv) refers to stm32f1xx_hal_i2c.o(i.HAL_I2C_Init) for HAL_I2C_Init
    main_1.o(i._Z12MX_I2C1_Initv) refers to main_1.o(i.Error_Handler) for Error_Handler
    main_1.o(i._Z12MX_I2C1_Initv) refers to main_1.o(.bss) for hi2c1
    main_1.o(i._Z12MX_TIM2_Initv) refers to stm32f1xx_hal_tim.o(i.HAL_TIM_Base_Init) for HAL_TIM_Base_Init
    main_1.o(i._Z12MX_TIM2_Initv) refers to main_1.o(i.Error_Handler) for Error_Handler
    main_1.o(i._Z12MX_TIM2_Initv) refers to stm32f1xx_hal_tim.o(i.HAL_TIM_ConfigClockSource) for HAL_TIM_ConfigClockSource
[...]
    .ARM.Collect$$rtentry$$0000000C          0x0800017e   Section        0  __rtentry2.o(.ARM.Collect$$rtentry$$0000000C)
    .ARM.Collect$$rtentry$$0000000D          0x0800017e   Section        8  __rtentry2.o(.ARM.Collect$$rtentry$$0000000D)
    .ARM.Collect$$rtexit$$00000000           0x08000186   Section        2  rtexit.o(.ARM.Collect$$rtexit$$00000000)
    .ARM.Collect$$rtexit$$00000002           0x08000188   Section        0  rtexit2.o(.ARM.Collect$$rtexit$$00000002)
    .ARM.Collect$$rtexit$$00000003           0x08000188   Section        4  rtexit2.o(.ARM.Collect$$rtexit$$00000003)
    .ARM.Collect$$rtexit$$00000004           0x0800018c   Section        6  rtexit2.o(.ARM.Collect$$rtexit$$00000004)
    .emb_text                                0x08000194   Section        0  maybetermalloc1.o(.emb_text)
    .text                                    0x08000194   Section       64  startup_stm32f103xb.o(.text)
    .text                                    0x080001d4   Section        0  h1_alloc.o(.text)
    .text                                    0x08000232   Section        0  h1_free.o(.text)
    .text                                    0x08000280   Section      138  rt_memcpy_v6.o(.text)
    .text                                    0x0800030a   Section       78  rt_memclr_w.o(.text)
    .text                                    0x08000358   Section        0  heapauxi.o(.text)
    .text                                    0x08000360   Section        0  init_aeabi.o(.text)
    .text                                    0x08000384   Section        8  rt_heap_descriptor_intlibspace.o(.text)
    .text                                    0x0800038c   Section        0  hguard.o(.text)
    .text                                    0x08000390   Section        0  init_alloc.o(.text)
    .text                                    0x0800041a   Section        0  h1_init.o(.text)
    .text                                    0x08000428   Section      100  rt_memcpy_w.o(.text)
    .text                                    0x0800048c   Section        8  libspace.o(.text)
    .text                                    0x08000494   Section        0  h1_extend.o(.text)
    .text                                    0x080004c8   Section        0  defsig_rtmem_outer.o(.text)
    .text                                    0x080004d6   Section        2  use_no_semi.o(.text)
    .text                                    0x080004d8   Section       74  sys_stackheap_outer.o(.text)
    .text                                    0x080004d8   Section        0  indicate_semi.o(.text)
    .text                                    0x08000522   Section        0  exit.o(.text)
    .text                                    0x08000534   Section        0  defsig_exit.o(.text)
    .text                                    0x08000540   Section        0  defsig_rtmem_inner.o(.text)
    .text                                    0x08000590   Section        0  sys_exit.o(.text)
    .text                                    0x0800059c   Section        0  defsig_general.o(.text)
    .text                                    0x080005ce   Section        0  sys_wrch.o(.text)
    i.BusFault_Handler                       0x080005dc   Section        0  stm32f1xx_it.o(i.BusFault_Handler)
    i.CAN1_RX1_IRQHandler                    0x080005e0   Section        0  stm32f1xx_it.o(i.CAN1_RX1_IRQHandler)
    i.DebugMon_Handler                       0x080005f0   Section        0  stm32f1xx_it.o(i.DebugMon_Handler)
    i.EXTI3_IRQHandler                       0x080005f2   Section        0  stm32f1xx_it.o(i.EXTI3_IRQHandler)
    i.EXTI9_5_IRQHandler                     0x080005fc   Section        0  stm32f1xx_it.o(i.EXTI9_5_IRQHandler)
    i.Error_Handler                          0x08000606   Section        0  main_1.o(i.Error_Handler)
    i.HAL_CAN_ActivateNotification           0x0800060c   Section        0  stm32f1xx_hal_can.o(i.HAL_CAN_ActivateNotification)
    i.HAL_CAN_AddTxMessage                   0x08000688   Section        0  stm32f1xx_hal_can.o(i.HAL_CAN_AddTxMessage)
    i.HAL_CAN_ConfigFilter                   0x08000874   Section        0  stm32f1xx_hal_can.o(i.HAL_CAN_ConfigFilter)
    i.HAL_CAN_DeactivateNotification         0x08000a7c   Section        0  stm32f1xx_hal_can.o(i.HAL_CAN_DeactivateNotification)
    i.HAL_CAN_ErrorCallback                  0x08000af8   Section        0  stm32f1xx_hal_can.o(i.HAL_CAN_ErrorCallback)
    i.HAL_CAN_GetRxMessage                   0x08000afc   Section        0  stm32f1xx_hal_can.o(i.HAL_CAN_GetRxMessage)
    i.HAL_CAN_IRQHandler                     0x08000cd0   Section        0  stm32f1xx_hal_can.o(i.HAL_CAN_IRQHandler)
    i.HAL_CAN_Init                           0x08000f20   Section        0  stm32f1xx_hal_can.o(i.HAL_CAN_Init)
    i.HAL_CAN_IsTxMessagePending             0x080012a0   Section        0  stm32f1xx_hal_can.o(i.HAL_CAN_IsTxMessagePending)
    i.HAL_CAN_MspInit                        0x08001314   Section        0  stm32f1xx_hal_msp.o(i.HAL_CAN_MspInit)
    i.HAL_CAN_RxFifo0FullCallback            0x080013c4   Section        0  stm32f1xx_hal_can.o(i.HAL_CAN_RxFifo0FullCallback)
    i.HAL_CAN_RxFifo0MsgPendingCallback      0x080013c6   Section        0  stm32f1xx_hal_can.o(i.HAL_CAN_RxFifo0MsgPendingCallback)
    i.HAL_CAN_RxFifo1FullCallback            0x080013c8   Section        0  stm32f1xx_hal_can.o(i.HAL_CAN_RxFifo1FullCallback)
    i.HAL_CAN_RxFifo1MsgPendingCallback      0x080013cc   Section        0  main_1.o(i.HAL_CAN_RxFifo1MsgPendingCallback)
    i.HAL_CAN_SleepCallback                  0x080013f8   Section        0  stm32f1xx_hal_can.o(i.HAL_CAN_SleepCallback)
    i.HAL_CAN_Start                          0x080013fa   Section        0  stm32f1xx_hal_can.o(i.HAL_CAN_Start)
    i.HAL_CAN_TxMailbox0AbortCallback        0x08001458   Section        0  stm32f1xx_hal_can.o(i.HAL_CAN_TxMailbox0AbortCallback)
    i.HAL_CAN_TxMailbox0CompleteCallback     0x0800145a   Section        0  stm32f1xx_hal_can.o(i.HAL_CAN_TxMailbox0CompleteCallback)
    i.HAL_CAN_TxMailbox1AbortCallback        0x0800145c   Section        0  stm32f1xx_hal_can.o(i.HAL_CAN_TxMailbox1AbortCallback)
    i.HAL_CAN_TxMailbox1CompleteCallback     0x0800145e   Section        0  stm32f1xx_hal_can.o(i.HAL_CAN_TxMailbox1CompleteCallback)
    i.HAL_CAN_TxMailbox2AbortCallback        0x08001460   Section        0  stm32f1xx_hal_can.o(i.HAL_CAN_TxMailbox2AbortCallback)
    i.HAL_CAN_TxMailbox2CompleteCallback     0x08001462   Section        0  stm32f1xx_hal_can.o(i.HAL_CAN_TxMailbox2CompleteCallback)
    i.HAL_CAN_WakeUpFromRxMsgCallback        0x08001464   Section        0  stm32f1xx_hal_can.o(i.HAL_CAN_WakeUpFromRxMsgCallback)
    i.HAL_CRC_Init                           0x08001468   Section        0  stm32f1xx_hal_crc.o(i.HAL_CRC_Init)
    i.HAL_CRC_MspInit                        0x080014d8   Section        0  stm32f1xx_hal_msp.o(i.HAL_CRC_MspInit)
    i.HAL_GPIO_EXTI_Callback                 0x08001508   Section        0  main_1.o(i.HAL_GPIO_EXTI_Callback)
    i.HAL_GPIO_EXTI_IRQHandler               0x08001524   Section        0  stm32f1xx_hal_gpio.o(i.HAL_GPIO_EXTI_IRQHandler)
    i.HAL_GPIO_Init                          0x08001540   Section        0  stm32f1xx_hal_gpio.o(i.HAL_GPIO_Init)
    i.HAL_GPIO_TogglePin                     0x08001930   Section        0  stm32f1xx_hal_gpio.o(i.HAL_GPIO_TogglePin)
    i.HAL_GPIO_WritePin                      0x0800199c   Section        0  stm32f1xx_hal_gpio.o(i.HAL_GPIO_WritePin)
    i.HAL_GetTick                            0x08001a14   Section        0  stm32f1xx_hal.o(i.HAL_GetTick)
    i.HAL_I2C_Init                           0x08001a20   Section        0  stm32f1xx_hal_i2c.o(i.HAL_I2C_Init)
    i.HAL_I2C_MspInit                        0x08001d04   Section        0  stm32f1xx_hal_msp.o(i.HAL_I2C_MspInit)
    i.HAL_IncTick                            0x08001d78   Section        0  stm32f1xx_hal.o(i.HAL_IncTick)
    i.HAL_Init                               0x08001d90   Section        0  stm32f1xx_hal.o(i.HAL_Init)
    i.HAL_InitTick                           0x08001db8   Section        0  stm32f1xx_hal.o(i.HAL_InitTick)
    i.HAL_MspInit                            0x08001e04   Section        0  stm32f1xx_hal_msp.o(i.HAL_MspInit)
    i.HAL_NVIC_EnableIRQ                     0x08001e58   Section        0  stm32f1xx_hal_cortex.o(i.HAL_NVIC_EnableIRQ)
    i.HAL_NVIC_SetPriority                   0x08001ec4   Section        0  stm32f1xx_hal_cortex.o(i.HAL_NVIC_SetPriority)
    i.HAL_NVIC_SetPriorityGrouping           0x08001f98   Section        0  stm32f1xx_hal_cortex.o(i.HAL_NVIC_SetPriorityGrouping)
    i.HAL_RCC_ClockConfig                    0x08002020   Section        0  stm32f1xx_hal_rcc.o(i.HAL_RCC_ClockConfig)
    i.HAL_RCC_GetHCLKFreq                    0x080022e8   Section        0  stm32f1xx_hal_rcc.o(i.HAL_RCC_GetHCLKFreq)
    i.HAL_RCC_GetPCLK1Freq                   0x080022f4   Section        0  stm32f1xx_hal_rcc.o(i.HAL_RCC_GetPCLK1Freq)
    i.HAL_RCC_GetPCLK2Freq                   0x08002314   Section        0  stm32f1xx_hal_rcc.o(i.HAL_RCC_GetPCLK2Freq)
    i.HAL_RCC_GetSysClockFreq                0x08002334   Section        0  stm32f1xx_hal_rcc.o(i.HAL_RCC_GetSysClockFreq)
    i.HAL_RCC_OscConfig                      0x080023c8   Section        0  stm32f1xx_hal_rcc.o(i.HAL_RCC_OscConfig)
    i.HAL_SYSTICK_Config                     0x080029ec   Section        0  stm32f1xx_hal_cortex.o(i.HAL_SYSTICK_Config)
    i.HAL_TIMEx_BreakCallback                0x08002a20   Section        0  stm32f1xx_hal_tim_ex.o(i.HAL_TIMEx_BreakCallback)
    i.HAL_TIMEx_CommutCallback               0x08002a22   Section        0  stm32f1xx_hal_tim_ex.o(i.HAL_TIMEx_CommutCallback)
    i.HAL_TIMEx_MasterConfigSynchronization  0x08002a24   Section        0  stm32f1xx_hal_tim_ex.o(i.HAL_TIMEx_MasterConfigSynchronization)
    i.HAL_TIM_Base_Init                      0x08002b64   Section        0  stm32f1xx_hal_tim.o(i.HAL_TIM_Base_Init)
    i.HAL_TIM_Base_MspInit                   0x08002c98   Section        0  stm32f1xx_hal_msp.o(i.HAL_TIM_Base_MspInit)
    i.HAL_TIM_Base_Start_IT                  0x08002cd8   Section        0  stm32f1xx_hal_tim.o(i.HAL_TIM_Base_Start_IT)
    i.HAL_TIM_ConfigClockSource              0x08002db4   Section        0  stm32f1xx_hal_tim.o(i.HAL_TIM_ConfigClockSource)
    i.HAL_TIM_IC_CaptureCallback             0x080031fc   Section        0  stm32f1xx_hal_tim.o(i.HAL_TIM_IC_CaptureCallback)
    i.HAL_TIM_IRQHandler                     0x080031fe   Section        0  stm32f1xx_hal_tim.o(i.HAL_TIM_IRQHandler)
    i.HAL_TIM_OC_DelayElapsedCallback        0x08003394   Section        0  stm32f1xx_hal_tim.o(i.HAL_TIM_OC_DelayElapsedCallback)
    i.HAL_TIM_PWM_PulseFinishedCallback      0x08003396   Section        0  stm32f1xx_hal_tim.o(i.HAL_TIM_PWM_PulseFinishedCallback)
    i.HAL_TIM_PeriodElapsedCallback          0x08003398   Section        0  main_1.o(i.HAL_TIM_PeriodElapsedCallback)
    i.HAL_TIM_TriggerCallback                0x080033b4   Section        0  stm32f1xx_hal_tim.o(i.HAL_TIM_TriggerCallback)
    i.HAL_UART_Init                          0x080033b8   Section        0  stm32f1xx_hal_uart.o(i.HAL_UART_Init)
    i.HAL_UART_MspInit                       0x080034fc   Section        0  stm32f1xx_hal_msp.o(i.HAL_UART_MspInit)
    i.HardFault_Handler                      0x08003584   Section        0  stm32f1xx_it.o(i.HardFault_Handler)
    i.MemManage_Handler                      0x08003588   Section        0  stm32f1xx_it.o(i.MemManage_Handler)
    i.NMI_Handler                            0x0800358c   Section        0  stm32f1xx_it.o(i.NMI_Handler)
    i.PendSV_Handler                         0x08003590   Section        0  stm32f1xx_it.o(i.PendSV_Handler)
    i.RCC_Delay                              0x08003594   Section        0  stm32f1xx_hal_rcc.o(i.RCC_Delay)
    RCC_Delay                                0x08003595   Thumb Code    36  stm32f1xx_hal_rcc.o(i.RCC_Delay)
    i.SVC_Handler                            0x080035bc   Section        0  stm32f1xx_it.o(i.SVC_Handler)
    i.SysTick_Handler                        0x080035be   Section        0  stm32f1xx_it.o(i.SysTick_Handler)
    i.SystemInit                             0x080035c6   Section        0  system_stm32f1xx.o(i.SystemInit)
    i.TIM2_IRQHandler                        0x080035c8   Section        0  stm32f1xx_it.o(i.TIM2_IRQHandler)
    i.TIM_Base_SetConfig                     0x080035d8   Section        0  stm32f1xx_hal_tim.o(i.TIM_Base_SetConfig)
    i.TIM_ETR_SetConfig                      0x0800364c   Section        0  stm32f1xx_hal_tim.o(i.TIM_ETR_SetConfig)
    i.TIM_ITRx_SetConfig                     0x08003662   Section        0  stm32f1xx_hal_tim.o(i.TIM_ITRx_SetConfig)
    TIM_ITRx_SetConfig                       0x08003663   Thumb Code    18  stm32f1xx_hal_tim.o(i.TIM_ITRx_SetConfig)
    i.TIM_TI1_ConfigInputStage               0x08003674   Section        0  stm32f1xx_hal_tim.o(i.TIM_TI1_ConfigInputStage)
    TIM_TI1_ConfigInputStage                 0x08003675   Thumb Code    38  stm32f1xx_hal_tim.o(i.TIM_TI1_ConfigInputStage)
    i.TIM_TI2_ConfigInputStage               0x0800369a   Section        0  stm32f1xx_hal_tim.o(i.TIM_TI2_ConfigInputStage)
    TIM_TI2_ConfigInputStage                 0x0800369b   Thumb Code    40  stm32f1xx_hal_tim.o(i.TIM_TI2_ConfigInputStage)
    i.UART_SetConfig                         0x080036c4   Section        0  stm32f1xx_hal_uart.o(i.UART_SetConfig)
    UART_SetConfig                           0x080036c5   Thumb Code   354  stm32f1xx_hal_uart.o(i.UART_SetConfig)
    i.UsageFault_Handler                     0x0800386c   Section        0  stm32f1xx_it.o(i.UsageFault_Handler)
    i._Z11MX_CAN_Initv                       0x08003870   Section        0  main_1.o(i._Z11MX_CAN_Initv)
    MX_CAN_Init()                            0x08003871   Thumb Code   114  main_1.o(i._Z11MX_CAN_Initv)
    i._Z11MX_CRC_Initv                       0x080038ec   Section        0  main_1.o(i._Z11MX_CRC_Initv)
    MX_CRC_Init()                            0x080038ed   Thumb Code    22  main_1.o(i._Z11MX_CRC_Initv)
    i._Z12MX_GPIO_Initv                      0x0800390c   Section        0  main_1.o(i._Z12MX_GPIO_Initv)
    MX_GPIO_Init()                           0x0800390d   Thumb Code   262  main_1.o(i._Z12MX_GPIO_Initv)
    i._Z12MX_I2C1_Initv                      0x08003a2c   Section        0  main_1.o(i._Z12MX_I2C1_Initv)
    MX_I2C1_Init()                           0x08003a2d   Thumb Code    48  main_1.o(i._Z12MX_I2C1_Initv)
    i._Z12MX_TIM2_Initv                      0x08003a68   Section        0  main_1.o(i._Z12MX_TIM2_Initv)
    MX_TIM2_Init()                           0x08003a69   Thumb Code   102  main_1.o(i._Z12MX_TIM2_Initv)
    i._Z18SystemClock_Configv                0x08003ad4   Section        0  main_1.o(i._Z18SystemClock_Configv)
    i._Z19MX_USART1_UART_Initv               0x08003b3c   Section        0  main_1.o(i._Z19MX_USART1_UART_Initv)
    MX_USART1_UART_Init()                    0x08003b3d   Thumb Code    46  main_1.o(i._Z19MX_USART1_UART_Initv)
    i._ZN10ControlIhm12main_programEv        0x08003b74   Section        0  control_ihm.o(i._ZN10ControlIhm12main_programEv)
    i._ZN10ControlIhm16timer_2_callbackEv    0x08003b86   Section        0  control_ihm.o(i._ZN10ControlIhm16timer_2_callbackEv)
    i._ZN10ControlIhm19process_read_buttonEv 0x08003b9a   Section        0  control_ihm.o(i._ZN10ControlIhm19process_read_buttonEv)
    i._ZN10ControlIhm20gpio_button_callbackE7buttons 0x08003c18   Section        0  control_ihm.o(i._ZN10ControlIhm20gpio_button_callbackE7buttons)
    i._ZN10ControlIhm21can_data_sync_programEv 0x08003c2a   Section        0  control_ihm.o(i._ZN10ControlIhm21can_data_sync_programEv)
    i._ZN10ControlIhm25can_receive_data_callbackEv 0x08003cc4   Section        0  control_ihm.o(i._ZN10ControlIhm25can_receive_data_callbackEv)
    i._ZN10ControlIhm27get_next_data_id_to_be_sentEv 0x08003cd0   Section        0  control_ihm.o(i._ZN10ControlIhm27get_next_data_id_to_be_sentEv)
    i._ZN10ControlIhm27get_next_func_id_to_be_execEv 0x08003cf4   Section        0  control_ihm.o(i._ZN10ControlIhm27get_next_func_id_to_be_execEv)
    i._ZN10ControlIhm4initEP19__CAN_HandleTypeDef 0x08003d18   Section        0  control_ihm.o(i._ZN10ControlIhm4initEP19__CAN_HandleTypeDef)
    i._ZN10ControlIhmC1Ev                    0x08003d68   Section        0  control_ihm.o(i._ZN10ControlIhmC1Ev)
    i._ZN6CanMvs12send_packageEv             0x08003d84   Section        0  can_mvs.o(i._ZN6CanMvs12send_packageEv)
    i._ZN6CanMvs15is_HAL_CAN_busyEv          0x08003da2   Section        0  can_mvs.o(i._ZN6CanMvs15is_HAL_CAN_busyEv)
    i._ZN6CanMvs15start_receivingE15CAN_MVS_data_id 0x08003db8   Section        0  can_mvs.o(i._ZN6CanMvs15start_receivingE15CAN_MVS_data_id)
    i._ZN6CanMvs17mark_data_id_flagE13CAN_mark_type15CAN_MVS_data_id 0x08003dfe   Section        0  can_mvs.o(i._ZN6CanMvs17mark_data_id_flagE13CAN_mark_type15CAN_MVS_data_id)
    i._ZN6CanMvs17mark_func_id_flagE13CAN_mark_type20CAN_MVS_functions_id 0x08003e18   Section        0  can_mvs.o(i._ZN6CanMvs17mark_func_id_flagE13CAN_mark_type20CAN_MVS_functions_id)
    i._ZN6CanMvs18is_struct_id_validE15CAN_MVS_data_id 0x08003e32   Section        0  can_mvs.o(i._ZN6CanMvs18is_struct_id_validE15CAN_MVS_data_id)
    i._ZN6CanMvs19start_shipping_dataE15CAN_MVS_data_id 0x08003e46   Section        0  can_mvs.o(i._ZN6CanMvs19start_shipping_dataE15CAN_MVS_data_id)
    i._ZN6CanMvs19unmark_data_id_flagE13CAN_mark_type15CAN_MVS_data_id 0x08003eb6   Section        0  can_mvs.o(i._ZN6CanMvs19unmark_data_id_flagE13CAN_mark_type15CAN_MVS_data_id)
    i._ZN6CanMvs19unmark_func_id_flagE13CAN_mark_type20CAN_MVS_functions_id 0x08003ed2   Section        0  can_mvs.o(i._ZN6CanMvs19unmark_func_id_flagE13CAN_mark_type20CAN_MVS_functions_id)
    i._ZN6CanMvs20connect_struct_to_idE15CAN_MVS_data_idPhh 0x08003eee   Section        0  can_mvs.o(i._ZN6CanMvs20connect_struct_to_idE15CAN_MVS_data_idPhh)
    i._ZN6CanMvs20shipping_applicationEv     0x08003f18   Section        0  can_mvs.o(i._ZN6CanMvs20shipping_applicationEv)
    i._ZN6CanMvs21receive_data_callbackEv    0x08003fc6   Section        0  can_mvs.o(i._ZN6CanMvs21receive_data_callbackEv)
    i._ZN6CanMvs21set_package_data_typeE13CAN_data_type 0x08003ff2   Section        0  can_mvs.o(i._ZN6CanMvs21set_package_data_typeE13CAN_data_type)
    i._ZN6CanMvs21set_package_struct_idE15CAN_MVS_data_id 0x08003ff8   Section        0  can_mvs.o(i._ZN6CanMvs21set_package_struct_idE15CAN_MVS_data_id)
    i._ZN6CanMvs22am_i_receiving_this_idE15CAN_MVS_data_id 0x08003ffe   Section        0  can_mvs.o(i._ZN6CanMvs22am_i_receiving_this_idE15CAN_MVS_data_id)
    i._ZN6CanMvs22is_data_id_flag_markedE13CAN_mark_type15CAN_MVS_data_id 0x0800401c   Section        0  can_mvs.o(i._ZN6CanMvs22is_data_id_flag_markedE13CAN_mark_type15CAN_MVS_data_id)
    i._ZN6CanMvs22is_func_id_flag_markedE13CAN_mark_type20CAN_MVS_functions_id 0x08004038   Section        0  can_mvs.o(i._ZN6CanMvs22is_func_id_flag_markedE13CAN_mark_type20CAN_MVS_functions_id)
    i._ZN6CanMvs23unload_received_packageEv  0x08004054   Section        0  can_mvs.o(i._ZN6CanMvs23unload_received_packageEv)
    i._ZN6CanMvs24callback_set_asked_flagsE13CAN_data_type 0x08004094   Section        0  can_mvs.o(i._ZN6CanMvs24callback_set_asked_flagsE13CAN_data_type)
    i._ZN6CanMvs24clear_pending_data_flagsE13CAN_mark_type 0x080040c6   Section        0  can_mvs.o(i._ZN6CanMvs24clear_pending_data_flagsE13CAN_mark_type)
    i._ZN6CanMvs24clear_pending_func_flagsE13CAN_mark_type 0x080040d2   Section        0  can_mvs.o(i._ZN6CanMvs24clear_pending_func_flagsE13CAN_mark_type)
    i._ZN6CanMvs24process_received_packageEv 0x080040de   Section        0  can_mvs.o(i._ZN6CanMvs24process_received_packageEv)
    i._ZN6CanMvs26prepare_package_to_be_sendE13CAN_data_type 0x08004134   Section        0  can_mvs.o(i._ZN6CanMvs26prepare_package_to_be_sendE13CAN_data_type)
    i._ZN6CanMvs27identify_received_data_typeEv 0x080041e8   Section        0  can_mvs.o(i._ZN6CanMvs27identify_received_data_typeEv)
    i._ZN6CanMvs27identify_received_struct_idEv 0x080041f0   Section        0  can_mvs.o(i._ZN6CanMvs27identify_received_struct_idEv)
    i._ZN6CanMvs28copy_built_struct_to_destinyEv 0x080041f8   Section        0  can_mvs.o(i._ZN6CanMvs28copy_built_struct_to_destinyEv)
    i._ZN6CanMvs32is_there_any_data_id_flag_markedE13CAN_mark_type 0x08004216   Section        0  can_mvs.o(i._ZN6CanMvs32is_there_any_data_id_flag_markedE13CAN_mark_type)
    i._ZN6CanMvs32is_there_any_func_id_flag_markedE13CAN_mark_type 0x0800422a   Section        0  can_mvs.o(i._ZN6CanMvs32is_there_any_func_id_flag_markedE13CAN_mark_type)
    i._ZN6CanMvs35were_all_pending_data_packages_sentEv 0x0800423e   Section        0  can_mvs.o(i._ZN6CanMvs35were_all_pending_data_packages_sentEv)
    i._ZN6CanMvs39were_all_pending_data_packages_receivedEv 0x08004254   Section        0  can_mvs.o(i._ZN6CanMvs39were_all_pending_data_packages_receivedEv)
    i._ZN6CanMvs4initEP19__CAN_HandleTypeDef 0x0800426a   Section        0  can_mvs.o(i._ZN6CanMvs4initEP19__CAN_HandleTypeDef)
    i._ZN6CanMvsC1Ev                         0x08004282   Section        0  can_mvs.o(i._ZN6CanMvsC1Ev)
    i.__NVIC_GetPriorityGrouping             0x080042c8   Section        0  stm32f1xx_hal_cortex.o(i.__NVIC_GetPriorityGrouping)
    __NVIC_GetPriorityGrouping               0x080042c9   Thumb Code    10  stm32f1xx_hal_cortex.o(i.__NVIC_GetPriorityGrouping)
    i.__NVIC_SetPriority                     0x080042d8   Section        0  stm32f1xx_hal_cortex.o(i.__NVIC_SetPriority)
    __NVIC_SetPriority                       0x080042d9   Thumb Code    32  stm32f1xx_hal_cortex.o(i.__NVIC_SetPriority)
    i.__sti___8_main_cpp_ctrlIhm             0x08004300   Section        0  main_1.o(i.__sti___8_main_cpp_ctrlIhm)
    __sti___8_main_cpp_ctrlIhm               0x08004301   Thumb Code    10  main_1.o(i.__sti___8_main_cpp_ctrlIhm)
    i.assert_failed                          0x08004310   Section        0  main_1.o(i.assert_failed)
    i.main                                   0x08004314   Section        0  main_1.o(i.main)
    x$fpl$fadd                               0x08004358   Section      196  faddsub_clz.o(x$fpl$fadd)
    _fadd1                                   0x08004367   Thumb Code     0  faddsub_clz.o(x$fpl$fadd)
    x$fpl$fnaninf                            0x0800441c   Section      140  fnaninf.o(x$fpl$fnaninf)
    x$fpl$fretinf                            0x080044a8   Section       10  fretinf.o(x$fpl$fretinf)
    x$fpl$fsub                               0x080044b4   Section      234  faddsub_clz.o(x$fpl$fsub)
    _fsub1                                   0x080044c3   Thumb Code     0  faddsub_clz.o(x$fpl$fsub)
    .constdata                               0x0800459e   Section       24  system_stm32f1xx.o(.constdata)
    x$fpl$usenofp                            0x0800459e   Section        0  usenofp.o(x$fpl$usenofp)
    .init_array                              0x080045d8   Section        4  main_1.o(.init_array)
    .init_array                              0x080045dc   Section        0  init_aeabi.o(.init_array)
    .data                                    0x20000000   Section       10  main_1.o(.data)
    .data                                    0x2000000c   Section        9  stm32f1xx_hal.o(.data)
    .data                                    0x20000018   Section        4  system_stm32f1xx.o(.data)
    .bss                                     0x2000001c   Section      416  main_1.o(.bss)
    .bss                                     0x200001bc   Section       96  libspace.o(.bss)
    HEAP                                     0x20000220   Section      512  startup_stm32f103xb.o(HEAP)
    Heap_Mem                                 0x20000220   Data         512  startup_stm32f103xb.o(HEAP)
    STACK                                    0x20000420   Section     1024  startup_stm32f103xb.o(STACK)
    Stack_Mem                                0x20000420   Data        1024  startup_stm32f103xb.o(STACK)
    __initial_sp                             0x20000820   Data           0  startup_stm32f103xb.o(STACK)

    Global Symbols

    Symbol Name                              Value     Ov Type        Size  Object(Section)

    BuildAttributes$$THM_ISAv4$P$D$K$B$S$PE$A:L22UL41UL21$X:L11$S22US41US21$IEEE1$IW$USESV6$~STKCKD$USESV7$~SHL$OTIME$ROPI$EBA8$UX$STANDARDLIB$REQ8$PRES8$EABIv2 0x00000000   Number         0  anon$$obj.o ABSOLUTE
    __ARM_use_no_argv                        0x00000000   Number         0  main_1.o ABSOLUTE
    __ARM_exceptions_init                     - Undefined Weak Reference
    __alloca_initialize                       - Undefined Weak Reference
    __arm_preinit_                            - Undefined Weak Reference
    __cxa_finalize                            - Undefined Weak Reference
    __rt_locale                               - Undefined Weak Reference
    __sigvec_lookup                           - Undefined Weak Reference
    __user_heap_extent                        - Undefined Weak Reference
    _atexit_init                              - Undefined Weak Reference
    _call_atexit_fns                          - Undefined Weak Reference
    _clock_init                               - Undefined Weak Reference
    _fp_trap_init                             - Undefined Weak Reference
    _fp_trap_shutdown                         - Undefined Weak Reference
    _get_lc_collate                           - Undefined Weak Reference
    _get_lc_ctype                             - Undefined Weak Reference
    _get_lc_monetary                          - Undefined Weak Reference
    _get_lc_numeric                           - Undefined Weak Reference
    _get_lc_time                              - Undefined Weak Reference
    _getenv_init                              - Undefined Weak Reference
    _handle_redirection                       - Undefined Weak Reference
    _initio                                   - Undefined Weak Reference
    _mutex_acquire                            - Undefined Weak Reference
    _mutex_free                               - Undefined Weak Reference
    _mutex_release                            - Undefined Weak Reference
    _rand_init                                - Undefined Weak Reference
    _signal_finish                            - Undefined Weak Reference
    _signal_init                              - Undefined Weak Reference
    _terminateio                              - Undefined Weak Reference
    __Vectors_Size                           0x000000ec   Number         0  startup_stm32f103xb.o ABSOLUTE
    __Vectors                                0x08000000   Data           4  startup_stm32f103xb.o(RESET)
    __Vectors_End                            0x080000ec   Data           0  startup_stm32f103xb.o(RESET)
    __main                                   0x080000ed   Thumb Code     8  __main.o(!!!main)
    __scatterload                            0x080000f5   Thumb Code     0  __scatter.o(!!!scatter)
    __scatterload_rt2                        0x080000f5   Thumb Code    44  __scatter.o(!!!scatter)
    __scatterload_rt2_thumb_only             0x080000f5   Thumb Code     0  __scatter.o(!!!scatter)
    __scatterload_null                       0x08000103   Thumb Code     0  __scatter.o(!!!scatter)
    __scatterload_copy                       0x08000129   Thumb Code    26  __scatter_copy.o(!!handler_copy)
    __scatterload_zeroinit                   0x08000145   Thumb Code    28  __scatter_zi.o(!!handler_zi)
    __rt_lib_init                            0x08000161   Thumb Code     0  libinit.o(.ARM.Collect$$libinit$$00000000)
    __rt_lib_init_fp_1                       0x08000163   Thumb Code     0  libinit2.o(.ARM.Collect$$libinit$$00000002)
    __rt_lib_init_heap_2                     0x08000163   Thumb Code     0  libinit2.o(.ARM.Collect$$libinit$$00000005)
    __rt_lib_init_preinit_1                  0x08000163   Thumb Code     0  libinit2.o(.ARM.Collect$$libinit$$00000004)
    __rt_lib_init_alloca_1                   0x0800016b   Thumb Code     0  libinit2.o(.ARM.Collect$$libinit$$0000002E)
    __rt_lib_init_argv_1                     0x0800016b   Thumb Code     0  libinit2.o(.ARM.Collect$$libinit$$0000002C)
    __rt_lib_init_atexit_1                   0x0800016b   Thumb Code     0  libinit2.o(.ARM.Collect$$libinit$$0000001B)
    __rt_lib_init_clock_1                    0x0800016b   Thumb Code     0  libinit2.o(.ARM.Collect$$libinit$$00000021)
    __rt_lib_init_cpp_2                      0x0800016b   Thumb Code     0  libinit2.o(.ARM.Collect$$libinit$$00000031)
    __rt_lib_init_exceptions_1               0x0800016b   Thumb Code     0  libinit2.o(.ARM.Collect$$libinit$$00000030)
    __rt_lib_init_fp_trap_1                  0x0800016b   Thumb Code     0  libinit2.o(.ARM.Collect$$libinit$$0000001F)
    __rt_lib_init_getenv_1                   0x0800016b   Thumb Code     0  libinit2.o(.ARM.Collect$$libinit$$00000023)
    __rt_lib_init_heap_1                     0x0800016b   Thumb Code     0  libinit2.o(.ARM.Collect$$libinit$$0000000A)
    __rt_lib_init_lc_collate_1               0x0800016b   Thumb Code     0  libinit2.o(.ARM.Collect$$libinit$$00000011)
    __rt_lib_init_lc_ctype_1                 0x0800016b   Thumb Code     0  libinit2.o(.ARM.Collect$$libinit$$00000013)
    __rt_lib_init_lc_monetary_1              0x0800016b   Thumb Code     0  libinit2.o(.ARM.Collect$$libinit$$00000015)
    __rt_lib_init_lc_numeric_1               0x0800016b   Thumb Code     0  libinit2.o(.ARM.Collect$$libinit$$00000017)
    __rt_lib_init_lc_time_1                  0x0800016b   Thumb Code     0  libinit2.o(.ARM.Collect$$libinit$$00000019)
    __rt_lib_init_rand_1                     0x0800016b   Thumb Code     0  libinit2.o(.ARM.Collect$$libinit$$0000000E)
    __rt_lib_init_signal_1                   0x0800016b   Thumb Code     0  libinit2.o(.ARM.Collect$$libinit$$0000001D)
    __rt_lib_init_stdio_1                    0x0800016b   Thumb Code     0  libinit2.o(.ARM.Collect$$libinit$$00000025)
    __rt_lib_init_user_alloc_1               0x0800016b   Thumb Code     0  libinit2.o(.ARM.Collect$$libinit$$0000000C)
    __rt_lib_init_cpp_1                      0x0800016f   Thumb Code     0  libinit2.o(.ARM.Collect$$libinit$$00000032)
    __rt_lib_init_return                     0x0800016f   Thumb Code     0  libinit2.o(.ARM.Collect$$libinit$$00000033)
    __rt_lib_shutdown                        0x08000171   Thumb Code     0  libshutdown.o(.ARM.Collect$$libshutdown$$00000000)
    __rt_lib_shutdown_cpp_1                  0x08000173   Thumb Code     0  libshutdown2.o(.ARM.Collect$$libshutdown$$00000002)
    __rt_lib_shutdown_fp_trap_1              0x08000173   Thumb Code     0  libshutdown2.o(.ARM.Collect$$libshutdown$$00000007)
    __rt_lib_shutdown_heap_1                 0x08000173   Thumb Code     0  libshutdown2.o(.ARM.Collect$$libshutdown$$0000000F)
    __rt_lib_shutdown_return                 0x08000173   Thumb Code     0  libshutdown2.o(.ARM.Collect$$libshutdown$$00000010)
    __rt_lib_shutdown_signal_1               0x08000173   Thumb Code     0  libshutdown2.o(.ARM.Collect$$libshutdown$$0000000A)
    __rt_lib_shutdown_stdio_1                0x08000173   Thumb Code     0  libshutdown2.o(.ARM.Collect$$libshutdown$$00000004)
    __rt_lib_shutdown_user_alloc_1           0x08000173   Thumb Code     0  libshutdown2.o(.ARM.Collect$$libshutdown$$0000000C)
    __rt_entry                               0x08000175   Thumb Code     0  __rtentry.o(.ARM.Collect$$rtentry$$00000000)
    __rt_entry_presh_1                       0x08000175   Thumb Code     0  __rtentry2.o(.ARM.Collect$$rtentry$$00000002)
    __rt_entry_sh                            0x08000175   Thumb Code     0  __rtentry4.o(.ARM.Collect$$rtentry$$00000004)
    __rt_entry_li                            0x0800017b   Thumb Code     0  __rtentry2.o(.ARM.Collect$$rtentry$$0000000A)
    __rt_entry_postsh_1                      0x0800017b   Thumb Code     0  __rtentry2.o(.ARM.Collect$$rtentry$$00000009)
    __rt_entry_main                          0x0800017f   Thumb Code     0  __rtentry2.o(.ARM.Collect$$rtentry$$0000000D)
    __rt_entry_postli_1                      0x0800017f   Thumb Code     0  __rtentry2.o(.ARM.Collect$$rtentry$$0000000C)
    __rt_exit                                0x08000187   Thumb Code     0  rtexit.o(.ARM.Collect$$rtexit$$00000000)
    __rt_exit_ls                             0x08000189   Thumb Code     0  rtexit2.o(.ARM.Collect$$rtexit$$00000003)
    __rt_exit_prels_1                        0x08000189   Thumb Code     0  rtexit2.o(.ARM.Collect$$rtexit$$00000002)
    __rt_exit_exit                           0x0800018d   Thumb Code     0  rtexit2.o(.ARM.Collect$$rtexit$$00000004)
    Reset_Handler                            0x08000195   Thumb Code     8  startup_stm32f103xb.o(.text)
    _maybe_terminate_alloc                   0x08000195   Thumb Code     0  maybetermalloc1.o(.emb_text)
    ADC1_2_IRQHandler                        0x080001af   Thumb Code     0  startup_stm32f103xb.o(.text)
    CAN1_SCE_IRQHandler                      0x080001af   Thumb Code     0  startup_stm32f103xb.o(.text)
    DMA1_Channel1_IRQHandler                 0x080001af   Thumb Code     0  startup_stm32f103xb.o(.text)
    DMA1_Channel2_IRQHandler                 0x080001af   Thumb Code     0  startup_stm32f103xb.o(.text)
    DMA1_Channel3_IRQHandler                 0x080001af   Thumb Code     0  startup_stm32f103xb.o(.text)
    DMA1_Channel4_IRQHandler                 0x080001af   Thumb Code     0  startup_stm32f103xb.o(.text)
    DMA1_Channel5_IRQHandler                 0x080001af   Thumb Code     0  startup_stm32f103xb.o(.text)
    DMA1_Channel6_IRQHandler                 0x080001af   Thumb Code     0  startup_stm32f103xb.o(.text)
    DMA1_Channel7_IRQHandler                 0x080001af   Thumb Code     0  startup_stm32f103xb.o(.text)
    EXTI0_IRQHandler                         0x080001af   Thumb Code     0  startup_stm32f103xb.o(.text)
    EXTI15_10_IRQHandler                     0x080001af   Thumb Code     0  startup_stm32f103xb.o(.text)
    EXTI1_IRQHandler                         0x080001af   Thumb Code     0  startup_stm32f103xb.o(.text)
    EXTI2_IRQHandler                         0x080001af   Thumb Code     0  startup_stm32f103xb.o(.text)
    EXTI4_IRQHandler                         0x080001af   Thumb Code     0  startup_stm32f103xb.o(.text)
    FLASH_IRQHandler                         0x080001af   Thumb Code     0  startup_stm32f103xb.o(.text)
    I2C1_ER_IRQHandler                       0x080001af   Thumb Code     0  startup_stm32f103xb.o(.text)
    I2C1_EV_IRQHandler                       0x080001af   Thumb Code     0  startup_stm32f103xb.o(.text)
    I2C2_ER_IRQHandler                       0x080001af   Thumb Code     0  startup_stm32f103xb.o(.text)
    I2C2_EV_IRQHandler                       0x080001af   Thumb Code     0  startup_stm32f103xb.o(.text)
    PVD_IRQHandler                           0x080001af   Thumb Code     0  startup_stm32f103xb.o(.text)
    RCC_IRQHandler                           0x080001af   Thumb Code     0  startup_stm32f103xb.o(.text)
    RTC_Alarm_IRQHandler                     0x080001af   Thumb Code     0  startup_stm32f103xb.o(.text)
    RTC_IRQHandler                           0x080001af   Thumb Code     0  startup_stm32f103xb.o(.text)
    SPI1_IRQHandler                          0x080001af   Thumb Code     0  startup_stm32f103xb.o(.text)
    SPI2_IRQHandler                          0x080001af   Thumb Code     0  startup_stm32f103xb.o(.text)
    TAMPER_IRQHandler                        0x080001af   Thumb Code     0  startup_stm32f103xb.o(.text)
    TIM1_BRK_IRQHandler                      0x080001af   Thumb Code     0  startup_stm32f103xb.o(.text)
    TIM1_CC_IRQHandler                       0x080001af   Thumb Code     0  startup_stm32f103xb.o(.text)
    TIM1_TRG_COM_IRQHandler                  0x080001af   Thumb Code     0  startup_stm32f103xb.o(.text)
    TIM1_UP_IRQHandler                       0x080001af   Thumb Code     0  startup_stm32f103xb.o(.text)
    TIM3_IRQHandler                          0x080001af   Thumb Code     0  startup_stm32f103xb.o(.text)
    TIM4_IRQHandler                          0x080001af   Thumb Code     0  startup_stm32f103xb.o(.text)
    USART1_IRQHandler                        0x080001af   Thumb Code     0  startup_stm32f103xb.o(.text)
    USART2_IRQHandler                        0x080001af   Thumb Code     0  startup_stm32f103xb.o(.text)
    USART3_IRQHandler                        0x080001af   Thumb Code     0  startup_stm32f103xb.o(.text)
    USBWakeUp_IRQHandler                     0x080001af   Thumb Code     0  startup_stm32f103xb.o(.text)
    USB_HP_CAN1_TX_IRQHandler                0x080001af   Thumb Code     0  startup_stm32f103xb.o(.text)
    USB_LP_CAN1_RX0_IRQHandler               0x080001af   Thumb Code     0  startup_stm32f103xb.o(.text)
    WWDG_IRQHandler                          0x080001af   Thumb Code     0  startup_stm32f103xb.o(.text)
    __user_initial_stackheap                 0x080001b1   Thumb Code     0  startup_stm32f103xb.o(.text)
    malloc                                   0x080001d5   Thumb Code    94  h1_alloc.o(.text)
    free                                     0x08000233   Thumb Code    78  h1_free.o(.text)
    __aeabi_memcpy                           0x08000281   Thumb Code     0  rt_memcpy_v6.o(.text)
    __rt_memcpy                              0x08000281   Thumb Code   138  rt_memcpy_v6.o(.text)
    _memcpy_lastbytes                        0x080002e7   Thumb Code     0  rt_memcpy_v6.o(.text)
    __aeabi_memclr4                          0x0800030b   Thumb Code     0  rt_memclr_w.o(.text)
    __aeabi_memclr8                          0x0800030b   Thumb Code     0  rt_memclr_w.o(.text)
    __rt_memclr_w                            0x0800030b   Thumb Code    78  rt_memclr_w.o(.text)
    _memset_w                                0x0800030f   Thumb Code     0  rt_memclr_w.o(.text)
    __use_two_region_memory                  0x08000359   Thumb Code     2  heapauxi.o(.text)
    __rt_heap_escrow                         0x0800035b   Thumb Code     2  heapauxi.o(.text)
    __rt_heap_expand                         0x0800035d   Thumb Code     2  heapauxi.o(.text)
    __cpp_initialize__aeabi_                 0x08000361   Thumb Code    26  init_aeabi.o(.text)
    __rt_heap_descriptor                     0x08000385   Thumb Code     8  rt_heap_descriptor_intlibspace.o(.text)
    __use_no_heap                            0x0800038d   Thumb Code     2  hguard.o(.text)
    __heap$guard                             0x0800038f   Thumb Code     2  hguard.o(.text)
    _terminate_user_alloc                    0x08000391   Thumb Code     2  init_alloc.o(.text)
    _init_user_alloc                         0x08000393   Thumb Code     2  init_alloc.o(.text)
    __Heap_Full                              0x08000395   Thumb Code    34  init_alloc.o(.text)
    __Heap_Broken                            0x080003b7   Thumb Code     6  init_alloc.o(.text)
    _init_alloc                              0x080003bd   Thumb Code    94  init_alloc.o(.text)
    __Heap_Initialize                        0x0800041b   Thumb Code    10  h1_init.o(.text)
    __Heap_DescSize                          0x08000425   Thumb Code     4  h1_init.o(.text)
    __aeabi_memcpy4                          0x08000429   Thumb Code     0  rt_memcpy_w.o(.text)
    __aeabi_memcpy8                          0x08000429   Thumb Code     0  rt_memcpy_w.o(.text)
    __rt_memcpy_w                            0x08000429   Thumb Code   100  rt_memcpy_w.o(.text)
    _memcpy_lastbytes_aligned                0x08000471   Thumb Code     0  rt_memcpy_w.o(.text)
    __user_libspace                          0x0800048d   Thumb Code     8  libspace.o(.text)
    __user_perproc_libspace                  0x0800048d   Thumb Code     0  libspace.o(.text)
    __user_perthread_libspace                0x0800048d   Thumb Code     0  libspace.o(.text)
    __Heap_ProvideMemory                     0x08000495   Thumb Code    52  h1_extend.o(.text)
    __rt_SIGRTMEM                            0x080004c9   Thumb Code    14  defsig_rtmem_outer.o(.text)
    __I$use$semihosting                      0x080004d7   Thumb Code     0  use_no_semi.o(.text)
    __use_no_semihosting_swi                 0x080004d7   Thumb Code     2  use_no_semi.o(.text)
    __semihosting_library_function           0x080004d9   Thumb Code     0  indicate_semi.o(.text)
    __user_setup_stackheap                   0x080004d9   Thumb Code    74  sys_stackheap_outer.o(.text)
    exit                                     0x08000523   Thumb Code    18  exit.o(.text)
    __sig_exit                               0x08000535   Thumb Code    10  defsig_exit.o(.text)
    __rt_SIGRTMEM_inner                      0x08000541   Thumb Code    22  defsig_rtmem_inner.o(.text)
    _sys_exit                                0x08000591   Thumb Code     8  sys_exit.o(.text)
    __default_signal_display                 0x0800059d   Thumb Code    50  defsig_general.o(.text)
    _ttywrch                                 0x080005cf   Thumb Code    14  sys_wrch.o(.text)
    BusFault_Handler                         0x080005dd   Thumb Code     4  stm32f1xx_it.o(i.BusFault_Handler)
    CAN1_RX1_IRQHandler                      0x080005e1   Thumb Code    10  stm32f1xx_it.o(i.CAN1_RX1_IRQHandler)
    DebugMon_Handler                         0x080005f1   Thumb Code     2  stm32f1xx_it.o(i.DebugMon_Handler)
    EXTI3_IRQHandler                         0x080005f3   Thumb Code    10  stm32f1xx_it.o(i.EXTI3_IRQHandler)
    EXTI9_5_IRQHandler                       0x080005fd   Thumb Code    10  stm32f1xx_it.o(i.EXTI9_5_IRQHandler)
    Error_Handler                            0x08000607   Thumb Code     6  main_1.o(i.Error_Handler)
    HAL_CAN_ActivateNotification             0x0800060d   Thumb Code    62  stm32f1xx_hal_can.o(i.HAL_CAN_ActivateNotification)
    HAL_CAN_AddTxMessage                     0x08000689   Thumb Code   436  stm32f1xx_hal_can.o(i.HAL_CAN_AddTxMessage)
    HAL_CAN_ConfigFilter                     0x08000875   Thumb Code   462  stm32f1xx_hal_can.o(i.HAL_CAN_ConfigFilter)
    HAL_CAN_DeactivateNotification           0x08000a7d   Thumb Code    62  stm32f1xx_hal_can.o(i.HAL_CAN_DeactivateNotification)
    HAL_CAN_ErrorCallback                    0x08000af9   Thumb Code     2  stm32f1xx_hal_can.o(i.HAL_CAN_ErrorCallback)
    HAL_CAN_GetRxMessage                     0x08000afd   Thumb Code   410  stm32f1xx_hal_can.o(i.HAL_CAN_GetRxMessage)
    HAL_CAN_IRQHandler                       0x08000cd1   Thumb Code   590  stm32f1xx_hal_can.o(i.HAL_CAN_IRQHandler)
    HAL_CAN_Init                             0x08000f21   Thumb Code   836  stm32f1xx_hal_can.o(i.HAL_CAN_Init)
    HAL_CAN_IsTxMessagePending               0x080012a1   Thumb Code    60  stm32f1xx_hal_can.o(i.HAL_CAN_IsTxMessagePending)
    HAL_CAN_MspInit                          0x08001315   Thumb Code   160  stm32f1xx_hal_msp.o(i.HAL_CAN_MspInit)
    HAL_CAN_RxFifo0FullCallback              0x080013c5   Thumb Code     2  stm32f1xx_hal_can.o(i.HAL_CAN_RxFifo0FullCallback)
    HAL_CAN_RxFifo0MsgPendingCallback        0x080013c7   Thumb Code     2  stm32f1xx_hal_can.o(i.HAL_CAN_RxFifo0MsgPendingCallback)
    HAL_CAN_RxFifo1FullCallback              0x080013c9   Thumb Code     2  stm32f1xx_hal_can.o(i.HAL_CAN_RxFifo1FullCallback)
    HAL_CAN_RxFifo1MsgPendingCallback        0x080013cd   Thumb Code    32  main_1.o(i.HAL_CAN_RxFifo1MsgPendingCallback)
    HAL_CAN_SleepCallback                    0x080013f9   Thumb Code     2  stm32f1xx_hal_can.o(i.HAL_CAN_SleepCallback)
    HAL_CAN_Start                            0x080013fb   Thumb Code    94  stm32f1xx_hal_can.o(i.HAL_CAN_Start)
    HAL_CAN_TxMailbox0AbortCallback          0x08001459   Thumb Code     2  stm32f1xx_hal_can.o(i.HAL_CAN_TxMailbox0AbortCallback)
    HAL_CAN_TxMailbox0CompleteCallback       0x0800145b   Thumb Code     2  stm32f1xx_hal_can.o(i.HAL_CAN_TxMailbox0CompleteCallback)
    HAL_CAN_TxMailbox1AbortCallback          0x0800145d   Thumb Code     2  stm32f1xx_hal_can.o(i.HAL_CAN_TxMailbox1AbortCallback)
    HAL_CAN_TxMailbox1CompleteCallback       0x0800145f   Thumb Code     2  stm32f1xx_hal_can.o(i.HAL_CAN_TxMailbox1CompleteCallback)
    HAL_CAN_TxMailbox2AbortCallback          0x08001461   Thumb Code     2  stm32f1xx_hal_can.o(i.HAL_CAN_TxMailbox2AbortCallback)
    HAL_CAN_TxMailbox2CompleteCallback       0x08001463   Thumb Code     2  stm32f1xx_hal_can.o(i.HAL_CAN_TxMailbox2CompleteCallback)
    HAL_CAN_WakeUpFromRxMsgCallback          0x08001465   Thumb Code     2  stm32f1xx_hal_can.o(i.HAL_CAN_WakeUpFromRxMsgCallback)
    HAL_CRC_Init                             0x08001469   Thumb Code    50  stm32f1xx_hal_crc.o(i.HAL_CRC_Init)
    HAL_CRC_MspInit                          0x080014d9   Thumb Code    40  stm32f1xx_hal_msp.o(i.HAL_CRC_MspInit)
    HAL_GPIO_EXTI_Callback                   0x08001509   Thumb Code    24  main_1.o(i.HAL_GPIO_EXTI_Callback)
    HAL_GPIO_EXTI_IRQHandler                 0x08001525   Thumb Code    24  stm32f1xx_hal_gpio.o(i.HAL_GPIO_EXTI_IRQHandler)
    HAL_GPIO_Init                            0x08001541   Thumb Code   892  stm32f1xx_hal_gpio.o(i.HAL_GPIO_Init)
    HAL_GPIO_TogglePin                       0x08001931   Thumb Code    46  stm32f1xx_hal_gpio.o(i.HAL_GPIO_TogglePin)
    HAL_GPIO_WritePin                        0x0800199d   Thumb Code    60  stm32f1xx_hal_gpio.o(i.HAL_GPIO_WritePin)
    HAL_GetTick                              0x08001a15   Thumb Code     6  stm32f1xx_hal.o(i.HAL_GetTick)
    HAL_I2C_Init                             0x08001a21   Thumb Code   656  stm32f1xx_hal_i2c.o(i.HAL_I2C_Init)
    HAL_I2C_MspInit                          0x08001d05   Thumb Code   104  stm32f1xx_hal_msp.o(i.HAL_I2C_MspInit)
    HAL_IncTick                              0x08001d79   Thumb Code    16  stm32f1xx_hal.o(i.HAL_IncTick)
    HAL_Init                                 0x08001d91   Thumb Code    34  stm32f1xx_hal.o(i.HAL_Init)
    HAL_InitTick                             0x08001db9   Thumb Code    64  stm32f1xx_hal.o(i.HAL_InitTick)
    HAL_MspInit                              0x08001e05   Thumb Code    76  stm32f1xx_hal_msp.o(i.HAL_MspInit)
    HAL_NVIC_EnableIRQ                       0x08001e59   Thumb Code    48  stm32f1xx_hal_cortex.o(i.HAL_NVIC_EnableIRQ)
    HAL_NVIC_SetPriority                     0x08001ec5   Thumb Code   152  stm32f1xx_hal_cortex.o(i.HAL_NVIC_SetPriority)
    HAL_NVIC_SetPriorityGrouping             0x08001f99   Thumb Code    66  stm32f1xx_hal_cortex.o(i.HAL_NVIC_SetPriorityGrouping)
    HAL_RCC_ClockConfig                      0x08002021   Thumb Code   636  stm32f1xx_hal_rcc.o(i.HAL_RCC_ClockConfig)
    HAL_RCC_GetHCLKFreq                      0x080022e9   Thumb Code     6  stm32f1xx_hal_rcc.o(i.HAL_RCC_GetHCLKFreq)
    HAL_RCC_GetPCLK1Freq                     0x080022f5   Thumb Code    22  stm32f1xx_hal_rcc.o(i.HAL_RCC_GetPCLK1Freq)
    HAL_RCC_GetPCLK2Freq                     0x08002315   Thumb Code    22  stm32f1xx_hal_rcc.o(i.HAL_RCC_GetPCLK2Freq)
    HAL_RCC_GetSysClockFreq                  0x08002335   Thumb Code   116  stm32f1xx_hal_rcc.o(i.HAL_RCC_GetSysClockFreq)
    HAL_RCC_OscConfig                        0x080023c9   Thumb Code  1564  stm32f1xx_hal_rcc.o(i.HAL_RCC_OscConfig)
    HAL_SYSTICK_Config                       0x080029ed   Thumb Code    52  stm32f1xx_hal_cortex.o(i.HAL_SYSTICK_Config)
    HAL_TIMEx_BreakCallback                  0x08002a21   Thumb Code     2  stm32f1xx_hal_tim_ex.o(i.HAL_TIMEx_BreakCallback)
    HAL_TIMEx_CommutCallback                 0x08002a23   Thumb Code     2  stm32f1xx_hal_tim_ex.o(i.HAL_TIMEx_CommutCallback)
    HAL_TIMEx_MasterConfigSynchronization    0x08002a25   Thumb Code   246  stm32f1xx_hal_tim_ex.o(i.HAL_TIMEx_MasterConfigSynchronization)
    HAL_TIM_Base_Init                        0x08002b65   Thumb Code   240  stm32f1xx_hal_tim.o(i.HAL_TIM_Base_Init)
    HAL_TIM_Base_MspInit                     0x08002c99   Thumb Code    58  stm32f1xx_hal_msp.o(i.HAL_TIM_Base_MspInit)
    HAL_TIM_Base_Start_IT                    0x08002cd9   Thumb Code   152  stm32f1xx_hal_tim.o(i.HAL_TIM_Base_Start_IT)
    HAL_TIM_ConfigClockSource                0x08002db5   Thumb Code  1028  stm32f1xx_hal_tim.o(i.HAL_TIM_ConfigClockSource)
    HAL_TIM_IC_CaptureCallback               0x080031fd   Thumb Code     2  stm32f1xx_hal_tim.o(i.HAL_TIM_IC_CaptureCallback)
    HAL_TIM_IRQHandler                       0x080031ff   Thumb Code   406  stm32f1xx_hal_tim.o(i.HAL_TIM_IRQHandler)
    HAL_TIM_OC_DelayElapsedCallback          0x08003395   Thumb Code     2  stm32f1xx_hal_tim.o(i.HAL_TIM_OC_DelayElapsedCallback)
    HAL_TIM_PWM_PulseFinishedCallback        0x08003397   Thumb Code     2  stm32f1xx_hal_tim.o(i.HAL_TIM_PWM_PulseFinishedCallback)
    HAL_TIM_PeriodElapsedCallback            0x08003399   Thumb Code    18  main_1.o(i.HAL_TIM_PeriodElapsedCallback)
    HAL_TIM_TriggerCallback                  0x080033b5   Thumb Code     2  stm32f1xx_hal_tim.o(i.HAL_TIM_TriggerCallback)
    HAL_UART_Init                            0x080033b9   Thumb Code   250  stm32f1xx_hal_uart.o(i.HAL_UART_Init)
    HAL_UART_MspInit                         0x080034fd   Thumb Code   122  stm32f1xx_hal_msp.o(i.HAL_UART_MspInit)
    HardFault_Handler                        0x08003585   Thumb Code     4  stm32f1xx_it.o(i.HardFault_Handler)
    MemManage_Handler                        0x08003589   Thumb Code     4  stm32f1xx_it.o(i.MemManage_Handler)
    NMI_Handler                              0x0800358d   Thumb Code     4  stm32f1xx_it.o(i.NMI_Handler)
    PendSV_Handler                           0x08003591   Thumb Code     2  stm32f1xx_it.o(i.PendSV_Handler)
    SVC_Handler                              0x080035bd   Thumb Code     2  stm32f1xx_it.o(i.SVC_Handler)
    SysTick_Handler                          0x080035bf   Thumb Code     8  stm32f1xx_it.o(i.SysTick_Handler)
    SystemInit                               0x080035c7   Thumb Code     2  system_stm32f1xx.o(i.SystemInit)
    TIM2_IRQHandler                          0x080035c9   Thumb Code    10  stm32f1xx_it.o(i.TIM2_IRQHandler)
    TIM_Base_SetConfig                       0x080035d9   Thumb Code   104  stm32f1xx_hal_tim.o(i.TIM_Base_SetConfig)
    TIM_ETR_SetConfig                        0x0800364d   Thumb Code    22  stm32f1xx_hal_tim.o(i.TIM_ETR_SetConfig)
    UsageFault_Handler                       0x0800386d   Thumb Code     4  stm32f1xx_it.o(i.UsageFault_Handler)
    SystemClock_Config()                     0x08003ad5   Thumb Code   102  main_1.o(i._Z18SystemClock_Configv)
    ControlIhm::main_program()               0x08003b75   Thumb Code    18  control_ihm.o(i._ZN10ControlIhm12main_programEv)
    ControlIhm::timer_2_callback()           0x08003b87   Thumb Code    20  control_ihm.o(i._ZN10ControlIhm16timer_2_callbackEv)
    ControlIhm::process_read_button()        0x08003b9b   Thumb Code   126  control_ihm.o(i._ZN10ControlIhm19process_read_buttonEv)
    ControlIhm::gpio_button_callback(buttons) 0x08003c19   Thumb Code    18  control_ihm.o(i._ZN10ControlIhm20gpio_button_callbackE7buttons)
    ControlIhm::can_data_sync_program()      0x08003c2b   Thumb Code   154  control_ihm.o(i._ZN10ControlIhm21can_data_sync_programEv)
    ControlIhm::can_receive_data_callback()  0x08003cc5   Thumb Code    12  control_ihm.o(i._ZN10ControlIhm25can_receive_data_callbackEv)
    ControlIhm::get_next_data_id_to_be_sent() 0x08003cd1   Thumb Code    36  control_ihm.o(i._ZN10ControlIhm27get_next_data_id_to_be_sentEv)
    ControlIhm::get_next_func_id_to_be_exec() 0x08003cf5   Thumb Code    36  control_ihm.o(i._ZN10ControlIhm27get_next_func_id_to_be_execEv)
    ControlIhm::init(__CAN_HandleTypeDef*)   0x08003d19   Thumb Code    80  control_ihm.o(i._ZN10ControlIhm4initEP19__CAN_HandleTypeDef)
    ControlIhm::ControlIhm()                 0x08003d69   Thumb Code    28  control_ihm.o(i._ZN10ControlIhmC1Ev)
    ControlIhm::ControlIhm__sub_object()     0x08003d69   Thumb Code     0  control_ihm.o(i._ZN10ControlIhmC1Ev)
    CanMvs::send_package()                   0x08003d85   Thumb Code    30  can_mvs.o(i._ZN6CanMvs12send_packageEv)
    CanMvs::is_HAL_CAN_busy()                0x08003da3   Thumb Code    22  can_mvs.o(i._ZN6CanMvs15is_HAL_CAN_busyEv)
    CanMvs::start_receiving(CAN_MVS_data_id) 0x08003db9   Thumb Code    70  can_mvs.o(i._ZN6CanMvs15start_receivingE15CAN_MVS_data_id)
    CanMvs::mark_data_id_flag(CAN_mark_type, CAN_MVS_data_id) 0x08003dff   Thumb Code    26  can_mvs.o(i._ZN6CanMvs17mark_data_id_flagE13CAN_mark_type15CAN_MVS_data_id)
    CanMvs::mark_func_id_flag(CAN_mark_type, CAN_MVS_functions_id) 0x08003e19   Thumb Code    26  can_mvs.o(i._ZN6CanMvs17mark_func_id_flagE13CAN_mark_type20CAN_MVS_functions_id)
    CanMvs::is_struct_id_valid(CAN_MVS_data_id) 0x08003e33   Thumb Code    20  can_mvs.o(i._ZN6CanMvs18is_struct_id_validE15CAN_MVS_data_id)
    CanMvs::start_shipping_data(CAN_MVS_data_id) 0x08003e47   Thumb Code   112  can_mvs.o(i._ZN6CanMvs19start_shipping_dataE15CAN_MVS_data_id)
    CanMvs::unmark_data_id_flag(CAN_mark_type, CAN_MVS_data_id) 0x08003eb7   Thumb Code    28  can_mvs.o(i._ZN6CanMvs19unmark_data_id_flagE13CAN_mark_type15CAN_MVS_data_id)
    CanMvs::unmark_func_id_flag(CAN_mark_type, CAN_MVS_functions_id) 0x08003ed3   Thumb Code    28  can_mvs.o(i._ZN6CanMvs19unmark_func_id_flagE13CAN_mark_type20CAN_MVS_functions_id)
    CanMvs::connect_struct_to_id(CAN_MVS_data_id, unsigned char*, unsigned char) 0x08003eef   Thumb Code    42  can_mvs.o(i._ZN6CanMvs20connect_struct_to_idE15CAN_MVS_data_idPhh)
    CanMvs::shipping_application()           0x08003f19   Thumb Code   174  can_mvs.o(i._ZN6CanMvs20shipping_applicationEv)
    CanMvs::receive_data_callback()          0x08003fc7   Thumb Code    44  can_mvs.o(i._ZN6CanMvs21receive_data_callbackEv)
    CanMvs::set_package_data_type(CAN_data_type) 0x08003ff3   Thumb Code     6  can_mvs.o(i._ZN6CanMvs21set_package_data_typeE13CAN_data_type)
    CanMvs::set_package_struct_id(CAN_MVS_data_id) 0x08003ff9   Thumb Code     6  can_mvs.o(i._ZN6CanMvs21set_package_struct_idE15CAN_MVS_data_id)
    CanMvs::am_i_receiving_this_id(CAN_MVS_data_id) 0x08003fff   Thumb Code    30  can_mvs.o(i._ZN6CanMvs22am_i_receiving_this_idE15CAN_MVS_data_id)
    CanMvs::is_data_id_flag_marked(CAN_mark_type, CAN_MVS_data_id) 0x0800401d   Thumb Code    28  can_mvs.o(i._ZN6CanMvs22is_data_id_flag_markedE13CAN_mark_type15CAN_MVS_data_id)
    CanMvs::is_func_id_flag_marked(CAN_mark_type, CAN_MVS_functions_id) 0x08004039   Thumb Code    28  can_mvs.o(i._ZN6CanMvs22is_func_id_flag_markedE13CAN_mark_type20CAN_MVS_functions_id)
    CanMvs::unload_received_package()        0x08004055   Thumb Code    64  can_mvs.o(i._ZN6CanMvs23unload_received_packageEv)
    CanMvs::callback_set_asked_flags(CAN_data_type) 0x08004095   Thumb Code    50  can_mvs.o(i._ZN6CanMvs24callback_set_asked_flagsE13CAN_data_type)
    CanMvs::clear_pending_data_flags(CAN_mark_type) 0x080040c7   Thumb Code    12  can_mvs.o(i._ZN6CanMvs24clear_pending_data_flagsE13CAN_mark_type)
    CanMvs::clear_pending_func_flags(CAN_mark_type) 0x080040d3   Thumb Code    12  can_mvs.o(i._ZN6CanMvs24clear_pending_func_flagsE13CAN_mark_type)
    CanMvs::process_received_package()       0x080040df   Thumb Code    86  can_mvs.o(i._ZN6CanMvs24process_received_packageEv)
    CanMvs::prepare_package_to_be_send(CAN_data_type) 0x08004135   Thumb Code   180  can_mvs.o(i._ZN6CanMvs26prepare_package_to_be_sendE13CAN_data_type)
    CanMvs::identify_received_data_type()    0x080041e9   Thumb Code     8  can_mvs.o(i._ZN6CanMvs27identify_received_data_typeEv)
    CanMvs::identify_received_struct_id()    0x080041f1   Thumb Code     8  can_mvs.o(i._ZN6CanMvs27identify_received_struct_idEv)
    CanMvs::copy_built_struct_to_destiny()   0x080041f9   Thumb Code    30  can_mvs.o(i._ZN6CanMvs28copy_built_struct_to_destinyEv)
    CanMvs::is_there_any_data_id_flag_marked(CAN_mark_type) 0x08004217   Thumb Code    20  can_mvs.o(i._ZN6CanMvs32is_there_any_data_id_flag_markedE13CAN_mark_type)
    CanMvs::is_there_any_func_id_flag_marked(CAN_mark_type) 0x0800422b   Thumb Code    20  can_mvs.o(i._ZN6CanMvs32is_there_any_func_id_flag_markedE13CAN_mark_type)
    CanMvs::were_all_pending_data_packages_sent() 0x0800423f   Thumb Code    22  can_mvs.o(i._ZN6CanMvs35were_all_pending_data_packages_sentEv)
    CanMvs::were_all_pending_data_packages_received() 0x08004255   Thumb Code    22  can_mvs.o(i._ZN6CanMvs39were_all_pending_data_packages_receivedEv)
    CanMvs::init(__CAN_HandleTypeDef*)       0x0800426b   Thumb Code    24  can_mvs.o(i._ZN6CanMvs4initEP19__CAN_HandleTypeDef)
    CanMvs::CanMvs()                         0x08004283   Thumb Code    68  can_mvs.o(i._ZN6CanMvsC1Ev)
    CanMvs::CanMvs__sub_object()             0x08004283   Thumb Code     0  can_mvs.o(i._ZN6CanMvsC1Ev)
    assert_failed                            0x08004311   Thumb Code     2  main_1.o(i.assert_failed)
    main                                     0x08004315   Thumb Code    56  main_1.o(i.main)
    __aeabi_fadd                             0x08004359   Thumb Code     0  faddsub_clz.o(x$fpl$fadd)
    _fadd                                    0x08004359   Thumb Code   196  faddsub_clz.o(x$fpl$fadd)
    __fpl_fnaninf                            0x0800441d   Thumb Code   140  fnaninf.o(x$fpl$fnaninf)
    __fpl_fretinf                            0x080044a9   Thumb Code    10  fretinf.o(x$fpl$fretinf)
    __aeabi_fsub                             0x080044b5   Thumb Code     0  faddsub_clz.o(x$fpl$fsub)
    _fsub                                    0x080044b5   Thumb Code   234  faddsub_clz.o(x$fpl$fsub)
    AHBPrescTable                            0x0800459e   Data          16  system_stm32f1xx.o(.constdata)
    __I$use$fp                               0x0800459e   Number         0  usenofp.o(x$fpl$usenofp)
    APBPrescTable                            0x080045ae   Data           8  system_stm32f1xx.o(.constdata)
    Region$$Table$$Base                      0x080045b8   Number         0  anon$$obj.o(Region$$Table)
    Region$$Table$$Limit                     0x080045d8   Number         0  anon$$obj.o(Region$$Table)
    SHT$$INIT_ARRAY$$Base                    0x080045d8   Number         0  main_1.o(.init_array)
    SHT$$INIT_ARRAY$$Limit                   0x080045dc   Number         0  init_aeabi.o(.init_array)
    hcrc                                     0x20000000   Data           8  main_1.o(.data)
    count_callback                           0x20000008   Data           2  main_1.o(.data)
    uwTick                                   0x2000000c   Data           4  stm32f1xx_hal.o(.data)
    uwTickPrio                               0x20000010   Data           4  stm32f1xx_hal.o(.data)
    uwTickFreq                               0x20000014   Data           1  stm32f1xx_hal.o(.data)
    SystemCoreClock                          0x20000018   Data           4  system_stm32f1xx.o(.data)
    hcan                                     0x2000001c   Data          40  main_1.o(.bss)
    hi2c1                                    0x20000044   Data          84  main_1.o(.bss)
    htim2                                    0x20000098   Data          72  main_1.o(.bss)
    huart1                                   0x200000e0   Data          68  main_1.o(.bss)
    ctrlIhm                                  0x20000124   Data         152  main_1.o(.bss)
    __libspace_start                         0x200001bc   Data          96  libspace.o(.bss)
    __temporary_stack_top$libspace           0x2000021c   Data           0  libspace.o(.bss)



==============================================================================

Memory Map of the image

  Image Entry point : 0x080000ed

  Load Region LR_IROM1 (Base: 0x08000000, Size: 0x000045f8, Max: 0x00010000, ABSOLUTE)

    Execution Region ER_IROM1 (Exec base: 0x08000000, Load base: 0x08000000, Size: 0x000045dc, Max: 0x00010000, ABSOLUTE)

    Exec Addr    Load Addr    Size         Type   Attr      Idx    E Section Name        Object

    0x08000000   0x08000000   0x000000ec   Data   RO            3    RESET               startup_stm32f103xb.o
    0x080000ec   0x080000ec   0x00000008   Code   RO         4085  * !!!main             c_w.l(__main.o)
    0x080000f4   0x080000f4   0x00000034   Code   RO         4305    !!!scatter          c_w.l(__scatter.o)
    0x08000128   0x08000128   0x0000001a   Code   RO         4307    !!handler_copy      c_w.l(__scatter_copy.o)
    0x08000142   0x08000142   0x00000002   PAD
    0x08000144   0x08000144   0x0000001c   Code   RO         4309    !!handler_zi        c_w.l(__scatter_zi.o)
    0x08000160   0x08000160   0x00000002   Code   RO         4244    .ARM.Collect$$libinit$$00000000  c_w.l(libinit.o)
    0x08000162   0x08000162   0x00000000   Code   RO         4132    .ARM.Collect$$libinit$$00000002  c_w.l(libinit2.o)
    0x08000162   0x08000162   0x00000000   Code   RO         4134    .ARM.Collect$$libinit$$00000004  c_w.l(libinit2.o)
    0x08000162   0x08000162   0x00000008   Code   RO         4135    .ARM.Collect$$libinit$$00000005  c_w.l(libinit2.o)
    0x0800016a   0x0800016a   0x00000000   Code   RO         4137    .ARM.Collect$$libinit$$0000000A  c_w.l(libinit2.o)
    0x0800016a   0x0800016a   0x00000000   Code   RO         4139    .ARM.Collect$$libinit$$0000000C  c_w.l(libinit2.o)
    0x0800016a   0x0800016a   0x00000000   Code   RO         4141    .ARM.Collect$$libinit$$0000000E  c_w.l(libinit2.o)
    0x0800016a   0x0800016a   0x00000000   Code   RO         4144    .ARM.Collect$$libinit$$00000011  c_w.l(libinit2.o)
    0x0800016a   0x0800016a   0x00000000   Code   RO         4146    .ARM.Collect$$libinit$$00000013  c_w.l(libinit2.o)
    0x0800016a   0x0800016a   0x00000000   Code   RO         4148    .ARM.Collect$$libinit$$00000015  c_w.l(libinit2.o)
    0x0800016a   0x0800016a   0x00000000   Code   RO         4150    .ARM.Collect$$libinit$$00000017  c_w.l(libinit2.o)
    0x0800016a   0x0800016a   0x00000000   Code   RO         4152    .ARM.Collect$$libinit$$00000019  c_w.l(libinit2.o)
    0x0800016a   0x0800016a   0x00000000   Code   RO         4154    .ARM.Collect$$libinit$$0000001B  c_w.l(libinit2.o)
    0x0800016a   0x0800016a   0x00000000   Code   RO         4156    .ARM.Collect$$libinit$$0000001D  c_w.l(libinit2.o)
    0x0800016a   0x0800016a   0x00000000   Code   RO         4158    .ARM.Collect$$libinit$$0000001F  c_w.l(libinit2.o)
    0x0800016a   0x0800016a   0x00000000   Code   RO         4160    .ARM.Collect$$libinit$$00000021  c_w.l(libinit2.o)
    0x0800016a   0x0800016a   0x00000000   Code   RO         4162    .ARM.Collect$$libinit$$00000023  c_w.l(libinit2.o)
    0x0800016a   0x0800016a   0x00000000   Code   RO         4164    .ARM.Collect$$libinit$$00000025  c_w.l(libinit2.o)
    0x0800016a   0x0800016a   0x00000000   Code   RO         4168    .ARM.Collect$$libinit$$0000002C  c_w.l(libinit2.o)
    0x0800016a   0x0800016a   0x00000000   Code   RO         4170    .ARM.Collect$$libinit$$0000002E  c_w.l(libinit2.o)
    0x0800016a   0x0800016a   0x00000000   Code   RO         4172    .ARM.Collect$$libinit$$00000030  c_w.l(libinit2.o)
    0x0800016a   0x0800016a   0x00000004   Code   RO         4173    .ARM.Collect$$libinit$$00000031  c_w.l(libinit2.o)
    0x0800016e   0x0800016e   0x00000000   Code   RO         4174    .ARM.Collect$$libinit$$00000032  c_w.l(libinit2.o)
    0x0800016e   0x0800016e   0x00000002   Code   RO         4175    .ARM.Collect$$libinit$$00000033  c_w.l(libinit2.o)
    0x08000170   0x08000170   0x00000002   Code   RO         4302    .ARM.Collect$$libshutdown$$00000000  c_w.l(libshutdown.o)
    0x08000172   0x08000172   0x00000000   Code   RO         4258    .ARM.Collect$$libshutdown$$00000002  c_w.l(libshutdown2.o)
    0x08000172   0x08000172   0x00000000   Code   RO         4260    .ARM.Collect$$libshutdown$$00000004  c_w.l(libshutdown2.o)
    0x08000172   0x08000172   0x00000000   Code   RO         4263    .ARM.Collect$$libshutdown$$00000007  c_w.l(libshutdown2.o)
    0x08000172   0x08000172   0x00000000   Code   RO         4266    .ARM.Collect$$libshutdown$$0000000A  c_w.l(libshutdown2.o)
    0x08000172   0x08000172   0x00000000   Code   RO         4268    .ARM.Collect$$libshutdown$$0000000C  c_w.l(libshutdown2.o)
    0x08000172   0x08000172   0x00000000   Code   RO         4271    .ARM.Collect$$libshutdown$$0000000F  c_w.l(libshutdown2.o)
    0x08000172   0x08000172   0x00000002   Code   RO         4272    .ARM.Collect$$libshutdown$$00000010  c_w.l(libshutdown2.o)
    0x08000174   0x08000174   0x00000000   Code   RO         4101    .ARM.Collect$$rtentry$$00000000  c_w.l(__rtentry.o)
    0x08000174   0x08000174   0x00000000   Code   RO         4187    .ARM.Collect$$rtentry$$00000002  c_w.l(__rtentry2.o)
    0x08000174   0x08000174   0x00000006   Code   RO         4199    .ARM.Collect$$rtentry$$00000004  c_w.l(__rtentry4.o)
    0x0800017a   0x0800017a   0x00000000   Code   RO         4189    .ARM.Collect$$rtentry$$00000009  c_w.l(__rtentry2.o)
    0x0800017a   0x0800017a   0x00000004   Code   RO         4190    .ARM.Collect$$rtentry$$0000000A  c_w.l(__rtentry2.o)
    0x0800017e   0x0800017e   0x00000000   Code   RO         4192    .ARM.Collect$$rtentry$$0000000C  c_w.l(__rtentry2.o)
    0x0800017e   0x0800017e   0x00000008   Code   RO         4193    .ARM.Collect$$rtentry$$0000000D  c_w.l(__rtentry2.o)
    0x08000186   0x08000186   0x00000002   Code   RO         4247    .ARM.Collect$$rtexit$$00000000  c_w.l(rtexit.o)
    0x08000188   0x08000188   0x00000000   Code   RO         4276    .ARM.Collect$$rtexit$$00000002  c_w.l(rtexit2.o)
    0x08000188   0x08000188   0x00000004   Code   RO         4277    .ARM.Collect$$rtexit$$00000003  c_w.l(rtexit2.o)
    0x0800018c   0x0800018c   0x00000006   Code   RO         4278    .ARM.Collect$$rtexit$$00000004  c_w.l(rtexit2.o)
    0x08000192   0x08000192   0x00000002   PAD
    0x08000194   0x08000194   0x00000000   Code   RO         4203    .emb_text           c_w.l(maybetermalloc1.o)
    0x08000194   0x08000194   0x00000040   Code   RO            4    .text               startup_stm32f103xb.o
    0x080001d4   0x080001d4   0x0000005e   Code   RO         4019    .text               c_w.l(h1_alloc.o)
    0x08000232   0x08000232   0x0000004e   Code   RO         4021    .text               c_w.l(h1_free.o)
    0x08000280   0x08000280   0x0000008a   Code   RO         4079    .text               c_w.l(rt_memcpy_v6.o)
    0x0800030a   0x0800030a   0x0000004e   Code   RO         4081    .text               c_w.l(rt_memclr_w.o)
    0x08000358   0x08000358   0x00000006   Code   RO         4083    .text               c_w.l(heapauxi.o)
    0x0800035e   0x0800035e   0x00000002   PAD
    0x08000360   0x08000360   0x00000024   Code   RO         4090    .text               c_w.l(init_aeabi.o)
    0x08000384   0x08000384   0x00000008   Code   RO         4105    .text               c_w.l(rt_heap_descriptor_intlibspace.o)
    0x0800038c   0x0800038c   0x00000004   Code   RO         4107    .text               c_w.l(hguard.o)
    0x08000390   0x08000390   0x0000008a   Code   RO         4109    .text               c_w.l(init_alloc.o)
    0x0800041a   0x0800041a   0x0000000e   Code   RO         4113    .text               c_w.l(h1_init.o)
    0x08000428   0x08000428   0x00000064   Code   RO         4127    .text               c_w.l(rt_memcpy_w.o)
    0x0800048c   0x0800048c   0x00000008   Code   RO         4183    .text               c_w.l(libspace.o)
    0x08000494   0x08000494   0x00000034   Code   RO         4205    .text               c_w.l(h1_extend.o)
    0x080004c8   0x080004c8   0x0000000e   Code   RO         4209    .text               c_w.l(defsig_rtmem_outer.o)
    0x080004d6   0x080004d6   0x00000002   Code   RO         4220    .text               c_w.l(use_no_semi.o)
    0x080004d8   0x080004d8   0x00000000   Code   RO         4222    .text               c_w.l(indicate_semi.o)
    0x080004d8   0x080004d8   0x0000004a   Code   RO         4223    .text               c_w.l(sys_stackheap_outer.o)
    0x08000522   0x08000522   0x00000012   Code   RO         4229    .text               c_w.l(exit.o)
    0x08000534   0x08000534   0x0000000a   Code   RO         4231    .text               c_w.l(defsig_exit.o)
    0x0800053e   0x0800053e   0x00000002   PAD
    0x08000540   0x08000540   0x00000050   Code   RO         4233    .text               c_w.l(defsig_rtmem_inner.o)
    0x08000590   0x08000590   0x0000000c   Code   RO         4245    .text               c_w.l(sys_exit.o)
    0x0800059c   0x0800059c   0x00000032   Code   RO         4255    .text               c_w.l(defsig_general.o)
    0x080005ce   0x080005ce   0x0000000e   Code   RO         4273    .text               c_w.l(sys_wrch.o)
    0x080005dc   0x080005dc   0x00000004   Code   RO          237    i.BusFault_Handler  stm32f1xx_it.o
    0x080005e0   0x080005e0   0x00000010   Code   RO          238    i.CAN1_RX1_IRQHandler  stm32f1xx_it.o
    0x080005f0   0x080005f0   0x00000002   Code   RO          239    i.DebugMon_Handler  stm32f1xx_it.o
    0x080005f2   0x080005f2   0x0000000a   Code   RO          240    i.EXTI3_IRQHandler  stm32f1xx_it.o
    0x080005fc   0x080005fc   0x0000000a   Code   RO          241    i.EXTI9_5_IRQHandler  stm32f1xx_it.o
    0x08000606   0x08000606   0x00000006   Code   RO           13    i.Error_Handler     main_1.o
    0x0800060c   0x0800060c   0x0000007c   Code   RO          779    i.HAL_CAN_ActivateNotification  stm32f1xx_hal_can.o
    0x08000688   0x08000688   0x000001ec   Code   RO          780    i.HAL_CAN_AddTxMessage  stm32f1xx_hal_can.o
    0x08000874   0x08000874   0x00000208   Code   RO          781    i.HAL_CAN_ConfigFilter  stm32f1xx_hal_can.o
    0x08000a7c   0x08000a7c   0x0000007c   Code   RO          783    i.HAL_CAN_DeactivateNotification  stm32f1xx_hal_can.o
    0x08000af8   0x08000af8   0x00000002   Code   RO          784    i.HAL_CAN_ErrorCallback  stm32f1xx_hal_can.o
    0x08000afa   0x08000afa   0x00000002   PAD
    0x08000afc   0x08000afc   0x000001d4   Code   RO          787    i.HAL_CAN_GetRxMessage  stm32f1xx_hal_can.o
    0x08000cd0   0x08000cd0   0x0000024e   Code   RO          791    i.HAL_CAN_IRQHandler  stm32f1xx_hal_can.o
    0x08000f1e   0x08000f1e   0x00000002   PAD
    0x08000f20   0x08000f20   0x00000380   Code   RO          792    i.HAL_CAN_Init      stm32f1xx_hal_can.o
    0x080012a0   0x080012a0   0x00000074   Code   RO          794    i.HAL_CAN_IsTxMessagePending  stm32f1xx_hal_can.o
    0x08001314   0x08001314   0x000000b0   Code   RO          436    i.HAL_CAN_MspInit   stm32f1xx_hal_msp.o
    0x080013c4   0x080013c4   0x00000002   Code   RO          799    i.HAL_CAN_RxFifo0FullCallback  stm32f1xx_hal_can.o
    0x080013c6   0x080013c6   0x00000002   Code   RO          800    i.HAL_CAN_RxFifo0MsgPendingCallback  stm32f1xx_hal_can.o
    0x080013c8   0x080013c8   0x00000002   Code   RO          801    i.HAL_CAN_RxFifo1FullCallback  stm32f1xx_hal_can.o
    0x080013ca   0x080013ca   0x00000002   PAD
    0x080013cc   0x080013cc   0x0000002c   Code   RO           14    i.HAL_CAN_RxFifo1MsgPendingCallback  main_1.o
    0x080013f8   0x080013f8   0x00000002   Code   RO          803    i.HAL_CAN_SleepCallback  stm32f1xx_hal_can.o
    0x080013fa   0x080013fa   0x0000005e   Code   RO          804    i.HAL_CAN_Start     stm32f1xx_hal_can.o
    0x08001458   0x08001458   0x00000002   Code   RO          806    i.HAL_CAN_TxMailbox0AbortCallback  stm32f1xx_hal_can.o
    0x0800145a   0x0800145a   0x00000002   Code   RO          807    i.HAL_CAN_TxMailbox0CompleteCallback  stm32f1xx_hal_can.o
    0x0800145c   0x0800145c   0x00000002   Code   RO          808    i.HAL_CAN_TxMailbox1AbortCallback  stm32f1xx_hal_can.o
    0x0800145e   0x0800145e   0x00000002   Code   RO          809    i.HAL_CAN_TxMailbox1CompleteCallback  stm32f1xx_hal_can.o
    0x08001460   0x08001460   0x00000002   Code   RO          810    i.HAL_CAN_TxMailbox2AbortCallback  stm32f1xx_hal_can.o
    0x08001462   0x08001462   0x00000002   Code   RO          811    i.HAL_CAN_TxMailbox2CompleteCallback  stm32f1xx_hal_can.o
    0x08001464   0x08001464   0x00000002   Code   RO          813    i.HAL_CAN_WakeUpFromRxMsgCallback  stm32f1xx_hal_can.o
    0x08001466   0x08001466   0x00000002   PAD
    0x08001468   0x08001468   0x00000070   Code   RO         2022    i.HAL_CRC_Init      stm32f1xx_hal_crc.o
    0x080014d8   0x080014d8   0x00000030   Code   RO          438    i.HAL_CRC_MspInit   stm32f1xx_hal_msp.o
    0x08001508   0x08001508   0x0000001c   Code   RO           15    i.HAL_GPIO_EXTI_Callback  main_1.o
    0x08001524   0x08001524   0x0000001c   Code   RO         1331    i.HAL_GPIO_EXTI_IRQHandler  stm32f1xx_hal_gpio.o
    0x08001540   0x08001540   0x000003f0   Code   RO         1332    i.HAL_GPIO_Init     stm32f1xx_hal_gpio.o
    0x08001930   0x08001930   0x0000006c   Code   RO         1335    i.HAL_GPIO_TogglePin  stm32f1xx_hal_gpio.o
    0x0800199c   0x0800199c   0x00000078   Code   RO         1336    i.HAL_GPIO_WritePin  stm32f1xx_hal_gpio.o
    0x08001a14   0x08001a14   0x0000000c   Code   RO         1023    i.HAL_GetTick       stm32f1xx_hal.o
    0x08001a20   0x08001a20   0x000002e4   Code   RO         2089    i.HAL_I2C_Init      stm32f1xx_hal_i2c.o
    0x08001d04   0x08001d04   0x00000074   Code   RO          440    i.HAL_I2C_MspInit   stm32f1xx_hal_msp.o
    0x08001d78   0x08001d78   0x00000018   Code   RO         1029    i.HAL_IncTick       stm32f1xx_hal.o
    0x08001d90   0x08001d90   0x00000028   Code   RO         1030    i.HAL_Init          stm32f1xx_hal.o
    0x08001db8   0x08001db8   0x0000004c   Code   RO         1031    i.HAL_InitTick      stm32f1xx_hal.o
    0x08001e04   0x08001e04   0x00000054   Code   RO          441    i.HAL_MspInit       stm32f1xx_hal_msp.o
    0x08001e58   0x08001e58   0x0000006c   Code   RO         1492    i.HAL_NVIC_EnableIRQ  stm32f1xx_hal_cortex.o
    0x08001ec4   0x08001ec4   0x000000d4   Code   RO         1498    i.HAL_NVIC_SetPriority  stm32f1xx_hal_cortex.o
    0x08001f98   0x08001f98   0x00000088   Code   RO         1499    i.HAL_NVIC_SetPriorityGrouping  stm32f1xx_hal_cortex.o
    0x08002020   0x08002020   0x000002c8   Code   RO         1187    i.HAL_RCC_ClockConfig  stm32f1xx_hal_rcc.o
    0x080022e8   0x080022e8   0x0000000c   Code   RO         1192    i.HAL_RCC_GetHCLKFreq  stm32f1xx_hal_rcc.o
    0x080022f4   0x080022f4   0x00000020   Code   RO         1194    i.HAL_RCC_GetPCLK1Freq  stm32f1xx_hal_rcc.o
    0x08002314   0x08002314   0x00000020   Code   RO         1195    i.HAL_RCC_GetPCLK2Freq  stm32f1xx_hal_rcc.o
    0x08002334   0x08002334   0x00000094   Code   RO         1196    i.HAL_RCC_GetSysClockFreq  stm32f1xx_hal_rcc.o
    0x080023c8   0x080023c8   0x00000624   Code   RO         1199    i.HAL_RCC_OscConfig  stm32f1xx_hal_rcc.o
    0x080029ec   0x080029ec   0x00000034   Code   RO         1503    i.HAL_SYSTICK_Config  stm32f1xx_hal_cortex.o
    0x08002a20   0x08002a20   0x00000002   Code   RO         3267    i.HAL_TIMEx_BreakCallback  stm32f1xx_hal_tim_ex.o
    0x08002a22   0x08002a22   0x00000002   Code   RO         3268    i.HAL_TIMEx_CommutCallback  stm32f1xx_hal_tim_ex.o
    0x08002a24   0x08002a24   0x00000140   Code   RO         3286    i.HAL_TIMEx_MasterConfigSynchronization  stm32f1xx_hal_tim_ex.o
    0x08002b64   0x08002b64   0x00000134   Code   RO         2552    i.HAL_TIM_Base_Init  stm32f1xx_hal_tim.o
    0x08002c98   0x08002c98   0x00000040   Code   RO          443    i.HAL_TIM_Base_MspInit  stm32f1xx_hal_msp.o
    0x08002cd8   0x08002cd8   0x000000dc   Code   RO         2557    i.HAL_TIM_Base_Start_IT  stm32f1xx_hal_tim.o
    0x08002db4   0x08002db4   0x00000448   Code   RO         2561    i.HAL_TIM_ConfigClockSource  stm32f1xx_hal_tim.o
    0x080031fc   0x080031fc   0x00000002   Code   RO         2586    i.HAL_TIM_IC_CaptureCallback  stm32f1xx_hal_tim.o
    0x080031fe   0x080031fe   0x00000196   Code   RO         2600    i.HAL_TIM_IRQHandler  stm32f1xx_hal_tim.o
    0x08003394   0x08003394   0x00000002   Code   RO         2603    i.HAL_TIM_OC_DelayElapsedCallback  stm32f1xx_hal_tim.o
    0x08003396   0x08003396   0x00000002   Code   RO         2630    i.HAL_TIM_PWM_PulseFinishedCallback  stm32f1xx_hal_tim.o
    0x08003398   0x08003398   0x0000001c   Code   RO           16    i.HAL_TIM_PeriodElapsedCallback  main_1.o
    0x080033b4   0x080033b4   0x00000002   Code   RO         2643    i.HAL_TIM_TriggerCallback  stm32f1xx_hal_tim.o
    0x080033b6   0x080033b6   0x00000002   PAD
    0x080033b8   0x080033b8   0x00000144   Code   RO         3563    i.HAL_UART_Init     stm32f1xx_hal_uart.o
    0x080034fc   0x080034fc   0x00000088   Code   RO          445    i.HAL_UART_MspInit  stm32f1xx_hal_msp.o
    0x08003584   0x08003584   0x00000004   Code   RO          242    i.HardFault_Handler  stm32f1xx_it.o
    0x08003588   0x08003588   0x00000004   Code   RO          243    i.MemManage_Handler  stm32f1xx_it.o
    0x0800358c   0x0800358c   0x00000004   Code   RO          244    i.NMI_Handler       stm32f1xx_it.o
    0x08003590   0x08003590   0x00000002   Code   RO          245    i.PendSV_Handler    stm32f1xx_it.o
    0x08003592   0x08003592   0x00000002   PAD
    0x08003594   0x08003594   0x00000028   Code   RO         1200    i.RCC_Delay         stm32f1xx_hal_rcc.o
    0x080035bc   0x080035bc   0x00000002   Code   RO          246    i.SVC_Handler       stm32f1xx_it.o
    0x080035be   0x080035be   0x00000008   Code   RO          247    i.SysTick_Handler   stm32f1xx_it.o
    0x080035c6   0x080035c6   0x00000002   Code   RO         3902    i.SystemInit        system_stm32f1xx.o
    0x080035c8   0x080035c8   0x00000010   Code   RO          248    i.TIM2_IRQHandler   stm32f1xx_it.o
    0x080035d8   0x080035d8   0x00000074   Code   RO         2645    i.TIM_Base_SetConfig  stm32f1xx_hal_tim.o
    0x0800364c   0x0800364c   0x00000016   Code   RO         2656    i.TIM_ETR_SetConfig  stm32f1xx_hal_tim.o
    0x08003662   0x08003662   0x00000012   Code   RO         2657    i.TIM_ITRx_SetConfig  stm32f1xx_hal_tim.o
    0x08003674   0x08003674   0x00000026   Code   RO         2663    i.TIM_TI1_ConfigInputStage  stm32f1xx_hal_tim.o
    0x0800369a   0x0800369a   0x00000028   Code   RO         2665    i.TIM_TI2_ConfigInputStage  stm32f1xx_hal_tim.o
    0x080036c2   0x080036c2   0x00000002   PAD
    0x080036c4   0x080036c4   0x000001a8   Code   RO         3590    i.UART_SetConfig    stm32f1xx_hal_uart.o
    0x0800386c   0x0800386c   0x00000004   Code   RO          249    i.UsageFault_Handler  stm32f1xx_it.o
    0x08003870   0x08003870   0x0000007c   Code   RO           17    i._Z11MX_CAN_Initv  main_1.o
    0x080038ec   0x080038ec   0x00000020   Code   RO           18    i._Z11MX_CRC_Initv  main_1.o
    0x0800390c   0x0800390c   0x00000120   Code   RO           19    i._Z12MX_GPIO_Initv  main_1.o
    0x08003a2c   0x08003a2c   0x0000003c   Code   RO           20    i._Z12MX_I2C1_Initv  main_1.o
    0x08003a68   0x08003a68   0x0000006c   Code   RO           21    i._Z12MX_TIM2_Initv  main_1.o
    0x08003ad4   0x08003ad4   0x00000066   Code   RO           22    i._Z18SystemClock_Configv  main_1.o
    0x08003b3a   0x08003b3a   0x00000002   PAD
    0x08003b3c   0x08003b3c   0x00000038   Code   RO           23    i._Z19MX_USART1_UART_Initv  main_1.o
    0x08003b74   0x08003b74   0x00000012   Code   RO         3938    i._ZN10ControlIhm12main_programEv  control_ihm.o
    0x08003b86   0x08003b86   0x00000014   Code   RO         3939    i._ZN10ControlIhm16timer_2_callbackEv  control_ihm.o
    0x08003b9a   0x08003b9a   0x0000007e   Code   RO         3940    i._ZN10ControlIhm19process_read_buttonEv  control_ihm.o
    0x08003c18   0x08003c18   0x00000012   Code   RO         3941    i._ZN10ControlIhm20gpio_button_callbackE7buttons  control_ihm.o
    0x08003c2a   0x08003c2a   0x0000009a   Code   RO         3942    i._ZN10ControlIhm21can_data_sync_programEv  control_ihm.o
    0x08003cc4   0x08003cc4   0x0000000c   Code   RO         3943    i._ZN10ControlIhm25can_receive_data_callbackEv  control_ihm.o
    0x08003cd0   0x08003cd0   0x00000024   Code   RO         3944    i._ZN10ControlIhm27get_next_data_id_to_be_sentEv  control_ihm.o
    0x08003cf4   0x08003cf4   0x00000024   Code   RO         3945    i._ZN10ControlIhm27get_next_func_id_to_be_execEv  control_ihm.o
    0x08003d18   0x08003d18   0x00000050   Code   RO         3946    i._ZN10ControlIhm4initEP19__CAN_HandleTypeDef  control_ihm.o
    0x08003d68   0x08003d68   0x0000001c   Code   RO         3947    i._ZN10ControlIhmC1Ev  control_ihm.o
    0x08003d84   0x08003d84   0x0000001e   Code   RO          522    i._ZN6CanMvs12send_packageEv  can_mvs.o
    0x08003da2   0x08003da2   0x00000016   Code   RO          523    i._ZN6CanMvs15is_HAL_CAN_busyEv  can_mvs.o
    0x08003db8   0x08003db8   0x00000046   Code   RO          524    i._ZN6CanMvs15start_receivingE15CAN_MVS_data_id  can_mvs.o
    0x08003dfe   0x08003dfe   0x0000001a   Code   RO          525    i._ZN6CanMvs17mark_data_id_flagE13CAN_mark_type15CAN_MVS_data_id  can_mvs.o
    0x08003e18   0x08003e18   0x0000001a   Code   RO          526    i._ZN6CanMvs17mark_func_id_flagE13CAN_mark_type20CAN_MVS_functions_id  can_mvs.o
    0x08003e32   0x08003e32   0x00000014   Code   RO          527    i._ZN6CanMvs18is_struct_id_validE15CAN_MVS_data_id  can_mvs.o
    0x08003e46   0x08003e46   0x00000070   Code   RO          528    i._ZN6CanMvs19start_shipping_dataE15CAN_MVS_data_id  can_mvs.o
    0x08003eb6   0x08003eb6   0x0000001c   Code   RO          529    i._ZN6CanMvs19unmark_data_id_flagE13CAN_mark_type15CAN_MVS_data_id  can_mvs.o
    0x08003ed2   0x08003ed2   0x0000001c   Code   RO          530    i._ZN6CanMvs19unmark_func_id_flagE13CAN_mark_type20CAN_MVS_functions_id  can_mvs.o
    0x08003eee   0x08003eee   0x0000002a   Code   RO          531    i._ZN6CanMvs20connect_struct_to_idE15CAN_MVS_data_idPhh  can_mvs.o
    0x08003f18   0x08003f18   0x000000ae   Code   RO          532    i._ZN6CanMvs20shipping_applicationEv  can_mvs.o
    0x08003fc6   0x08003fc6   0x0000002c   Code   RO          533    i._ZN6CanMvs21receive_data_callbackEv  can_mvs.o
    0x08003ff2   0x08003ff2   0x00000006   Code   RO          534    i._ZN6CanMvs21set_package_data_typeE13CAN_data_type  can_mvs.o
    0x08003ff8   0x08003ff8   0x00000006   Code   RO          535    i._ZN6CanMvs21set_package_struct_idE15CAN_MVS_data_id  can_mvs.o
    0x08003ffe   0x08003ffe   0x0000001e   Code   RO          536    i._ZN6CanMvs22am_i_receiving_this_idE15CAN_MVS_data_id  can_mvs.o
    0x0800401c   0x0800401c   0x0000001c   Code   RO          537    i._ZN6CanMvs22is_data_id_flag_markedE13CAN_mark_type15CAN_MVS_data_id  can_mvs.o
    0x08004038   0x08004038   0x0000001c   Code   RO          538    i._ZN6CanMvs22is_func_id_flag_markedE13CAN_mark_type20CAN_MVS_functions_id  can_mvs.o
    0x08004054   0x08004054   0x00000040   Code   RO          539    i._ZN6CanMvs23unload_received_packageEv  can_mvs.o
    0x08004094   0x08004094   0x00000032   Code   RO          540    i._ZN6CanMvs24callback_set_asked_flagsE13CAN_data_type  can_mvs.o
    0x080040c6   0x080040c6   0x0000000c   Code   RO          541    i._ZN6CanMvs24clear_pending_data_flagsE13CAN_mark_type  can_mvs.o
    0x080040d2   0x080040d2   0x0000000c   Code   RO          542    i._ZN6CanMvs24clear_pending_func_flagsE13CAN_mark_type  can_mvs.o
    0x080040de   0x080040de   0x00000056   Code   RO          543    i._ZN6CanMvs24process_received_packageEv  can_mvs.o
    0x08004134   0x08004134   0x000000b4   Code   RO          544    i._ZN6CanMvs26prepare_package_to_be_sendE13CAN_data_type  can_mvs.o
    0x080041e8   0x080041e8   0x00000008   Code   RO          545    i._ZN6CanMvs27identify_received_data_typeEv  can_mvs.o
    0x080041f0   0x080041f0   0x00000008   Code   RO          546    i._ZN6CanMvs27identify_received_struct_idEv  can_mvs.o
    0x080041f8   0x080041f8   0x0000001e   Code   RO          547    i._ZN6CanMvs28copy_built_struct_to_destinyEv  can_mvs.o
    0x08004216   0x08004216   0x00000014   Code   RO          548    i._ZN6CanMvs32is_there_any_data_id_flag_markedE13CAN_mark_type  can_mvs.o
    0x0800422a   0x0800422a   0x00000014   Code   RO          549    i._ZN6CanMvs32is_there_any_func_id_flag_markedE13CAN_mark_type  can_mvs.o
    0x0800423e   0x0800423e   0x00000016   Code   RO          550    i._ZN6CanMvs35were_all_pending_data_packages_sentEv  can_mvs.o
    0x08004254   0x08004254   0x00000016   Code   RO          551    i._ZN6CanMvs39were_all_pending_data_packages_receivedEv  can_mvs.o
    0x0800426a   0x0800426a   0x00000018   Code   RO          552    i._ZN6CanMvs4initEP19__CAN_HandleTypeDef  can_mvs.o
    0x08004282   0x08004282   0x00000044   Code   RO          553    i._ZN6CanMvsC1Ev    can_mvs.o
    0x080042c6   0x080042c6   0x00000002   PAD
    0x080042c8   0x080042c8   0x00000010   Code   RO         1505    i.__NVIC_GetPriorityGrouping  stm32f1xx_hal_cortex.o
    0x080042d8   0x080042d8   0x00000028   Code   RO         1506    i.__NVIC_SetPriority  stm32f1xx_hal_cortex.o
    0x08004300   0x08004300   0x00000010   Code   RO           24    i.__sti___8_main_cpp_ctrlIhm  main_1.o
    0x08004310   0x08004310   0x00000002   Code   RO           25    i.assert_failed     main_1.o
    0x08004312   0x08004312   0x00000002   PAD
    0x08004314   0x08004314   0x00000044   Code   RO           26    i.main              main_1.o
    0x08004358   0x08004358   0x000000c4   Code   RO         4093    x$fpl$fadd          fz_ws.l(faddsub_clz.o)
    0x0800441c   0x0800441c   0x0000008c   Code   RO         4176    x$fpl$fnaninf       fz_ws.l(fnaninf.o)
    0x080044a8   0x080044a8   0x0000000a   Code   RO         4178    x$fpl$fretinf       fz_ws.l(fretinf.o)
    0x080044b2   0x080044b2   0x00000002   PAD
    0x080044b4   0x080044b4   0x000000ea   Code   RO         4095    x$fpl$fsub          fz_ws.l(faddsub_clz.o)
    0x0800459e   0x0800459e   0x00000000   Code   RO         4180    x$fpl$usenofp       fz_ws.l(usenofp.o)
    0x0800459e   0x0800459e   0x00000018   Data   RO         3903    .constdata          system_stm32f1xx.o
    0x080045b6   0x080045b6   0x00000002   PAD
    0x080045b8   0x080045b8   0x00000020   Data   RO         4303    Region$$Table       anon$$obj.o
    0x080045d8   0x080045d8   0x00000004   Data   RO           43    .init_array         main_1.o
    0x080045dc   0x080045d8   0x00000000   Data   RO         4088    .init_array         c_w.l(init_aeabi.o)


    Execution Region RW_IRAM1 (Exec base: 0x20000000, Load base: 0x080045dc, Size: 0x00000820, Max: 0x00005000, ABSOLUTE)

    Exec Addr    Load Addr    Size         Type   Attr      Idx    E Section Name        Object

    0x20000000   0x080045dc   0x0000000a   Data   RW           42    .data               main_1.o
    0x2000000a   0x080045e6   0x00000002   PAD
    0x2000000c   0x080045e8   0x00000009   Data   RW         1037    .data               stm32f1xx_hal.o
    0x20000015   0x080045f1   0x00000003   PAD
    0x20000018   0x080045f4   0x00000004   Data   RW         3904    .data               system_stm32f1xx.o
    0x2000001c        -       0x000001a0   Zero   RW           41    .bss                main_1.o
    0x200001bc        -       0x00000060   Zero   RW         4184    .bss                c_w.l(libspace.o)
    0x2000021c   0x080045f8   0x00000004   PAD
    0x20000220        -       0x00000200   Zero   RW            2    HEAP                startup_stm32f103xb.o
    0x20000420        -       0x00000400   Zero   RW            1    STACK               startup_stm32f103xb.o


==============================================================================

Image component sizes


      Code (inc. data)   RO Data    RW Data    ZI Data      Debug   Object Name

      1346          0          0          0          0      18208   can_mvs.o
       528          0          0          0          0       5600   control_ihm.o
       962        118          4         10        416     456719   main_1.o
        64         26        236          0       1536        812   startup_stm32f103xb.o
       152         32          0          9          0       5285   stm32f1xx_hal.o
      3448        412          0          0          0      15629   stm32f1xx_hal_can.o
       564        204          0          0          0      29519   stm32f1xx_hal_cortex.o
       112         62          0          0          0       1027   stm32f1xx_hal_crc.o
      1264        242          0          0          0       4220   stm32f1xx_hal_gpio.o
       740         84          0          0          0       2151   stm32f1xx_hal_i2c.o
       624         64          0          0          0       4250   stm32f1xx_hal_msp.o
      2548        218          0          0          0       6348   stm32f1xx_hal_rcc.o
      2272        216          0          0          0       9675   stm32f1xx_hal_tim.o
       324         74          0          0          0       2465   stm32f1xx_hal_tim_ex.o
       748        144          0          0          0       1836   stm32f1xx_hal_uart.o
        86         12          0          0          0     450274   stm32f1xx_it.o
         2          0         24          4          0       1119   system_stm32f1xx.o

    ----------------------------------------------------------------------
     15804       1908        298         28       1952    1015137   Object Totals
         0          0         32          0          0          0   (incl. Generated)
        20          0          2          5          0          0   (incl. Padding)

    ----------------------------------------------------------------------

      Code (inc. data)   RO Data    RW Data    ZI Data      Debug   Library Member Name

         8          0          0          0          0         68   __main.o
         0          0          0          0          0          0   __rtentry.o
        12          0          0          0          0          0   __rtentry2.o
         6          0          0          0          0          0   __rtentry4.o
        52          8          0          0          0          0   __scatter.o
        26          0          0          0          0          0   __scatter_copy.o
        28          0          0          0          0          0   __scatter_zi.o
        10          0          0          0          0         68   defsig_exit.o
        50          0          0          0          0         88   defsig_general.o
        80         58          0          0          0         76   defsig_rtmem_inner.o
        14          0          0          0          0         80   defsig_rtmem_outer.o
        18          0          0          0          0         80   exit.o
        94          0          0          0          0         80   h1_alloc.o
        52          0          0          0          0         68   h1_extend.o
        78          0          0          0          0         80   h1_free.o
        14          0          0          0          0         84   h1_init.o
         6          0          0          0          0        152   heapauxi.o
         4          0          0          0          0        136   hguard.o
         0          0          0          0          0          0   indicate_semi.o
        36         10          0          0          0         80   init_aeabi.o
       138          0          0          0          0        168   init_alloc.o
         2          0          0          0          0          0   libinit.o
        14          0          0          0          0          0   libinit2.o
         2          0          0          0          0          0   libshutdown.o
         2          0          0          0          0          0   libshutdown2.o
         8          4          0          0         96         68   libspace.o
         0          0          0          0          0          0   maybetermalloc1.o
         8          4          0          0          0         68   rt_heap_descriptor_intlibspace.o
        78          0          0          0          0         80   rt_memclr_w.o
       138          0          0          0          0         68   rt_memcpy_v6.o
       100          0          0          0          0         80   rt_memcpy_w.o
         2          0          0          0          0          0   rtexit.o
        10          0          0          0          0          0   rtexit2.o
        12          4          0          0          0         68   sys_exit.o
        74          0          0          0          0         80   sys_stackheap_outer.o
        14          0          0          0          0         76   sys_wrch.o
         2          0          0          0          0         68   use_no_semi.o
       430          8          0          0          0        168   faddsub_clz.o
       140          4          0          0          0         84   fnaninf.o
        10          0          0          0          0         68   fretinf.o
         0          0          0          0          0          0   usenofp.o

    ----------------------------------------------------------------------
      1782        100          0          0        100       2284   Library Totals
        10          0          0          0          4          0   (incl. Padding)

    ----------------------------------------------------------------------

      Code (inc. data)   RO Data    RW Data    ZI Data      Debug   Library Name

      1192         88          0          0         96       1964   c_w.l
       580         12          0          0          0        320   fz_ws.l

    ----------------------------------------------------------------------
      1782        100          0          0        100       2284   Library Totals

    ----------------------------------------------------------------------

==============================================================================


      Code (inc. data)   RO Data    RW Data    ZI Data      Debug   

     17586       2008        298         28       2052    1009305   Grand Totals
     17586       2008        298         28       2052    1009305   ELF Image Totals
     17586       2008        298         28          0          0   ROM Totals

==============================================================================

    Total RO  Size (Code + RO Data)                17884 (  17.46kB)
    Total RW  Size (RW Data + ZI Data)              2080 (   2.03kB)
    Total ROM Size (Code + RO Data + RW Data)      17912 (  17.49kB)

==============================================================================

