Component: ARM Compiler 5.06 update 5 (build 528) Tool: armlink [4d35e2]

==============================================================================

Section Cross References

    startup_stm32f103xb.o(STACK) refers (Special) to heapauxi.o(.text) for __use_two_region_memory
    startup_stm32f103xb.o(HEAP) refers (Special) to heapauxi.o(.text) for __use_two_region_memory
    startup_stm32f103xb.o(RESET) refers (Special) to heapauxi.o(.text) for __use_two_region_memory
    startup_stm32f103xb.o(RESET) refers to startup_stm32f103xb.o(STACK) for __initial_sp
    startup_stm32f103xb.o(RESET) refers to startup_stm32f103xb.o(.text) for Reset_Handler
    startup_stm32f103xb.o(RESET) refers to stm32f1xx_it.o(i.NMI_Handler) for NMI_Handler
    startup_stm32f103xb.o(RESET) refers to stm32f1xx_it.o(i.HardFault_Handler) for HardFault_Handler
    startup_stm32f103xb.o(RESET) refers to stm32f1xx_it.o(i.MemManage_Handler) for MemManage_Handler
    startup_stm32f103xb.o(RESET) refers to stm32f1xx_it.o(i.BusFault_Handler) for BusFault_Handler
    startup_stm32f103xb.o(RESET) refers to stm32f1xx_it.o(i.UsageFault_Handler) for UsageFault_Handler
    startup_stm32f103xb.o(RESET) refers to stm32f1xx_it.o(i.SVC_Handler) for SVC_Handler
    startup_stm32f103xb.o(RESET) refers to stm32f1xx_it.o(i.DebugMon_Handler) for DebugMon_Handler
    startup_stm32f103xb.o(RESET) refers to stm32f1xx_it.o(i.PendSV_Handler) for PendSV_Handler
    startup_stm32f103xb.o(RESET) refers to stm32f1xx_it.o(i.SysTick_Handler) for SysTick_Handler
    startup_stm32f103xb.o(RESET) refers to stm32f1xx_it.o(i.EXTI3_IRQHandler) for EXTI3_IRQHandler
    startup_stm32f103xb.o(RESET) refers to stm32f1xx_it.o(i.USB_LP_CAN1_RX0_IRQHandler) for USB_LP_CAN1_RX0_IRQHandler
    startup_stm32f103xb.o(RESET) refers to stm32f1xx_it.o(i.CAN1_RX1_IRQHandler) for CAN1_RX1_IRQHandler
    startup_stm32f103xb.o(RESET) refers to stm32f1xx_it.o(i.EXTI9_5_IRQHandler) for EXTI9_5_IRQHandler
    startup_stm32f103xb.o(RESET) refers to stm32f1xx_it.o(i.TIM2_IRQHandler) for TIM2_IRQHandler
    startup_stm32f103xb.o(.text) refers (Special) to heapauxi.o(.text) for __use_two_region_memory
    startup_stm32f103xb.o(.text) refers to system_stm32f1xx.o(i.SystemInit) for SystemInit
    startup_stm32f103xb.o(.text) refers to __main.o(!!!main) for __main
    startup_stm32f103xb.o(.text) refers to startup_stm32f103xb.o(HEAP) for Heap_Mem
    startup_stm32f103xb.o(.text) refers to startup_stm32f103xb.o(STACK) for Stack_Mem
    tm_stm32_hd44780.o(i.TM_HD44780_BlinkOff) refers to tm_stm32_hd44780.o(i.TM_HD44780_Cmd) for TM_HD44780_Cmd
    tm_stm32_hd44780.o(i.TM_HD44780_BlinkOff) refers to tm_stm32_hd44780.o(.data) for .data
    tm_stm32_hd44780.o(i.TM_HD44780_BlinkOn) refers to tm_stm32_hd44780.o(i.TM_HD44780_Cmd) for TM_HD44780_Cmd
    tm_stm32_hd44780.o(i.TM_HD44780_BlinkOn) refers to tm_stm32_hd44780.o(.data) for .data
    tm_stm32_hd44780.o(i.TM_HD44780_Clear) refers to tm_stm32_hd44780.o(i.TM_HD44780_Cmd) for TM_HD44780_Cmd
    tm_stm32_hd44780.o(i.TM_HD44780_Clear) refers to stm32f1xx_hal.o(i.HAL_Delay) for HAL_Delay
    tm_stm32_hd44780.o(i.TM_HD44780_Cmd) refers to stm32f1xx_hal_gpio.o(i.HAL_GPIO_WritePin) for HAL_GPIO_WritePin
    tm_stm32_hd44780.o(i.TM_HD44780_Cmd) refers to tm_stm32_hd44780.o(i.TM_HD44780_Cmd4bit) for TM_HD44780_Cmd4bit
    tm_stm32_hd44780.o(i.TM_HD44780_Cmd4bit) refers to stm32f1xx_hal_gpio.o(i.HAL_GPIO_WritePin) for HAL_GPIO_WritePin
    tm_stm32_hd44780.o(i.TM_HD44780_Cmd4bit) refers to tm_stm32_hd44780.o(i.delayUs) for delayUs
    tm_stm32_hd44780.o(i.TM_HD44780_CreateChar) refers to tm_stm32_hd44780.o(i.TM_HD44780_Cmd) for TM_HD44780_Cmd
    tm_stm32_hd44780.o(i.TM_HD44780_CreateChar) refers to tm_stm32_hd44780.o(i.TM_HD44780_Data) for TM_HD44780_Data
    tm_stm32_hd44780.o(i.TM_HD44780_CursorOff) refers to tm_stm32_hd44780.o(i.TM_HD44780_Cmd) for TM_HD44780_Cmd
    tm_stm32_hd44780.o(i.TM_HD44780_CursorOff) refers to tm_stm32_hd44780.o(.data) for .data
    tm_stm32_hd44780.o(i.TM_HD44780_CursorOn) refers to tm_stm32_hd44780.o(i.TM_HD44780_Cmd) for TM_HD44780_Cmd
    tm_stm32_hd44780.o(i.TM_HD44780_CursorOn) refers to tm_stm32_hd44780.o(.data) for .data
    tm_stm32_hd44780.o(i.TM_HD44780_CursorSet) refers to tm_stm32_hd44780.o(i.TM_HD44780_Cmd) for TM_HD44780_Cmd
    tm_stm32_hd44780.o(i.TM_HD44780_CursorSet) refers to tm_stm32_hd44780.o(.data) for .data
    tm_stm32_hd44780.o(i.TM_HD44780_Data) refers to stm32f1xx_hal_gpio.o(i.HAL_GPIO_WritePin) for HAL_GPIO_WritePin
    tm_stm32_hd44780.o(i.TM_HD44780_Data) refers to tm_stm32_hd44780.o(i.TM_HD44780_Cmd4bit) for TM_HD44780_Cmd4bit
    tm_stm32_hd44780.o(i.TM_HD44780_DisplayOff) refers to tm_stm32_hd44780.o(i.TM_HD44780_Cmd) for TM_HD44780_Cmd
    tm_stm32_hd44780.o(i.TM_HD44780_DisplayOff) refers to tm_stm32_hd44780.o(.data) for .data
    tm_stm32_hd44780.o(i.TM_HD44780_DisplayOn) refers to tm_stm32_hd44780.o(i.TM_HD44780_Cmd) for TM_HD44780_Cmd
[...]
    _fp_trap_shutdown                         - Undefined Weak Reference
    _get_lc_collate                           - Undefined Weak Reference
    _get_lc_ctype                             - Undefined Weak Reference
    _get_lc_monetary                          - Undefined Weak Reference
    _get_lc_time                              - Undefined Weak Reference
    _getenv_init                              - Undefined Weak Reference
    _handle_redirection                       - Undefined Weak Reference
    _initio                                   - Undefined Weak Reference
    _mutex_acquire                            - Undefined Weak Reference
    _mutex_free                               - Undefined Weak Reference
    _mutex_release                            - Undefined Weak Reference
    _printf_truncate_signed                   - Undefined Weak Reference
    _printf_truncate_unsigned                 - Undefined Weak Reference
    _rand_init                                - Undefined Weak Reference
    _signal_finish                            - Undefined Weak Reference
    _signal_init                              - Undefined Weak Reference
    _terminateio                              - Undefined Weak Reference
    __Vectors_Size                           0x000000ec   Number         0  startup_stm32f103xb.o ABSOLUTE
    __Vectors                                0x08000000   Data           4  startup_stm32f103xb.o(RESET)
    __Vectors_End                            0x080000ec   Data           0  startup_stm32f103xb.o(RESET)
    __main                                   0x080000ed   Thumb Code     8  __main.o(!!!main)
    __scatterload                            0x080000f5   Thumb Code     0  __scatter.o(!!!scatter)
    __scatterload_rt2                        0x080000f5   Thumb Code    44  __scatter.o(!!!scatter)
    __scatterload_rt2_thumb_only             0x080000f5   Thumb Code     0  __scatter.o(!!!scatter)
    __scatterload_null                       0x08000103   Thumb Code     0  __scatter.o(!!!scatter)
    __decompress                             0x08000129   Thumb Code    90  __dczerorl2.o(!!dczerorl2)
    __decompress1                            0x08000129   Thumb Code     0  __dczerorl2.o(!!dczerorl2)
    __scatterload_zeroinit                   0x08000185   Thumb Code    28  __scatter_zi.o(!!handler_zi)
    __rt_lib_init                            0x080001a1   Thumb Code     0  libinit.o(.ARM.Collect$$libinit$$00000000)
    __rt_lib_init_fp_1                       0x080001a3   Thumb Code     0  libinit2.o(.ARM.Collect$$libinit$$00000002)
    __rt_lib_init_heap_2                     0x080001a3   Thumb Code     0  libinit2.o(.ARM.Collect$$libinit$$00000005)
    __rt_lib_init_preinit_1                  0x080001a3   Thumb Code     0  libinit2.o(.ARM.Collect$$libinit$$00000004)
    __rt_lib_init_alloca_1                   0x080001ab   Thumb Code     0  libinit2.o(.ARM.Collect$$libinit$$0000002E)
    __rt_lib_init_argv_1                     0x080001ab   Thumb Code     0  libinit2.o(.ARM.Collect$$libinit$$0000002C)
    __rt_lib_init_atexit_1                   0x080001ab   Thumb Code     0  libinit2.o(.ARM.Collect$$libinit$$0000001B)
    __rt_lib_init_clock_1                    0x080001ab   Thumb Code     0  libinit2.o(.ARM.Collect$$libinit$$00000021)
    __rt_lib_init_cpp_2                      0x080001ab   Thumb Code     0  libinit2.o(.ARM.Collect$$libinit$$00000031)
    __rt_lib_init_exceptions_1               0x080001ab   Thumb Code     0  libinit2.o(.ARM.Collect$$libinit$$00000030)
    __rt_lib_init_fp_trap_1                  0x080001ab   Thumb Code     0  libinit2.o(.ARM.Collect$$libinit$$0000001F)
    __rt_lib_init_getenv_1                   0x080001ab   Thumb Code     0  libinit2.o(.ARM.Collect$$libinit$$00000023)
    __rt_lib_init_heap_1                     0x080001ab   Thumb Code     0  libinit2.o(.ARM.Collect$$libinit$$0000000A)
    __rt_lib_init_lc_collate_1               0x080001ab   Thumb Code     0  libinit2.o(.ARM.Collect$$libinit$$00000011)
    __rt_lib_init_lc_ctype_1                 0x080001ab   Thumb Code     0  libinit2.o(.ARM.Collect$$libinit$$00000013)
    __rt_lib_init_lc_monetary_1              0x080001ab   Thumb Code     0  libinit2.o(.ARM.Collect$$libinit$$00000015)
    __rt_lib_init_lc_numeric_1               0x080001ab   Thumb Code     0  libinit2.o(.ARM.Collect$$libinit$$00000017)
    __rt_lib_init_lc_time_1                  0x080001ab   Thumb Code     0  libinit2.o(.ARM.Collect$$libinit$$00000019)
    __rt_lib_init_rand_1                     0x080001ab   Thumb Code     0  libinit2.o(.ARM.Collect$$libinit$$0000000E)
    __rt_lib_init_signal_1                   0x080001ab   Thumb Code     0  libinit2.o(.ARM.Collect$$libinit$$0000001D)
    __rt_lib_init_stdio_1                    0x080001ab   Thumb Code     0  libinit2.o(.ARM.Collect$$libinit$$00000025)
    __rt_lib_init_user_alloc_1               0x080001ab   Thumb Code     0  libinit2.o(.ARM.Collect$$libinit$$0000000C)
    __rt_lib_init_cpp_1                      0x080001af   Thumb Code     0  libinit2.o(.ARM.Collect$$libinit$$00000032)
    __rt_lib_init_return                     0x080001af   Thumb Code     0  libinit2.o(.ARM.Collect$$libinit$$00000033)
    __rt_lib_shutdown                        0x080001b1   Thumb Code     0  libshutdown.o(.ARM.Collect$$libshutdown$$00000000)
    __rt_lib_shutdown_cpp_1                  0x080001b3   Thumb Code     0  libshutdown2.o(.ARM.Collect$$libshutdown$$00000002)
    __rt_lib_shutdown_fp_trap_1              0x080001b3   Thumb Code     0  libshutdown2.o(.ARM.Collect$$libshutdown$$00000007)
    __rt_lib_shutdown_heap_1                 0x080001b3   Thumb Code     0  libshutdown2.o(.ARM.Collect$$libshutdown$$0000000F)
    __rt_lib_shutdown_return                 0x080001b3   Thumb Code     0  libshutdown2.o(.ARM.Collect$$libshutdown$$00000010)
    __rt_lib_shutdown_signal_1               0x080001b3   Thumb Code     0  libshutdown2.o(.ARM.Collect$$libshutdown$$0000000A)
    __rt_lib_shutdown_stdio_1                0x080001b3   Thumb Code     0  libshutdown2.o(.ARM.Collect$$libshutdown$$00000004)
    __rt_lib_shutdown_user_alloc_1           0x080001b3   Thumb Code     0  libshutdown2.o(.ARM.Collect$$libshutdown$$0000000C)
    __rt_entry                               0x080001b5   Thumb Code     0  __rtentry.o(.ARM.Collect$$rtentry$$00000000)
    __rt_entry_presh_1                       0x080001b5   Thumb Code     0  __rtentry2.o(.ARM.Collect$$rtentry$$00000002)
    __rt_entry_sh                            0x080001b5   Thumb Code     0  __rtentry4.o(.ARM.Collect$$rtentry$$00000004)
    __rt_entry_li                            0x080001bb   Thumb Code     0  __rtentry2.o(.ARM.Collect$$rtentry$$0000000A)
    __rt_entry_postsh_1                      0x080001bb   Thumb Code     0  __rtentry2.o(.ARM.Collect$$rtentry$$00000009)
    __rt_entry_main                          0x080001bf   Thumb Code     0  __rtentry2.o(.ARM.Collect$$rtentry$$0000000D)
    __rt_entry_postli_1                      0x080001bf   Thumb Code     0  __rtentry2.o(.ARM.Collect$$rtentry$$0000000C)
    __rt_exit                                0x080001c7   Thumb Code     0  rtexit.o(.ARM.Collect$$rtexit$$00000000)
    __rt_exit_ls                             0x080001c9   Thumb Code     0  rtexit2.o(.ARM.Collect$$rtexit$$00000003)
    __rt_exit_prels_1                        0x080001c9   Thumb Code     0  rtexit2.o(.ARM.Collect$$rtexit$$00000002)
    __rt_exit_exit                           0x080001cd   Thumb Code     0  rtexit2.o(.ARM.Collect$$rtexit$$00000004)
    Reset_Handler                            0x080001d5   Thumb Code     8  startup_stm32f103xb.o(.text)
    _maybe_terminate_alloc                   0x080001d5   Thumb Code     0  maybetermalloc1.o(.emb_text)
    ADC1_2_IRQHandler                        0x080001ef   Thumb Code     0  startup_stm32f103xb.o(.text)
    CAN1_SCE_IRQHandler                      0x080001ef   Thumb Code     0  startup_stm32f103xb.o(.text)
    DMA1_Channel1_IRQHandler                 0x080001ef   Thumb Code     0  startup_stm32f103xb.o(.text)
    DMA1_Channel2_IRQHandler                 0x080001ef   Thumb Code     0  startup_stm32f103xb.o(.text)
    DMA1_Channel3_IRQHandler                 0x080001ef   Thumb Code     0  startup_stm32f103xb.o(.text)
    DMA1_Channel4_IRQHandler                 0x080001ef   Thumb Code     0  startup_stm32f103xb.o(.text)
    DMA1_Channel5_IRQHandler                 0x080001ef   Thumb Code     0  startup_stm32f103xb.o(.text)
    DMA1_Channel6_IRQHandler                 0x080001ef   Thumb Code     0  startup_stm32f103xb.o(.text)
    DMA1_Channel7_IRQHandler                 0x080001ef   Thumb Code     0  startup_stm32f103xb.o(.text)
    EXTI0_IRQHandler                         0x080001ef   Thumb Code     0  startup_stm32f103xb.o(.text)
    EXTI15_10_IRQHandler                     0x080001ef   Thumb Code     0  startup_stm32f103xb.o(.text)
    EXTI1_IRQHandler                         0x080001ef   Thumb Code     0  startup_stm32f103xb.o(.text)
    EXTI2_IRQHandler                         0x080001ef   Thumb Code     0  startup_stm32f103xb.o(.text)
    EXTI4_IRQHandler                         0x080001ef   Thumb Code     0  startup_stm32f103xb.o(.text)
    FLASH_IRQHandler                         0x080001ef   Thumb Code     0  startup_stm32f103xb.o(.text)
    I2C1_ER_IRQHandler                       0x080001ef   Thumb Code     0  startup_stm32f103xb.o(.text)
    I2C1_EV_IRQHandler                       0x080001ef   Thumb Code     0  startup_stm32f103xb.o(.text)
    I2C2_ER_IRQHandler                       0x080001ef   Thumb Code     0  startup_stm32f103xb.o(.text)
    I2C2_EV_IRQHandler                       0x080001ef   Thumb Code     0  startup_stm32f103xb.o(.text)
    PVD_IRQHandler                           0x080001ef   Thumb Code     0  startup_stm32f103xb.o(.text)
    RCC_IRQHandler                           0x080001ef   Thumb Code     0  startup_stm32f103xb.o(.text)
    RTC_Alarm_IRQHandler                     0x080001ef   Thumb Code     0  startup_stm32f103xb.o(.text)
    RTC_IRQHandler                           0x080001ef   Thumb Code     0  startup_stm32f103xb.o(.text)
    SPI1_IRQHandler                          0x080001ef   Thumb Code     0  startup_stm32f103xb.o(.text)
    SPI2_IRQHandler                          0x080001ef   Thumb Code     0  startup_stm32f103xb.o(.text)
    TAMPER_IRQHandler                        0x080001ef   Thumb Code     0  startup_stm32f103xb.o(.text)
    TIM1_BRK_IRQHandler                      0x080001ef   Thumb Code     0  startup_stm32f103xb.o(.text)
    TIM1_CC_IRQHandler                       0x080001ef   Thumb Code     0  startup_stm32f103xb.o(.text)
    TIM1_TRG_COM_IRQHandler                  0x080001ef   Thumb Code     0  startup_stm32f103xb.o(.text)
    TIM1_UP_IRQHandler                       0x080001ef   Thumb Code     0  startup_stm32f103xb.o(.text)
    TIM3_IRQHandler                          0x080001ef   Thumb Code     0  startup_stm32f103xb.o(.text)
    TIM4_IRQHandler                          0x080001ef   Thumb Code     0  startup_stm32f103xb.o(.text)
    USART1_IRQHandler                        0x080001ef   Thumb Code     0  startup_stm32f103xb.o(.text)
    USART2_IRQHandler                        0x080001ef   Thumb Code     0  startup_stm32f103xb.o(.text)
    USART3_IRQHandler                        0x080001ef   Thumb Code     0  startup_stm32f103xb.o(.text)
    USBWakeUp_IRQHandler                     0x080001ef   Thumb Code     0  startup_stm32f103xb.o(.text)
    USB_HP_CAN1_TX_IRQHandler                0x080001ef   Thumb Code     0  startup_stm32f103xb.o(.text)
    WWDG_IRQHandler                          0x080001ef   Thumb Code     0  startup_stm32f103xb.o(.text)
    __user_initial_stackheap                 0x080001f1   Thumb Code     0  startup_stm32f103xb.o(.text)
    malloc                                   0x08000215   Thumb Code    94  h1_alloc.o(.text)
    free                                     0x08000273   Thumb Code    78  h1_free.o(.text)
    __aeabi_memcpy                           0x080002c1   Thumb Code     0  rt_memcpy_v6.o(.text)
    __rt_memcpy                              0x080002c1   Thumb Code   138  rt_memcpy_v6.o(.text)
    _memcpy_lastbytes                        0x08000327   Thumb Code     0  rt_memcpy_v6.o(.text)
    __aeabi_memcpy4                          0x0800034b   Thumb Code     0  rt_memcpy_w.o(.text)
    __aeabi_memcpy8                          0x0800034b   Thumb Code     0  rt_memcpy_w.o(.text)
    __rt_memcpy_w                            0x0800034b   Thumb Code   100  rt_memcpy_w.o(.text)
    _memcpy_lastbytes_aligned                0x08000393   Thumb Code     0  rt_memcpy_w.o(.text)
    __aeabi_memclr4                          0x080003af   Thumb Code     0  rt_memclr_w.o(.text)
    __aeabi_memclr8                          0x080003af   Thumb Code     0  rt_memclr_w.o(.text)
    __rt_memclr_w                            0x080003af   Thumb Code    78  rt_memclr_w.o(.text)
    _memset_w                                0x080003b3   Thumb Code     0  rt_memclr_w.o(.text)
    __use_two_region_memory                  0x080003fd   Thumb Code     2  heapauxi.o(.text)
    __rt_heap_escrow                         0x080003ff   Thumb Code     2  heapauxi.o(.text)
    __rt_heap_expand                         0x08000401   Thumb Code     2  heapauxi.o(.text)
    __cpp_initialize__aeabi_                 0x08000405   Thumb Code    26  init_aeabi.o(.text)
    __rt_heap_descriptor                     0x08000429   Thumb Code     8  rt_heap_descriptor_intlibspace.o(.text)
    __use_no_heap                            0x08000431   Thumb Code     2  hguard.o(.text)
    __heap$guard                             0x08000433   Thumb Code     2  hguard.o(.text)
    _terminate_user_alloc                    0x08000435   Thumb Code     2  init_alloc.o(.text)
    _init_user_alloc                         0x08000437   Thumb Code     2  init_alloc.o(.text)
    __Heap_Full                              0x08000439   Thumb Code    34  init_alloc.o(.text)
    __Heap_Broken                            0x0800045b   Thumb Code     6  init_alloc.o(.text)
    _init_alloc                              0x08000461   Thumb Code    94  init_alloc.o(.text)
    __Heap_Initialize                        0x080004bf   Thumb Code    10  h1_init.o(.text)
    __Heap_DescSize                          0x080004c9   Thumb Code     4  h1_init.o(.text)
    __user_libspace                          0x080004cd   Thumb Code     8  libspace.o(.text)
    __user_perproc_libspace                  0x080004cd   Thumb Code     0  libspace.o(.text)
    __user_perthread_libspace                0x080004cd   Thumb Code     0  libspace.o(.text)
    __Heap_ProvideMemory                     0x080004d5   Thumb Code    52  h1_extend.o(.text)
    __rt_SIGRTMEM                            0x08000509   Thumb Code    14  defsig_rtmem_outer.o(.text)
    __I$use$semihosting                      0x08000517   Thumb Code     0  use_no_semi.o(.text)
    __use_no_semihosting_swi                 0x08000517   Thumb Code     2  use_no_semi.o(.text)
    __semihosting_library_function           0x08000519   Thumb Code     0  indicate_semi.o(.text)
    __user_setup_stackheap                   0x08000519   Thumb Code    74  sys_stackheap_outer.o(.text)
    exit                                     0x08000563   Thumb Code    18  exit.o(.text)
    __sig_exit                               0x08000575   Thumb Code    10  defsig_exit.o(.text)
    __rt_SIGRTMEM_inner                      0x08000581   Thumb Code    22  defsig_rtmem_inner.o(.text)
    _sys_exit                                0x080005d1   Thumb Code     8  sys_exit.o(.text)
    __default_signal_display                 0x080005dd   Thumb Code    50  defsig_general.o(.text)
    _ttywrch                                 0x0800060f   Thumb Code    14  sys_wrch.o(.text)
    BusFault_Handler                         0x0800061d   Thumb Code     2  stm32f1xx_it.o(i.BusFault_Handler)
    CAN1_RX1_IRQHandler                      0x08000621   Thumb Code     6  stm32f1xx_it.o(i.CAN1_RX1_IRQHandler)
    DebugMon_Handler                         0x0800062d   Thumb Code     2  stm32f1xx_it.o(i.DebugMon_Handler)
    EXTI3_IRQHandler                         0x0800062f   Thumb Code     6  stm32f1xx_it.o(i.EXTI3_IRQHandler)
    EXTI9_5_IRQHandler                       0x08000635   Thumb Code     6  stm32f1xx_it.o(i.EXTI9_5_IRQHandler)
    Error_Handler                            0x0800063b   Thumb Code     6  main_1.o(i.Error_Handler)
    HAL_CAN_ActivateNotification             0x08000675   Thumb Code    62  stm32f1xx_hal_can.o(i.HAL_CAN_ActivateNotification)
    HAL_CAN_AddTxMessage                     0x080006f1   Thumb Code   436  stm32f1xx_hal_can.o(i.HAL_CAN_AddTxMessage)
    HAL_CAN_ConfigFilter                     0x080008dd   Thumb Code   462  stm32f1xx_hal_can.o(i.HAL_CAN_ConfigFilter)
    HAL_CAN_DeactivateNotification           0x08000ae5   Thumb Code    62  stm32f1xx_hal_can.o(i.HAL_CAN_DeactivateNotification)
    HAL_CAN_ErrorCallback                    0x08000b61   Thumb Code     2  stm32f1xx_hal_can.o(i.HAL_CAN_ErrorCallback)
    HAL_CAN_GetRxMessage                     0x08000b65   Thumb Code   410  stm32f1xx_hal_can.o(i.HAL_CAN_GetRxMessage)
    HAL_CAN_IRQHandler                       0x08000d39   Thumb Code   590  stm32f1xx_hal_can.o(i.HAL_CAN_IRQHandler)
    HAL_CAN_Init                             0x08000f89   Thumb Code   836  stm32f1xx_hal_can.o(i.HAL_CAN_Init)
    HAL_CAN_IsTxMessagePending               0x08001309   Thumb Code    60  stm32f1xx_hal_can.o(i.HAL_CAN_IsTxMessagePending)
    HAL_CAN_MspInit                          0x0800137d   Thumb Code   176  stm32f1xx_hal_msp.o(i.HAL_CAN_MspInit)
    HAL_CAN_RxFifo0FullCallback              0x0800143d   Thumb Code     2  stm32f1xx_hal_can.o(i.HAL_CAN_RxFifo0FullCallback)
    HAL_CAN_RxFifo0MsgPendingCallback        0x0800143f   Thumb Code     2  stm32f1xx_hal_can.o(i.HAL_CAN_RxFifo0MsgPendingCallback)
    HAL_CAN_RxFifo1FullCallback              0x08001441   Thumb Code     2  stm32f1xx_hal_can.o(i.HAL_CAN_RxFifo1FullCallback)
    HAL_CAN_RxFifo1MsgPendingCallback        0x08001445   Thumb Code    22  main_1.o(i.HAL_CAN_RxFifo1MsgPendingCallback)
    HAL_CAN_SleepCallback                    0x08001465   Thumb Code     2  stm32f1xx_hal_can.o(i.HAL_CAN_SleepCallback)
    HAL_CAN_Start                            0x08001467   Thumb Code    94  stm32f1xx_hal_can.o(i.HAL_CAN_Start)
    HAL_CAN_TxMailbox0AbortCallback          0x080014c5   Thumb Code     2  stm32f1xx_hal_can.o(i.HAL_CAN_TxMailbox0AbortCallback)
    HAL_CAN_TxMailbox0CompleteCallback       0x080014c7   Thumb Code     2  stm32f1xx_hal_can.o(i.HAL_CAN_TxMailbox0CompleteCallback)
    HAL_CAN_TxMailbox1AbortCallback          0x080014c9   Thumb Code     2  stm32f1xx_hal_can.o(i.HAL_CAN_TxMailbox1AbortCallback)
    HAL_CAN_TxMailbox1CompleteCallback       0x080014cb   Thumb Code     2  stm32f1xx_hal_can.o(i.HAL_CAN_TxMailbox1CompleteCallback)
    HAL_CAN_TxMailbox2AbortCallback          0x080014cd   Thumb Code     2  stm32f1xx_hal_can.o(i.HAL_CAN_TxMailbox2AbortCallback)
    HAL_CAN_TxMailbox2CompleteCallback       0x080014cf   Thumb Code     2  stm32f1xx_hal_can.o(i.HAL_CAN_TxMailbox2CompleteCallback)
    HAL_CAN_WakeUpFromRxMsgCallback          0x080014d1   Thumb Code     2  stm32f1xx_hal_can.o(i.HAL_CAN_WakeUpFromRxMsgCallback)
    HAL_CRC_Init                             0x080014d5   Thumb Code    50  stm32f1xx_hal_crc.o(i.HAL_CRC_Init)
    HAL_CRC_MspInit                          0x08001545   Thumb Code    40  stm32f1xx_hal_msp.o(i.HAL_CRC_MspInit)
    HAL_Delay                                0x08001575   Thumb Code    36  stm32f1xx_hal.o(i.HAL_Delay)
    HAL_GPIO_EXTI_Callback                   0x0800159d   Thumb Code    62  main_1.o(i.HAL_GPIO_EXTI_Callback)
    HAL_GPIO_EXTI_IRQHandler                 0x080015e1   Thumb Code    24  stm32f1xx_hal_gpio.o(i.HAL_GPIO_EXTI_IRQHandler)
    HAL_GPIO_Init                            0x080015fd   Thumb Code   892  stm32f1xx_hal_gpio.o(i.HAL_GPIO_Init)
    HAL_GPIO_ReadPin                         0x080019ed   Thumb Code    44  stm32f1xx_hal_gpio.o(i.HAL_GPIO_ReadPin)
    HAL_GPIO_WritePin                        0x08001a55   Thumb Code    60  stm32f1xx_hal_gpio.o(i.HAL_GPIO_WritePin)
    HAL_GetTick                              0x08001acd   Thumb Code     6  stm32f1xx_hal.o(i.HAL_GetTick)
    HAL_I2C_Init                             0x08001ad9   Thumb Code   656  stm32f1xx_hal_i2c.o(i.HAL_I2C_Init)
    HAL_I2C_MspInit                          0x08001dbd   Thumb Code   104  stm32f1xx_hal_msp.o(i.HAL_I2C_MspInit)
    HAL_IncTick                              0x08001e31   Thumb Code    16  stm32f1xx_hal.o(i.HAL_IncTick)
    HAL_Init                                 0x08001e49   Thumb Code    34  stm32f1xx_hal.o(i.HAL_Init)
    HAL_InitTick                             0x08001e71   Thumb Code    64  stm32f1xx_hal.o(i.HAL_InitTick)
    HAL_MspInit                              0x08001ebd   Thumb Code    76  stm32f1xx_hal_msp.o(i.HAL_MspInit)
    HAL_NVIC_EnableIRQ                       0x08001f11   Thumb Code    48  stm32f1xx_hal_cortex.o(i.HAL_NVIC_EnableIRQ)
    HAL_NVIC_SetPriority                     0x08001f7d   Thumb Code   152  stm32f1xx_hal_cortex.o(i.HAL_NVIC_SetPriority)
    HAL_NVIC_SetPriorityGrouping             0x08002051   Thumb Code    66  stm32f1xx_hal_cortex.o(i.HAL_NVIC_SetPriorityGrouping)
    HAL_PCDEx_PMAConfig                      0x080020d9   Thumb Code    68  stm32f1xx_hal_pcd_ex.o(i.HAL_PCDEx_PMAConfig)
    HAL_PCDEx_SetConnectionState             0x0800211d   Thumb Code     2  usbd_conf.o(i.HAL_PCDEx_SetConnectionState)
    HAL_PCD_DataInStageCallback              0x0800211f   Thumb Code    32  usbd_conf.o(i.HAL_PCD_DataInStageCallback)
    HAL_PCD_DataOutStageCallback             0x0800213f   Thumb Code    32  usbd_conf.o(i.HAL_PCD_DataOutStageCallback)
    HAL_PCD_EP_Close                         0x0800215f   Thumb Code   106  stm32f1xx_hal_pcd.o(i.HAL_PCD_EP_Close)
    HAL_PCD_EP_ClrStall                      0x080021c9   Thumb Code   124  stm32f1xx_hal_pcd.o(i.HAL_PCD_EP_ClrStall)
    HAL_PCD_EP_Open                          0x080028c5   Thumb Code   140  stm32f1xx_hal_pcd.o(i.HAL_PCD_EP_Open)
    HAL_PCD_EP_Receive                       0x08002951   Thumb Code    76  stm32f1xx_hal_pcd.o(i.HAL_PCD_EP_Receive)
    HAL_PCD_EP_SetStall                      0x0800299d   Thumb Code   136  stm32f1xx_hal_pcd.o(i.HAL_PCD_EP_SetStall)
    HAL_PCD_EP_Transmit                      0x08002a25   Thumb Code    86  stm32f1xx_hal_pcd.o(i.HAL_PCD_EP_Transmit)
    HAL_PCD_IRQHandler                       0x08002a7b   Thumb Code   482  stm32f1xx_hal_pcd.o(i.HAL_PCD_IRQHandler)
    HAL_PCD_Init                             0x08002c5d   Thumb Code   362  stm32f1xx_hal_pcd.o(i.HAL_PCD_Init)
    HAL_PCD_MspInit                          0x08002e05   Thumb Code    58  usbd_conf.o(i.HAL_PCD_MspInit)
    HAL_PCD_ResetCallback                    0x08002e49   Thumb Code    36  usbd_conf.o(i.HAL_PCD_ResetCallback)
    HAL_PCD_ResumeCallback                   0x08002e6d   Thumb Code    14  usbd_conf.o(i.HAL_PCD_ResumeCallback)
    HAL_PCD_SOFCallback                      0x08002e7b   Thumb Code    14  usbd_conf.o(i.HAL_PCD_SOFCallback)
    HAL_PCD_SetAddress                       0x08002e89   Thumb Code    54  stm32f1xx_hal_pcd.o(i.HAL_PCD_SetAddress)
    HAL_PCD_SetupStageCallback               0x08002ebf   Thumb Code    18  usbd_conf.o(i.HAL_PCD_SetupStageCallback)
    HAL_PCD_Start                            0x08002ed1   Thumb Code    60  stm32f1xx_hal_pcd.o(i.HAL_PCD_Start)
    HAL_PCD_SuspendCallback                  0x08002f0d   Thumb Code    30  usbd_conf.o(i.HAL_PCD_SuspendCallback)
    HAL_RCCEx_PeriphCLKConfig                0x08002f31   Thumb Code   432  stm32f1xx_hal_rcc_ex.o(i.HAL_RCCEx_PeriphCLKConfig)
    HAL_RCC_ClockConfig                      0x08003129   Thumb Code   636  stm32f1xx_hal_rcc.o(i.HAL_RCC_ClockConfig)
    HAL_RCC_GetHCLKFreq                      0x080033f1   Thumb Code     6  stm32f1xx_hal_rcc.o(i.HAL_RCC_GetHCLKFreq)
    HAL_RCC_GetPCLK1Freq                     0x080033fd   Thumb Code    22  stm32f1xx_hal_rcc.o(i.HAL_RCC_GetPCLK1Freq)
    HAL_RCC_GetPCLK2Freq                     0x0800341d   Thumb Code    22  stm32f1xx_hal_rcc.o(i.HAL_RCC_GetPCLK2Freq)
    HAL_RCC_GetSysClockFreq                  0x0800343d   Thumb Code   116  stm32f1xx_hal_rcc.o(i.HAL_RCC_GetSysClockFreq)
    HAL_RCC_OscConfig                        0x080034d1   Thumb Code  1564  stm32f1xx_hal_rcc.o(i.HAL_RCC_OscConfig)
    HAL_SYSTICK_Config                       0x08003af5   Thumb Code    52  stm32f1xx_hal_cortex.o(i.HAL_SYSTICK_Config)
    HAL_TIMEx_BreakCallback                  0x08003b29   Thumb Code     2  stm32f1xx_hal_tim_ex.o(i.HAL_TIMEx_BreakCallback)
    HAL_TIMEx_CommutCallback                 0x08003b2b   Thumb Code     2  stm32f1xx_hal_tim_ex.o(i.HAL_TIMEx_CommutCallback)
    HAL_TIMEx_MasterConfigSynchronization    0x08003b2d   Thumb Code   246  stm32f1xx_hal_tim_ex.o(i.HAL_TIMEx_MasterConfigSynchronization)
    HAL_TIM_Base_Init                        0x08003c6d   Thumb Code   240  stm32f1xx_hal_tim.o(i.HAL_TIM_Base_Init)
    HAL_TIM_Base_MspInit                     0x08003da1   Thumb Code    58  stm32f1xx_hal_msp.o(i.HAL_TIM_Base_MspInit)
    HAL_TIM_Base_Start_IT                    0x08003de1   Thumb Code   152  stm32f1xx_hal_tim.o(i.HAL_TIM_Base_Start_IT)
    HAL_TIM_ConfigClockSource                0x08003ebd   Thumb Code  1028  stm32f1xx_hal_tim.o(i.HAL_TIM_ConfigClockSource)
    HAL_TIM_IC_CaptureCallback               0x08004305   Thumb Code     2  stm32f1xx_hal_tim.o(i.HAL_TIM_IC_CaptureCallback)
    HAL_TIM_IRQHandler                       0x08004307   Thumb Code   406  stm32f1xx_hal_tim.o(i.HAL_TIM_IRQHandler)
    HAL_TIM_OC_DelayElapsedCallback          0x0800449d   Thumb Code     2  stm32f1xx_hal_tim.o(i.HAL_TIM_OC_DelayElapsedCallback)
    HAL_TIM_PWM_PulseFinishedCallback        0x0800449f   Thumb Code     2  stm32f1xx_hal_tim.o(i.HAL_TIM_PWM_PulseFinishedCallback)
    HAL_TIM_PeriodElapsedCallback            0x080044a1   Thumb Code   148  main_1.o(i.HAL_TIM_PeriodElapsedCallback)
    HAL_TIM_TriggerCallback                  0x08004555   Thumb Code     2  stm32f1xx_hal_tim.o(i.HAL_TIM_TriggerCallback)
    HAL_UART_Init                            0x08004559   Thumb Code   250  stm32f1xx_hal_uart.o(i.HAL_UART_Init)
    HAL_UART_MspInit                         0x0800469d   Thumb Code   122  stm32f1xx_hal_msp.o(i.HAL_UART_MspInit)
    HardFault_Handler                        0x08004725   Thumb Code     2  stm32f1xx_it.o(i.HardFault_Handler)
    MX_USB_DEVICE_Init                       0x08004765   Thumb Code    46  usb_device.o(i.MX_USB_DEVICE_Init)
    MemManage_Handler                        0x080047a1   Thumb Code     2  stm32f1xx_it.o(i.MemManage_Handler)
    NMI_Handler                              0x080047a3   Thumb Code     2  stm32f1xx_it.o(i.NMI_Handler)
    PendSV_Handler                           0x08004b97   Thumb Code     2  stm32f1xx_it.o(i.PendSV_Handler)
    SVC_Handler                              0x08004bc1   Thumb Code     2  stm32f1xx_it.o(i.SVC_Handler)
    SysTick_Handler                          0x08004bc3   Thumb Code     4  stm32f1xx_it.o(i.SysTick_Handler)
    SystemInit                               0x08004bc7   Thumb Code     2  system_stm32f1xx.o(i.SystemInit)
    TIM2_IRQHandler                          0x08004bc9   Thumb Code     6  stm32f1xx_it.o(i.TIM2_IRQHandler)
    TIM_Base_SetConfig                       0x08004bd5   Thumb Code   104  stm32f1xx_hal_tim.o(i.TIM_Base_SetConfig)
    TIM_ETR_SetConfig                        0x08004c49   Thumb Code    22  stm32f1xx_hal_tim.o(i.TIM_ETR_SetConfig)
    TM_HD44780_Clear                         0x08004cbf   Thumb Code    18  tm_stm32_hd44780.o(i.TM_HD44780_Clear)
    TM_HD44780_DisplayOn                     0x08004d8d   Thumb Code    18  tm_stm32_hd44780.o(i.TM_HD44780_DisplayOn)
    TM_HD44780_Init                          0x08004da5   Thumb Code   128  tm_stm32_hd44780.o(i.TM_HD44780_Init)
    USBD_ClrClassConfig                      0x08005035   Thumb Code    22  usbd_core.o(i.USBD_ClrClassConfig)
    USBD_CtlContinueRx                       0x08005089   Thumb Code    24  usbd_ioreq.o(i.USBD_CtlContinueRx)
    USBD_CtlContinueSendData                 0x080050a1   Thumb Code    24  usbd_ioreq.o(i.USBD_CtlContinueSendData)
    USBD_CtlError                            0x080050b9   Thumb Code    24  usbd_ctlreq.o(i.USBD_CtlError)
    USBD_CtlReceiveStatus                    0x080050d1   Thumb Code    26  usbd_ioreq.o(i.USBD_CtlReceiveStatus)
    USBD_CtlSendData                         0x080050eb   Thumb Code    34  usbd_ioreq.o(i.USBD_CtlSendData)
    USBD_CtlSendStatus                       0x0800510d   Thumb Code    26  usbd_ioreq.o(i.USBD_CtlSendStatus)
    USBD_FS_ConfigStrDescriptor              0x08005129   Thumb Code    34  usbd_desc.o(i.USBD_FS_ConfigStrDescriptor)
    USBD_FS_DeviceDescriptor                 0x0800515d   Thumb Code    10  usbd_desc.o(i.USBD_FS_DeviceDescriptor)
    USBD_FS_InterfaceStrDescriptor           0x0800516d   Thumb Code    34  usbd_desc.o(i.USBD_FS_InterfaceStrDescriptor)
    USBD_FS_LangIDStrDescriptor              0x080051a5   Thumb Code    10  usbd_desc.o(i.USBD_FS_LangIDStrDescriptor)
    USBD_FS_ManufacturerStrDescriptor        0x080051b5   Thumb Code    20  usbd_desc.o(i.USBD_FS_ManufacturerStrDescriptor)
    USBD_FS_ProductStrDescriptor             0x080051e1   Thumb Code    34  usbd_desc.o(i.USBD_FS_ProductStrDescriptor)
    USBD_FS_SerialStrDescriptor              0x08005221   Thumb Code    18  usbd_desc.o(i.USBD_FS_SerialStrDescriptor)
    USBD_GetString                           0x080054f1   Thumb Code    82  usbd_ctlreq.o(i.USBD_GetString)
    USBD_Init                                0x08005785   Thumb Code    50  usbd_core.o(i.USBD_Init)
    USBD_LL_ClearStallEP                     0x080057b7   Thumb Code    38  usbd_conf.o(i.USBD_LL_ClearStallEP)
    USBD_LL_CloseEP                          0x080057dd   Thumb Code    38  usbd_conf.o(i.USBD_LL_CloseEP)
    USBD_LL_DataInStage                      0x08005803   Thumb Code   256  usbd_core.o(i.USBD_LL_DataInStage)
    USBD_LL_DataOutStage                     0x08005903   Thumb Code   166  usbd_core.o(i.USBD_LL_DataOutStage)
    USBD_LL_Init                             0x080059a9   Thumb Code    96  usbd_conf.o(i.USBD_LL_Init)
    USBD_LL_IsStallEP                        0x08005a11   Thumb Code    56  usbd_conf.o(i.USBD_LL_IsStallEP)
    USBD_LL_OpenEP                           0x08005a49   Thumb Code    48  usbd_conf.o(i.USBD_LL_OpenEP)
    USBD_LL_PrepareReceive                   0x08005a79   Thumb Code    48  usbd_conf.o(i.USBD_LL_PrepareReceive)
    USBD_LL_Reset                            0x08005aa9   Thumb Code    92  usbd_core.o(i.USBD_LL_Reset)
    USBD_LL_Resume                           0x08005b05   Thumb Code    22  usbd_core.o(i.USBD_LL_Resume)
    USBD_LL_SOF                              0x08005b1b   Thumb Code    34  usbd_core.o(i.USBD_LL_SOF)
    USBD_LL_SetSpeed                         0x08005b3d   Thumb Code     8  usbd_core.o(i.USBD_LL_SetSpeed)
    USBD_LL_SetUSBAddress                    0x08005b45   Thumb Code    38  usbd_conf.o(i.USBD_LL_SetUSBAddress)
    USBD_LL_SetupStage                       0x08005b6b   Thumb Code   110  usbd_core.o(i.USBD_LL_SetupStage)
    USBD_LL_StallEP                          0x08005bd9   Thumb Code    38  usbd_conf.o(i.USBD_LL_StallEP)
    USBD_LL_Start                            0x08005bff   Thumb Code    30  usbd_conf.o(i.USBD_LL_Start)
    USBD_LL_Suspend                          0x08005c1d   Thumb Code    20  usbd_core.o(i.USBD_LL_Suspend)
    USBD_LL_Transmit                         0x08005c31   Thumb Code    48  usbd_conf.o(i.USBD_LL_Transmit)
    USBD_ParseSetupRequest                   0x08005c61   Thumb Code    40  usbd_ctlreq.o(i.USBD_ParseSetupRequest)
    USBD_RegisterClass                       0x08005c89   Thumb Code    16  usbd_core.o(i.USBD_RegisterClass)
    USBD_RunTestMode                         0x08005c99   Thumb Code     6  usbd_core.o(i.USBD_RunTestMode)
    USBD_SetClassConfig                      0x08005cf9   Thumb Code    34  usbd_core.o(i.USBD_SetClassConfig)
    USBD_Start                               0x08005e1d   Thumb Code    14  usbd_core.o(i.USBD_Start)
    USBD_StdDevReq                           0x08005e2b   Thumb Code   162  usbd_ctlreq.o(i.USBD_StdDevReq)
    USBD_StdEPReq                            0x08005ecd   Thumb Code   568  usbd_ctlreq.o(i.USBD_StdEPReq)
    USBD_StdItfReq                           0x08006105   Thumb Code   126  usbd_ctlreq.o(i.USBD_StdItfReq)
    USBD_static_free                         0x08006183   Thumb Code     2  usbd_conf.o(i.USBD_static_free)
    USBD_static_malloc                       0x08006185   Thumb Code     6  usbd_conf.o(i.USBD_static_malloc)
    USB_ActivateEndpoint                     0x08006191   Thumb Code  1100  stm32f1xx_ll_usb.o(i.USB_ActivateEndpoint)
    USB_CoreInit                             0x080065dd   Thumb Code     8  stm32f1xx_ll_usb.o(i.USB_CoreInit)
    USB_DeactivateEndpoint                   0x080065e5   Thumb Code   636  stm32f1xx_ll_usb.o(i.USB_DeactivateEndpoint)
    USB_DevConnect                           0x08006861   Thumb Code     6  stm32f1xx_ll_usb.o(i.USB_DevConnect)
    USB_DevDisconnect                        0x08006867   Thumb Code     6  stm32f1xx_ll_usb.o(i.USB_DevDisconnect)
    USB_DevInit                              0x0800686d   Thumb Code    22  stm32f1xx_ll_usb.o(i.USB_DevInit)
    USB_DisableGlobalInt                     0x08006883   Thumb Code    20  stm32f1xx_ll_usb.o(i.USB_DisableGlobalInt)
    USB_EP0_OutStart                         0x08006897   Thumb Code     6  stm32f1xx_ll_usb.o(i.USB_EP0_OutStart)
    USB_EPClearStall                         0x0800689d   Thumb Code   218  stm32f1xx_ll_usb.o(i.USB_EPClearStall)
    USB_EPSetStall                           0x08006977   Thumb Code    92  stm32f1xx_ll_usb.o(i.USB_EPSetStall)
    USB_EPStartXfer                          0x080069d3   Thumb Code  2954  stm32f1xx_ll_usb.o(i.USB_EPStartXfer)
    USB_EnableGlobalInt                      0x0800755d   Thumb Code    18  stm32f1xx_ll_usb.o(i.USB_EnableGlobalInt)
    USB_LP_CAN1_RX0_IRQHandler               0x08007571   Thumb Code    18  stm32f1xx_it.o(i.USB_LP_CAN1_RX0_IRQHandler)
    USB_ReadInterrupts                       0x0800758d   Thumb Code     8  stm32f1xx_ll_usb.o(i.USB_ReadInterrupts)
    USB_ReadPMA                              0x08007595   Thumb Code    74  stm32f1xx_ll_usb.o(i.USB_ReadPMA)
    USB_SetCurrentMode                       0x080075df   Thumb Code     6  stm32f1xx_ll_usb.o(i.USB_SetCurrentMode)
    USB_SetDevAddress                        0x080075e5   Thumb Code    14  stm32f1xx_ll_usb.o(i.USB_SetDevAddress)
    USB_WritePMA                             0x080075f3   Thumb Code    66  stm32f1xx_ll_usb.o(i.USB_WritePMA)
    UsageFault_Handler                       0x08007635   Thumb Code     2  stm32f1xx_it.o(i.UsageFault_Handler)
    SystemClock_Config()                     0x08007895   Thumb Code   132  main_1.o(i._Z18SystemClock_Configv)
    verifica_sentido_encoder()               0x08007951   Thumb Code    54  main_1.o(i._Z24verifica_sentido_encoderv)
    ControlIhm::leituraBotoesIhm()           0x08007991   Thumb Code    94  control_ihm.o(i._ZN10ControlIhm16leituraBotoesIhmEv)
    ControlIhm::programa_principal()         0x080079f5   Thumb Code    18  control_ihm.o(i._ZN10ControlIhm18programa_principalEv)
    ControlIhm::setBotaoSelecionado(Botbot)  0x08007a07   Thumb Code     8  control_ihm.o(i._ZN10ControlIhm19setBotaoSelecionadoE6Botbot)
    ControlIhm::getDelayAtualizaTela()       0x08007a0f   Thumb Code     6  control_ihm.o(i._ZN10ControlIhm20getDelayAtualizaTelaEv)
    ControlIhm::setDelayAtualizaTela(unsigned char) 0x08007a15   Thumb Code     4  control_ihm.o(i._ZN10ControlIhm20setDelayAtualizaTelaEh)
    ControlIhm::pega_id_marcado_de_data()    0x08007a19   Thumb Code    36  control_ihm.o(i._ZN10ControlIhm23pega_id_marcado_de_dataEv)
    ControlIhm::pega_id_marcado_de_func()    0x08007a3d   Thumb Code    36  control_ihm.o(i._ZN10ControlIhm23pega_id_marcado_de_funcEv)
    ControlIhm::getDelayLeituraBotoesIhm()   0x08007a61   Thumb Code     6  control_ihm.o(i._ZN10ControlIhm24getDelayLeituraBotoesIhmEv)
    ControlIhm::setDelayLeituraBotoesIhm(unsigned char) 0x08007a67   Thumb Code     4  control_ihm.o(i._ZN10ControlIhm24setDelayLeituraBotoesIhmEh)
    ControlIhm::sincronizar_dados_entre_placas() 0x08007a6b   Thumb Code   108  control_ihm.o(i._ZN10ControlIhm30sincronizar_dados_entre_placasEv)
    ControlIhm::iniciar()                    0x08007ad9   Thumb Code    56  control_ihm.o(i._ZN10ControlIhm7iniciarEv)
    ControlIhm::ControlIhm()                 0x08007b21   Thumb Code    26  control_ihm.o(i._ZN10ControlIhmC1Ev)
    ControlIhm::ControlIhm__sub_object()     0x08007b21   Thumb Code     0  control_ihm.o(i._ZN10ControlIhmC1Ev)
    CanMvs::send_package()                   0x08007b3b   Thumb Code    30  can_mvs.o(i._ZN6CanMvs12send_packageEv)
    CanMvs::is_HAL_CAN_busy()                0x08007b59   Thumb Code    22  can_mvs.o(i._ZN6CanMvs15is_HAL_CAN_busyEv)
    CanMvs::start_receiving(CAN_MVS_struct_id) 0x08007b6f   Thumb Code    70  can_mvs.o(i._ZN6CanMvs15start_receivingE17CAN_MVS_struct_id)
    CanMvs::mark_data_id_flag(CAN_flags_type, CAN_MVS_struct_id) 0x08007bb5   Thumb Code    26  can_mvs.o(i._ZN6CanMvs17mark_data_id_flagE14CAN_flags_type17CAN_MVS_struct_id)
    CanMvs::is_struct_id_valid(CAN_MVS_struct_id) 0x08007bcf   Thumb Code    20  can_mvs.o(i._ZN6CanMvs18is_struct_id_validE17CAN_MVS_struct_id)
    CanMvs::start_shipping_data(CAN_MVS_struct_id) 0x08007be3   Thumb Code   112  can_mvs.o(i._ZN6CanMvs19start_shipping_dataE17CAN_MVS_struct_id)
    CanMvs::unmark_data_id_flag(CAN_flags_type, CAN_MVS_struct_id) 0x08007c53   Thumb Code    28  can_mvs.o(i._ZN6CanMvs19unmark_data_id_flagE14CAN_flags_type17CAN_MVS_struct_id)
    CanMvs::unmark_func_id_flag(CAN_flags_type, CAN_MVS_functions_id) 0x08007c6f   Thumb Code    28  can_mvs.o(i._ZN6CanMvs19unmark_func_id_flagE14CAN_flags_type20CAN_MVS_functions_id)
    CanMvs::connect_struct_to_id(CAN_MVS_struct_id, unsigned char*, unsigned char) 0x08007c8b   Thumb Code    42  can_mvs.o(i._ZN6CanMvs20connect_struct_to_idE17CAN_MVS_struct_idPhh)
    CanMvs::shipping_application()           0x08007cb5   Thumb Code   174  can_mvs.o(i._ZN6CanMvs20shipping_applicationEv)
    CanMvs::receive_data_callback()          0x08007d63   Thumb Code    44  can_mvs.o(i._ZN6CanMvs21receive_data_callbackEv)
    CanMvs::set_package_data_type(CAN_data_type) 0x08007d8f   Thumb Code     6  can_mvs.o(i._ZN6CanMvs21set_package_data_typeE13CAN_data_type)
    CanMvs::set_package_struct_id(CAN_MVS_struct_id) 0x08007d95   Thumb Code     6  can_mvs.o(i._ZN6CanMvs21set_package_struct_idE17CAN_MVS_struct_id)
    CanMvs::am_i_receiving_this_id(CAN_MVS_struct_id) 0x08007d9b   Thumb Code    30  can_mvs.o(i._ZN6CanMvs22am_i_receiving_this_idE17CAN_MVS_struct_id)
    CanMvs::is_data_id_flag_marked(CAN_flags_type, CAN_MVS_struct_id) 0x08007db9   Thumb Code    28  can_mvs.o(i._ZN6CanMvs22is_data_id_flag_markedE14CAN_flags_type17CAN_MVS_struct_id)
    CanMvs::is_func_id_flag_marked(CAN_flags_type, CAN_MVS_functions_id) 0x08007dd5   Thumb Code    28  can_mvs.o(i._ZN6CanMvs22is_func_id_flag_markedE14CAN_flags_type20CAN_MVS_functions_id)
    CanMvs::unload_received_package()        0x08007df1   Thumb Code    64  can_mvs.o(i._ZN6CanMvs23unload_received_packageEv)
    CanMvs::callback_set_asked_flags(CAN_data_type) 0x08007e31   Thumb Code    50  can_mvs.o(i._ZN6CanMvs24callback_set_asked_flagsE13CAN_data_type)
    CanMvs::clear_pending_data_flags(CAN_flags_type) 0x08007e63   Thumb Code    12  can_mvs.o(i._ZN6CanMvs24clear_pending_data_flagsE14CAN_flags_type)
    CanMvs::clear_pending_func_flags(CAN_flags_type) 0x08007e6f   Thumb Code    12  can_mvs.o(i._ZN6CanMvs24clear_pending_func_flagsE14CAN_flags_type)
    CanMvs::process_received_package()       0x08007e7b   Thumb Code    86  can_mvs.o(i._ZN6CanMvs24process_received_packageEv)
    CanMvs::was_all_pending_data_sent()      0x08007ed1   Thumb Code    22  can_mvs.o(i._ZN6CanMvs25was_all_pending_data_sentEv)
    CanMvs::prepare_package_to_be_send(CAN_data_type) 0x08007ee7   Thumb Code   180  can_mvs.o(i._ZN6CanMvs26prepare_package_to_be_sendE13CAN_data_type)
    CanMvs::identify_received_data_type()    0x08007f9b   Thumb Code     8  can_mvs.o(i._ZN6CanMvs27identify_received_data_typeEv)
    CanMvs::identify_received_struct_id()    0x08007fa3   Thumb Code     8  can_mvs.o(i._ZN6CanMvs27identify_received_struct_idEv)
    CanMvs::copy_built_struct_to_destiny()   0x08007fab   Thumb Code    30  can_mvs.o(i._ZN6CanMvs28copy_built_struct_to_destinyEv)
    CanMvs::was_all_pending_data_received()  0x08007fc9   Thumb Code    22  can_mvs.o(i._ZN6CanMvs29was_all_pending_data_receivedEv)
    CanMvs::is_there_any_data_id_flag_marked(CAN_flags_type) 0x08007fdf   Thumb Code    20  can_mvs.o(i._ZN6CanMvs32is_there_any_data_id_flag_markedE14CAN_flags_type)
    CanMvs::is_there_any_func_id_flag_marked(CAN_flags_type) 0x08007ff3   Thumb Code    20  can_mvs.o(i._ZN6CanMvs32is_there_any_func_id_flag_markedE14CAN_flags_type)
    CanMvs::init(__CAN_HandleTypeDef*)       0x08008007   Thumb Code     4  can_mvs.o(i._ZN6CanMvs4initEP19__CAN_HandleTypeDef)
    CanMvs::CanMvs()                         0x0800800b   Thumb Code    68  can_mvs.o(i._ZN6CanMvsC1Ev)
    CanMvs::CanMvs__sub_object()             0x0800800b   Thumb Code     0  can_mvs.o(i._ZN6CanMvsC1Ev)
    assert_failed                            0x08008099   Thumb Code     2  main_1.o(i.assert_failed)
    delayUs                                  0x0800809b   Thumb Code    22  tm_stm32_hd44780.o(i.delayUs)
    getUs                                    0x080080b1   Thumb Code    66  tm_stm32_hd44780.o(i.getUs)
    main                                     0x080080f9   Thumb Code    80  main_1.o(i.main)
    AHBPrescTable                            0x08008154   Data          16  system_stm32f1xx.o(.constdata)
    APBPrescTable                            0x08008164   Data           8  system_stm32f1xx.o(.constdata)
    Region$$Table$$Base                      0x0800816c   Number         0  anon$$obj.o(Region$$Table)
    Region$$Table$$Limit                     0x0800818c   Number         0  anon$$obj.o(Region$$Table)
    SHT$$INIT_ARRAY$$Base                    0x0800818c   Number         0  main_1.o(.init_array)
    SHT$$INIT_ARRAY$$Limit                   0x08008190   Number         0  init_aeabi.o(.init_array)
    hcrc                                     0x20000008   Data           8  main_1.o(.data)
    count                                    0x20000010   Data           4  main_1.o(.data)
    TxMailbox                                0x20000014   Data           4  main_1.o(.data)
    datacheck                                0x20000018   Data           1  main_1.o(.data)
    count_callback                           0x2000001a   Data           2  main_1.o(.data)
    refresh_display                          0x2000001c   Data           1  main_1.o(.data)
    numero_na_tela                           0x20000020   Data           4  main_1.o(.data)
    encoderPressionado                       0x20000024   Data           1  main_1.o(.data)
    countParaVoltar                          0x20000028   Data           4  main_1.o(.data)
    botaoVoltarFoiAtivado                    0x2000002c   Data           1  main_1.o(.data)
    FS_Desc                                  0x20000030   Data          28  usbd_desc.o(.data)
    USBD_FS_DeviceDesc                       0x2000004c   Data          18  usbd_desc.o(.data)
    USBD_LangIDDesc                          0x20000060   Data           4  usbd_desc.o(.data)
    USBD_StringSerial                        0x20000064   Data          26  usbd_desc.o(.data)
    uwTick                                   0x20000080   Data           4  stm32f1xx_hal.o(.data)
    uwTickPrio                               0x20000084   Data           4  stm32f1xx_hal.o(.data)
    uwTickFreq                               0x20000088   Data           1  stm32f1xx_hal.o(.data)
    SystemCoreClock                          0x2000008c   Data           4  system_stm32f1xx.o(.data)
    USBD_HID                                 0x20000094   Data          56  usbd_hid.o(.data)
    struct_exemplo_1                         0x2000019c   Data           8  control_ihm.o(.data)
    struct_exemplo_2                         0x200001a4   Data           8  control_ihm.o(.data)
    opcao_can                                0x200001ac   Data           1  control_ihm.o(.data)
    hcan                                     0x200001b0   Data          40  main_1.o(.bss)
    hi2c1                                    0x200001d8   Data          84  main_1.o(.bss)
    htim2                                    0x2000022c   Data          72  main_1.o(.bss)
    huart1                                   0x20000274   Data          68  main_1.o(.bss)
    ctrlIhm                                  0x200002b8   Data         136  main_1.o(.bss)
    texto                                    0x20000340   Data          20  main_1.o(.bss)
    stringRetorno                            0x20000354   Data          10  main_1.o(.bss)
    hUsbDeviceFS                             0x20000360   Data         708  usb_device.o(.bss)
    USBD_StrDesc                             0x20000624   Data         512  usbd_desc.o(.bss)
    hpcd_USB_FS                              0x20000824   Data         748  usbd_conf.o(.bss)
    __libspace_start                         0x20000b24   Data          96  libspace.o(.bss)
    __temporary_stack_top$libspace           0x20000b84   Data           0  libspace.o(.bss)



==============================================================================

Memory Map of the image

  Image Entry point : 0x080000ed

  Load Region LR_IROM1 (Base: 0x08000000, Size: 0x00008340, Max: 0x00010000, ABSOLUTE, COMPRESSED[0x0000826c])

    Execution Region ER_IROM1 (Exec base: 0x08000000, Load base: 0x08000000, Size: 0x00008190, Max: 0x00010000, ABSOLUTE)

    Exec Addr    Load Addr    Size         Type   Attr      Idx    E Section Name        Object

    0x08000000   0x08000000   0x000000ec   Data   RO            3    RESET               startup_stm32f103xb.o
    0x080000ec   0x080000ec   0x00000008   Code   RO         6383  * !!!main             c_w.l(__main.o)
    0x080000f4   0x080000f4   0x00000034   Code   RO         6689    !!!scatter          c_w.l(__scatter.o)
    0x08000128   0x08000128   0x0000005a   Code   RO         6687    !!dczerorl2         c_w.l(__dczerorl2.o)
    0x08000182   0x08000182   0x00000002   PAD
    0x08000184   0x08000184   0x0000001c   Code   RO         6691    !!handler_zi        c_w.l(__scatter_zi.o)
    0x080001a0   0x080001a0   0x00000002   Code   RO         6626    .ARM.Collect$$libinit$$00000000  c_w.l(libinit.o)
    0x080001a2   0x080001a2   0x00000000   Code   RO         6461    .ARM.Collect$$libinit$$00000002  c_w.l(libinit2.o)
    0x080001a2   0x080001a2   0x00000000   Code   RO         6463    .ARM.Collect$$libinit$$00000004  c_w.l(libinit2.o)
    0x080001a2   0x080001a2   0x00000008   Code   RO         6464    .ARM.Collect$$libinit$$00000005  c_w.l(libinit2.o)
    0x080001aa   0x080001aa   0x00000000   Code   RO         6466    .ARM.Collect$$libinit$$0000000A  c_w.l(libinit2.o)
    0x080001aa   0x080001aa   0x00000000   Code   RO         6468    .ARM.Collect$$libinit$$0000000C  c_w.l(libinit2.o)
    0x080001aa   0x080001aa   0x00000000   Code   RO         6470    .ARM.Collect$$libinit$$0000000E  c_w.l(libinit2.o)
    0x080001aa   0x080001aa   0x00000000   Code   RO         6473    .ARM.Collect$$libinit$$00000011  c_w.l(libinit2.o)
    0x080001aa   0x080001aa   0x00000000   Code   RO         6475    .ARM.Collect$$libinit$$00000013  c_w.l(libinit2.o)
    0x080001aa   0x080001aa   0x00000000   Code   RO         6477    .ARM.Collect$$libinit$$00000015  c_w.l(libinit2.o)
    0x080001aa   0x080001aa   0x00000000   Code   RO         6479    .ARM.Collect$$libinit$$00000017  c_w.l(libinit2.o)
    0x080001aa   0x080001aa   0x00000000   Code   RO         6481    .ARM.Collect$$libinit$$00000019  c_w.l(libinit2.o)
    0x080001aa   0x080001aa   0x00000000   Code   RO         6483    .ARM.Collect$$libinit$$0000001B  c_w.l(libinit2.o)
    0x080001aa   0x080001aa   0x00000000   Code   RO         6485    .ARM.Collect$$libinit$$0000001D  c_w.l(libinit2.o)
    0x080001aa   0x080001aa   0x00000000   Code   RO         6487    .ARM.Collect$$libinit$$0000001F  c_w.l(libinit2.o)
    0x080001aa   0x080001aa   0x00000000   Code   RO         6489    .ARM.Collect$$libinit$$00000021  c_w.l(libinit2.o)
    0x080001aa   0x080001aa   0x00000000   Code   RO         6491    .ARM.Collect$$libinit$$00000023  c_w.l(libinit2.o)
    0x080001aa   0x080001aa   0x00000000   Code   RO         6493    .ARM.Collect$$libinit$$00000025  c_w.l(libinit2.o)
    0x080001aa   0x080001aa   0x00000000   Code   RO         6497    .ARM.Collect$$libinit$$0000002C  c_w.l(libinit2.o)
    0x080001aa   0x080001aa   0x00000000   Code   RO         6499    .ARM.Collect$$libinit$$0000002E  c_w.l(libinit2.o)
    0x080001aa   0x080001aa   0x00000000   Code   RO         6501    .ARM.Collect$$libinit$$00000030  c_w.l(libinit2.o)
    0x080001aa   0x080001aa   0x00000004   Code   RO         6502    .ARM.Collect$$libinit$$00000031  c_w.l(libinit2.o)
    0x080001ae   0x080001ae   0x00000000   Code   RO         6503    .ARM.Collect$$libinit$$00000032  c_w.l(libinit2.o)
    0x080001ae   0x080001ae   0x00000002   Code   RO         6504    .ARM.Collect$$libinit$$00000033  c_w.l(libinit2.o)
    0x080001b0   0x080001b0   0x00000002   Code   RO         6684    .ARM.Collect$$libshutdown$$00000000  c_w.l(libshutdown.o)
    0x080001b2   0x080001b2   0x00000000   Code   RO         6640    .ARM.Collect$$libshutdown$$00000002  c_w.l(libshutdown2.o)
    0x080001b2   0x080001b2   0x00000000   Code   RO         6642    .ARM.Collect$$libshutdown$$00000004  c_w.l(libshutdown2.o)
    0x080001b2   0x080001b2   0x00000000   Code   RO         6645    .ARM.Collect$$libshutdown$$00000007  c_w.l(libshutdown2.o)
    0x080001b2   0x080001b2   0x00000000   Code   RO         6648    .ARM.Collect$$libshutdown$$0000000A  c_w.l(libshutdown2.o)
    0x080001b2   0x080001b2   0x00000000   Code   RO         6650    .ARM.Collect$$libshutdown$$0000000C  c_w.l(libshutdown2.o)
    0x080001b2   0x080001b2   0x00000000   Code   RO         6653    .ARM.Collect$$libshutdown$$0000000F  c_w.l(libshutdown2.o)
    0x080001b2   0x080001b2   0x00000002   Code   RO         6654    .ARM.Collect$$libshutdown$$00000010  c_w.l(libshutdown2.o)
    0x080001b4   0x080001b4   0x00000000   Code   RO         6423    .ARM.Collect$$rtentry$$00000000  c_w.l(__rtentry.o)
    0x080001b4   0x080001b4   0x00000000   Code   RO         6524    .ARM.Collect$$rtentry$$00000002  c_w.l(__rtentry2.o)
    0x080001b4   0x080001b4   0x00000006   Code   RO         6536    .ARM.Collect$$rtentry$$00000004  c_w.l(__rtentry4.o)
    0x080001ba   0x080001ba   0x00000000   Code   RO         6526    .ARM.Collect$$rtentry$$00000009  c_w.l(__rtentry2.o)
    0x080001ba   0x080001ba   0x00000004   Code   RO         6527    .ARM.Collect$$rtentry$$0000000A  c_w.l(__rtentry2.o)
    0x080001be   0x080001be   0x00000000   Code   RO         6529    .ARM.Collect$$rtentry$$0000000C  c_w.l(__rtentry2.o)
    0x080001be   0x080001be   0x00000008   Code   RO         6530    .ARM.Collect$$rtentry$$0000000D  c_w.l(__rtentry2.o)
    0x080001c6   0x080001c6   0x00000002   Code   RO         6629    .ARM.Collect$$rtexit$$00000000  c_w.l(rtexit.o)
    0x080001c8   0x080001c8   0x00000000   Code   RO         6658    .ARM.Collect$$rtexit$$00000002  c_w.l(rtexit2.o)
    0x080001c8   0x080001c8   0x00000004   Code   RO         6659    .ARM.Collect$$rtexit$$00000003  c_w.l(rtexit2.o)
    0x080001cc   0x080001cc   0x00000006   Code   RO         6660    .ARM.Collect$$rtexit$$00000004  c_w.l(rtexit2.o)
    0x080001d2   0x080001d2   0x00000002   PAD
    0x080001d4   0x080001d4   0x00000000   Code   RO         6545    .emb_text           c_w.l(maybetermalloc1.o)
    0x080001d4   0x080001d4   0x00000040   Code   RO            4    .text               startup_stm32f103xb.o
    0x08000214   0x08000214   0x0000005e   Code   RO         6282    .text               c_w.l(h1_alloc.o)
    0x08000272   0x08000272   0x0000004e   Code   RO         6284    .text               c_w.l(h1_free.o)
    0x080002c0   0x080002c0   0x0000008a   Code   RO         6375    .text               c_w.l(rt_memcpy_v6.o)
    0x0800034a   0x0800034a   0x00000064   Code   RO         6377    .text               c_w.l(rt_memcpy_w.o)
    0x080003ae   0x080003ae   0x0000004e   Code   RO         6379    .text               c_w.l(rt_memclr_w.o)
    0x080003fc   0x080003fc   0x00000006   Code   RO         6381    .text               c_w.l(heapauxi.o)
    0x08000402   0x08000402   0x00000002   PAD
    0x08000404   0x08000404   0x00000024   Code   RO         6388    .text               c_w.l(init_aeabi.o)
    0x08000428   0x08000428   0x00000008   Code   RO         6427    .text               c_w.l(rt_heap_descriptor_intlibspace.o)
    0x08000430   0x08000430   0x00000004   Code   RO         6429    .text               c_w.l(hguard.o)
    0x08000434   0x08000434   0x0000008a   Code   RO         6431    .text               c_w.l(init_alloc.o)
    0x080004be   0x080004be   0x0000000e   Code   RO         6435    .text               c_w.l(h1_init.o)
    0x080004cc   0x080004cc   0x00000008   Code   RO         6520    .text               c_w.l(libspace.o)
    0x080004d4   0x080004d4   0x00000034   Code   RO         6547    .text               c_w.l(h1_extend.o)
    0x08000508   0x08000508   0x0000000e   Code   RO         6585    .text               c_w.l(defsig_rtmem_outer.o)
    0x08000516   0x08000516   0x00000002   Code   RO         6600    .text               c_w.l(use_no_semi.o)
    0x08000518   0x08000518   0x00000000   Code   RO         6602    .text               c_w.l(indicate_semi.o)
    0x08000518   0x08000518   0x0000004a   Code   RO         6603    .text               c_w.l(sys_stackheap_outer.o)
    0x08000562   0x08000562   0x00000012   Code   RO         6609    .text               c_w.l(exit.o)
    0x08000574   0x08000574   0x0000000a   Code   RO         6611    .text               c_w.l(defsig_exit.o)
    0x0800057e   0x0800057e   0x00000002   PAD
    0x08000580   0x08000580   0x00000050   Code   RO         6613    .text               c_w.l(defsig_rtmem_inner.o)
    0x080005d0   0x080005d0   0x0000000c   Code   RO         6627    .text               c_w.l(sys_exit.o)
    0x080005dc   0x080005dc   0x00000032   Code   RO         6637    .text               c_w.l(defsig_general.o)
    0x0800060e   0x0800060e   0x0000000e   Code   RO         6655    .text               c_w.l(sys_wrch.o)
    0x0800061c   0x0800061c   0x00000002   Code   RO          530    i.BusFault_Handler  stm32f1xx_it.o
    0x0800061e   0x0800061e   0x00000002   PAD
    0x08000620   0x08000620   0x0000000c   Code   RO          531    i.CAN1_RX1_IRQHandler  stm32f1xx_it.o
    0x0800062c   0x0800062c   0x00000002   Code   RO          532    i.DebugMon_Handler  stm32f1xx_it.o
    0x0800062e   0x0800062e   0x00000006   Code   RO          533    i.EXTI3_IRQHandler  stm32f1xx_it.o
    0x08000634   0x08000634   0x00000006   Code   RO          534    i.EXTI9_5_IRQHandler  stm32f1xx_it.o
    0x0800063a   0x0800063a   0x00000006   Code   RO          254    i.Error_Handler     main_1.o
    0x08000640   0x08000640   0x00000034   Code   RO          790    i.Get_SerialNum     usbd_desc.o
    0x08000674   0x08000674   0x0000007c   Code   RO         2588    i.HAL_CAN_ActivateNotification  stm32f1xx_hal_can.o
    0x080006f0   0x080006f0   0x000001ec   Code   RO         2589    i.HAL_CAN_AddTxMessage  stm32f1xx_hal_can.o
    0x080008dc   0x080008dc   0x00000208   Code   RO         2590    i.HAL_CAN_ConfigFilter  stm32f1xx_hal_can.o
    0x08000ae4   0x08000ae4   0x0000007c   Code   RO         2592    i.HAL_CAN_DeactivateNotification  stm32f1xx_hal_can.o
    0x08000b60   0x08000b60   0x00000002   Code   RO         2593    i.HAL_CAN_ErrorCallback  stm32f1xx_hal_can.o
    0x08000b62   0x08000b62   0x00000002   PAD
    0x08000b64   0x08000b64   0x000001d4   Code   RO         2596    i.HAL_CAN_GetRxMessage  stm32f1xx_hal_can.o
    0x08000d38   0x08000d38   0x0000024e   Code   RO         2600    i.HAL_CAN_IRQHandler  stm32f1xx_hal_can.o
    0x08000f86   0x08000f86   0x00000002   PAD
    0x08000f88   0x08000f88   0x00000380   Code   RO         2601    i.HAL_CAN_Init      stm32f1xx_hal_can.o
    0x08001308   0x08001308   0x00000074   Code   RO         2603    i.HAL_CAN_IsTxMessagePending  stm32f1xx_hal_can.o
    0x0800137c   0x0800137c   0x000000c0   Code   RO          641    i.HAL_CAN_MspInit   stm32f1xx_hal_msp.o
    0x0800143c   0x0800143c   0x00000002   Code   RO         2608    i.HAL_CAN_RxFifo0FullCallback  stm32f1xx_hal_can.o
    0x0800143e   0x0800143e   0x00000002   Code   RO         2609    i.HAL_CAN_RxFifo0MsgPendingCallback  stm32f1xx_hal_can.o
    0x08001440   0x08001440   0x00000002   Code   RO         2610    i.HAL_CAN_RxFifo1FullCallback  stm32f1xx_hal_can.o
    0x08001442   0x08001442   0x00000002   PAD
    0x08001444   0x08001444   0x00000020   Code   RO          255    i.HAL_CAN_RxFifo1MsgPendingCallback  main_1.o
    0x08001464   0x08001464   0x00000002   Code   RO         2612    i.HAL_CAN_SleepCallback  stm32f1xx_hal_can.o
    0x08001466   0x08001466   0x0000005e   Code   RO         2613    i.HAL_CAN_Start     stm32f1xx_hal_can.o
    0x080014c4   0x080014c4   0x00000002   Code   RO         2615    i.HAL_CAN_TxMailbox0AbortCallback  stm32f1xx_hal_can.o
    0x080014c6   0x080014c6   0x00000002   Code   RO         2616    i.HAL_CAN_TxMailbox0CompleteCallback  stm32f1xx_hal_can.o
    0x080014c8   0x080014c8   0x00000002   Code   RO         2617    i.HAL_CAN_TxMailbox1AbortCallback  stm32f1xx_hal_can.o
    0x080014ca   0x080014ca   0x00000002   Code   RO         2618    i.HAL_CAN_TxMailbox1CompleteCallback  stm32f1xx_hal_can.o
    0x080014cc   0x080014cc   0x00000002   Code   RO         2619    i.HAL_CAN_TxMailbox2AbortCallback  stm32f1xx_hal_can.o
    0x080014ce   0x080014ce   0x00000002   Code   RO         2620    i.HAL_CAN_TxMailbox2CompleteCallback  stm32f1xx_hal_can.o
    0x080014d0   0x080014d0   0x00000002   Code   RO         2622    i.HAL_CAN_WakeUpFromRxMsgCallback  stm32f1xx_hal_can.o
    0x080014d2   0x080014d2   0x00000002   PAD
    0x080014d4   0x080014d4   0x00000070   Code   RO         2825    i.HAL_CRC_Init      stm32f1xx_hal_crc.o
    0x08001544   0x08001544   0x00000030   Code   RO          643    i.HAL_CRC_MspInit   stm32f1xx_hal_msp.o
    0x08001574   0x08001574   0x00000028   Code   RO         1588    i.HAL_Delay         stm32f1xx_hal.o
    0x0800159c   0x0800159c   0x00000044   Code   RO          256    i.HAL_GPIO_EXTI_Callback  main_1.o
    0x080015e0   0x080015e0   0x0000001c   Code   RO         1900    i.HAL_GPIO_EXTI_IRQHandler  stm32f1xx_hal_gpio.o
    0x080015fc   0x080015fc   0x000003f0   Code   RO         1901    i.HAL_GPIO_Init     stm32f1xx_hal_gpio.o
    0x080019ec   0x080019ec   0x00000068   Code   RO         1903    i.HAL_GPIO_ReadPin  stm32f1xx_hal_gpio.o
    0x08001a54   0x08001a54   0x00000078   Code   RO         1905    i.HAL_GPIO_WritePin  stm32f1xx_hal_gpio.o
    0x08001acc   0x08001acc   0x0000000c   Code   RO         1592    i.HAL_GetTick       stm32f1xx_hal.o
    0x08001ad8   0x08001ad8   0x000002e4   Code   RO         2892    i.HAL_I2C_Init      stm32f1xx_hal_i2c.o
    0x08001dbc   0x08001dbc   0x00000074   Code   RO          645    i.HAL_I2C_MspInit   stm32f1xx_hal_msp.o
    0x08001e30   0x08001e30   0x00000018   Code   RO         1598    i.HAL_IncTick       stm32f1xx_hal.o
    0x08001e48   0x08001e48   0x00000028   Code   RO         1599    i.HAL_Init          stm32f1xx_hal.o
    0x08001e70   0x08001e70   0x0000004c   Code   RO         1600    i.HAL_InitTick      stm32f1xx_hal.o
    0x08001ebc   0x08001ebc   0x00000054   Code   RO          646    i.HAL_MspInit       stm32f1xx_hal_msp.o
    0x08001f10   0x08001f10   0x0000006c   Code   RO         2061    i.HAL_NVIC_EnableIRQ  stm32f1xx_hal_cortex.o
    0x08001f7c   0x08001f7c   0x000000d4   Code   RO         2067    i.HAL_NVIC_SetPriority  stm32f1xx_hal_cortex.o
    0x08002050   0x08002050   0x00000088   Code   RO         2068    i.HAL_NVIC_SetPriorityGrouping  stm32f1xx_hal_cortex.o
    0x080020d8   0x080020d8   0x00000044   Code   RO         1361    i.HAL_PCDEx_PMAConfig  stm32f1xx_hal_pcd_ex.o
    0x0800211c   0x0800211c   0x00000002   Code   RO          880    i.HAL_PCDEx_SetConnectionState  usbd_conf.o
    0x0800211e   0x0800211e   0x00000020   Code   RO          882    i.HAL_PCD_DataInStageCallback  usbd_conf.o
    0x0800213e   0x0800213e   0x00000020   Code   RO          883    i.HAL_PCD_DataOutStageCallback  usbd_conf.o
    0x0800215e   0x0800215e   0x0000006a   Code   RO         1137    i.HAL_PCD_EP_Close  stm32f1xx_hal_pcd.o
    0x080021c8   0x080021c8   0x0000007c   Code   RO         1138    i.HAL_PCD_EP_ClrStall  stm32f1xx_hal_pcd.o
    0x08002244   0x08002244   0x00000158   Code   RO         1139    i.HAL_PCD_EP_DB_Receive  stm32f1xx_hal_pcd.o
    0x0800239c   0x0800239c   0x00000528   Code   RO         1140    i.HAL_PCD_EP_DB_Transmit  stm32f1xx_hal_pcd.o
    0x080028c4   0x080028c4   0x0000008c   Code   RO         1143    i.HAL_PCD_EP_Open   stm32f1xx_hal_pcd.o
    0x08002950   0x08002950   0x0000004c   Code   RO         1144    i.HAL_PCD_EP_Receive  stm32f1xx_hal_pcd.o
    0x0800299c   0x0800299c   0x00000088   Code   RO         1145    i.HAL_PCD_EP_SetStall  stm32f1xx_hal_pcd.o
    0x08002a24   0x08002a24   0x00000056   Code   RO         1146    i.HAL_PCD_EP_Transmit  stm32f1xx_hal_pcd.o
    0x08002a7a   0x08002a7a   0x000001e2   Code   RO         1148    i.HAL_PCD_IRQHandler  stm32f1xx_hal_pcd.o
    0x08002c5c   0x08002c5c   0x000001a8   Code   RO         1151    i.HAL_PCD_Init      stm32f1xx_hal_pcd.o
    0x08002e04   0x08002e04   0x00000044   Code   RO          888    i.HAL_PCD_MspInit   usbd_conf.o
    0x08002e48   0x08002e48   0x00000024   Code   RO          889    i.HAL_PCD_ResetCallback  usbd_conf.o
    0x08002e6c   0x08002e6c   0x0000000e   Code   RO          890    i.HAL_PCD_ResumeCallback  usbd_conf.o
    0x08002e7a   0x08002e7a   0x0000000e   Code   RO          891    i.HAL_PCD_SOFCallback  usbd_conf.o
    0x08002e88   0x08002e88   0x00000036   Code   RO         1157    i.HAL_PCD_SetAddress  stm32f1xx_hal_pcd.o
    0x08002ebe   0x08002ebe   0x00000012   Code   RO          892    i.HAL_PCD_SetupStageCallback  usbd_conf.o
    0x08002ed0   0x08002ed0   0x0000003c   Code   RO         1159    i.HAL_PCD_Start     stm32f1xx_hal_pcd.o
    0x08002f0c   0x08002f0c   0x00000024   Code   RO          893    i.HAL_PCD_SuspendCallback  usbd_conf.o
    0x08002f30   0x08002f30   0x000001f8   Code   RO         1864    i.HAL_RCCEx_PeriphCLKConfig  stm32f1xx_hal_rcc_ex.o
    0x08003128   0x08003128   0x000002c8   Code   RO         1756    i.HAL_RCC_ClockConfig  stm32f1xx_hal_rcc.o
    0x080033f0   0x080033f0   0x0000000c   Code   RO         1761    i.HAL_RCC_GetHCLKFreq  stm32f1xx_hal_rcc.o
    0x080033fc   0x080033fc   0x00000020   Code   RO         1763    i.HAL_RCC_GetPCLK1Freq  stm32f1xx_hal_rcc.o
    0x0800341c   0x0800341c   0x00000020   Code   RO         1764    i.HAL_RCC_GetPCLK2Freq  stm32f1xx_hal_rcc.o
    0x0800343c   0x0800343c   0x00000094   Code   RO         1765    i.HAL_RCC_GetSysClockFreq  stm32f1xx_hal_rcc.o
    0x080034d0   0x080034d0   0x00000624   Code   RO         1768    i.HAL_RCC_OscConfig  stm32f1xx_hal_rcc.o
    0x08003af4   0x08003af4   0x00000034   Code   RO         2072    i.HAL_SYSTICK_Config  stm32f1xx_hal_cortex.o
    0x08003b28   0x08003b28   0x00000002   Code   RO         4070    i.HAL_TIMEx_BreakCallback  stm32f1xx_hal_tim_ex.o
    0x08003b2a   0x08003b2a   0x00000002   Code   RO         4071    i.HAL_TIMEx_CommutCallback  stm32f1xx_hal_tim_ex.o
    0x08003b2c   0x08003b2c   0x00000140   Code   RO         4089    i.HAL_TIMEx_MasterConfigSynchronization  stm32f1xx_hal_tim_ex.o
    0x08003c6c   0x08003c6c   0x00000134   Code   RO         3355    i.HAL_TIM_Base_Init  stm32f1xx_hal_tim.o
    0x08003da0   0x08003da0   0x00000040   Code   RO          648    i.HAL_TIM_Base_MspInit  stm32f1xx_hal_msp.o
    0x08003de0   0x08003de0   0x000000dc   Code   RO         3360    i.HAL_TIM_Base_Start_IT  stm32f1xx_hal_tim.o
    0x08003ebc   0x08003ebc   0x00000448   Code   RO         3364    i.HAL_TIM_ConfigClockSource  stm32f1xx_hal_tim.o
    0x08004304   0x08004304   0x00000002   Code   RO         3389    i.HAL_TIM_IC_CaptureCallback  stm32f1xx_hal_tim.o
    0x08004306   0x08004306   0x00000196   Code   RO         3403    i.HAL_TIM_IRQHandler  stm32f1xx_hal_tim.o
    0x0800449c   0x0800449c   0x00000002   Code   RO         3406    i.HAL_TIM_OC_DelayElapsedCallback  stm32f1xx_hal_tim.o
    0x0800449e   0x0800449e   0x00000002   Code   RO         3433    i.HAL_TIM_PWM_PulseFinishedCallback  stm32f1xx_hal_tim.o
    0x080044a0   0x080044a0   0x000000b4   Code   RO          257    i.HAL_TIM_PeriodElapsedCallback  main_1.o
    0x08004554   0x08004554   0x00000002   Code   RO         3446    i.HAL_TIM_TriggerCallback  stm32f1xx_hal_tim.o
    0x08004556   0x08004556   0x00000002   PAD
    0x08004558   0x08004558   0x00000144   Code   RO         4366    i.HAL_UART_Init     stm32f1xx_hal_uart.o
    0x0800469c   0x0800469c   0x00000088   Code   RO          650    i.HAL_UART_MspInit  stm32f1xx_hal_msp.o
    0x08004724   0x08004724   0x00000002   Code   RO          535    i.HardFault_Handler  stm32f1xx_it.o
    0x08004726   0x08004726   0x0000003e   Code   RO          791    i.IntToUnicode      usbd_desc.o
    0x08004764   0x08004764   0x0000003c   Code   RO          727    i.MX_USB_DEVICE_Init  usb_device.o
    0x080047a0   0x080047a0   0x00000002   Code   RO          536    i.MemManage_Handler  stm32f1xx_it.o
    0x080047a2   0x080047a2   0x00000002   Code   RO          537    i.NMI_Handler       stm32f1xx_it.o
    0x080047a4   0x080047a4   0x000003f2   Code   RO         1163    i.PCD_EP_ISR_Handler  stm32f1xx_hal_pcd.o
    0x08004b96   0x08004b96   0x00000002   Code   RO          538    i.PendSV_Handler    stm32f1xx_it.o
    0x08004b98   0x08004b98   0x00000028   Code   RO         1769    i.RCC_Delay         stm32f1xx_hal_rcc.o
    0x08004bc0   0x08004bc0   0x00000002   Code   RO          539    i.SVC_Handler       stm32f1xx_it.o
    0x08004bc2   0x08004bc2   0x00000004   Code   RO          540    i.SysTick_Handler   stm32f1xx_it.o
    0x08004bc6   0x08004bc6   0x00000002   Code   RO         4705    i.SystemInit        system_stm32f1xx.o
    0x08004bc8   0x08004bc8   0x0000000c   Code   RO          541    i.TIM2_IRQHandler   stm32f1xx_it.o
    0x08004bd4   0x08004bd4   0x00000074   Code   RO         3448    i.TIM_Base_SetConfig  stm32f1xx_hal_tim.o
    0x08004c48   0x08004c48   0x00000016   Code   RO         3459    i.TIM_ETR_SetConfig  stm32f1xx_hal_tim.o
    0x08004c5e   0x08004c5e   0x00000012   Code   RO         3460    i.TIM_ITRx_SetConfig  stm32f1xx_hal_tim.o
    0x08004c70   0x08004c70   0x00000026   Code   RO         3466    i.TIM_TI1_ConfigInputStage  stm32f1xx_hal_tim.o
    0x08004c96   0x08004c96   0x00000028   Code   RO         3468    i.TIM_TI2_ConfigInputStage  stm32f1xx_hal_tim.o
    0x08004cbe   0x08004cbe   0x00000012   Code   RO           15    i.TM_HD44780_Clear  tm_stm32_hd44780.o
    0x08004cd0   0x08004cd0   0x00000024   Code   RO           16    i.TM_HD44780_Cmd    tm_stm32_hd44780.o
    0x08004cf4   0x08004cf4   0x00000098   Code   RO           17    i.TM_HD44780_Cmd4bit  tm_stm32_hd44780.o
    0x08004d8c   0x08004d8c   0x00000018   Code   RO           24    i.TM_HD44780_DisplayOn  tm_stm32_hd44780.o
    0x08004da4   0x08004da4   0x00000084   Code   RO           25    i.TM_HD44780_Init   tm_stm32_hd44780.o
    0x08004e28   0x08004e28   0x00000064   Code   RO           26    i.TM_HD44780_InitPins  tm_stm32_hd44780.o
    0x08004e8c   0x08004e8c   0x000001a8   Code   RO         4393    i.UART_SetConfig    stm32f1xx_hal_uart.o
    0x08005034   0x08005034   0x00000016   Code   RO         4741    i.USBD_ClrClassConfig  usbd_core.o
    0x0800504a   0x0800504a   0x0000003e   Code   RO         4879    i.USBD_ClrFeature   usbd_ctlreq.o
    0x08005088   0x08005088   0x00000018   Code   RO         4974    i.USBD_CtlContinueRx  usbd_ioreq.o
    0x080050a0   0x080050a0   0x00000018   Code   RO         4975    i.USBD_CtlContinueSendData  usbd_ioreq.o
    0x080050b8   0x080050b8   0x00000018   Code   RO         4880    i.USBD_CtlError     usbd_ctlreq.o
    0x080050d0   0x080050d0   0x0000001a   Code   RO         4977    i.USBD_CtlReceiveStatus  usbd_ioreq.o
    0x080050ea   0x080050ea   0x00000022   Code   RO         4978    i.USBD_CtlSendData  usbd_ioreq.o
    0x0800510c   0x0800510c   0x0000001a   Code   RO         4979    i.USBD_CtlSendStatus  usbd_ioreq.o
    0x08005126   0x08005126   0x00000002   PAD
    0x08005128   0x08005128   0x00000034   Code   RO          792    i.USBD_FS_ConfigStrDescriptor  usbd_desc.o
    0x0800515c   0x0800515c   0x00000010   Code   RO          793    i.USBD_FS_DeviceDescriptor  usbd_desc.o
    0x0800516c   0x0800516c   0x00000038   Code   RO          794    i.USBD_FS_InterfaceStrDescriptor  usbd_desc.o
    0x080051a4   0x080051a4   0x00000010   Code   RO          795    i.USBD_FS_LangIDStrDescriptor  usbd_desc.o
    0x080051b4   0x080051b4   0x0000002c   Code   RO          796    i.USBD_FS_ManufacturerStrDescriptor  usbd_desc.o
    0x080051e0   0x080051e0   0x00000040   Code   RO          797    i.USBD_FS_ProductStrDescriptor  usbd_desc.o
    0x08005220   0x08005220   0x00000018   Code   RO          798    i.USBD_FS_SerialStrDescriptor  usbd_desc.o
    0x08005238   0x08005238   0x00000056   Code   RO         4881    i.USBD_GetConfig    usbd_ctlreq.o
    0x0800528e   0x0800528e   0x000001f4   Code   RO         4882    i.USBD_GetDescriptor  usbd_ctlreq.o
    0x08005482   0x08005482   0x00000014   Code   RO         4883    i.USBD_GetLen       usbd_ctlreq.o
    0x08005496   0x08005496   0x0000005a   Code   RO         4884    i.USBD_GetStatus    usbd_ctlreq.o
    0x080054f0   0x080054f0   0x00000052   Code   RO         4885    i.USBD_GetString    usbd_ctlreq.o
    0x08005542   0x08005542   0x0000002c   Code   RO          894    i.USBD_Get_USB_Status  usbd_conf.o
    0x0800556e   0x0800556e   0x0000000c   Code   RO         5034    i.USBD_HID_DataIn   usbd_hid.o
    0x0800557a   0x0800557a   0x0000002a   Code   RO         5035    i.USBD_HID_DeInit   usbd_hid.o
    0x080055a4   0x080055a4   0x00000010   Code   RO         5036    i.USBD_HID_GetDeviceQualifierDesc  usbd_hid.o
    0x080055b4   0x080055b4   0x00000010   Code   RO         5037    i.USBD_HID_GetFSCfgDesc  usbd_hid.o
    0x080055c4   0x080055c4   0x00000010   Code   RO         5038    i.USBD_HID_GetHSCfgDesc  usbd_hid.o
    0x080055d4   0x080055d4   0x00000010   Code   RO         5039    i.USBD_HID_GetOtherSpeedCfgDesc  usbd_hid.o
    0x080055e4   0x080055e4   0x00000036   Code   RO         5041    i.USBD_HID_Init     usbd_hid.o
    0x0800561a   0x0800561a   0x00000002   PAD
    0x0800561c   0x0800561c   0x00000168   Code   RO         5043    i.USBD_HID_Setup    usbd_hid.o
    0x08005784   0x08005784   0x00000032   Code   RO         4743    i.USBD_Init         usbd_core.o
    0x080057b6   0x080057b6   0x00000026   Code   RO          895    i.USBD_LL_ClearStallEP  usbd_conf.o
    0x080057dc   0x080057dc   0x00000026   Code   RO          896    i.USBD_LL_CloseEP   usbd_conf.o
    0x08005802   0x08005802   0x00000100   Code   RO         4744    i.USBD_LL_DataInStage  usbd_core.o
    0x08005902   0x08005902   0x000000a6   Code   RO         4745    i.USBD_LL_DataOutStage  usbd_core.o
    0x080059a8   0x080059a8   0x00000068   Code   RO          901    i.USBD_LL_Init      usbd_conf.o
    0x08005a10   0x08005a10   0x00000038   Code   RO          902    i.USBD_LL_IsStallEP  usbd_conf.o
    0x08005a48   0x08005a48   0x00000030   Code   RO          903    i.USBD_LL_OpenEP    usbd_conf.o
    0x08005a78   0x08005a78   0x00000030   Code   RO          904    i.USBD_LL_PrepareReceive  usbd_conf.o
    0x08005aa8   0x08005aa8   0x0000005c   Code   RO         4750    i.USBD_LL_Reset     usbd_core.o
    0x08005b04   0x08005b04   0x00000016   Code   RO         4751    i.USBD_LL_Resume    usbd_core.o
    0x08005b1a   0x08005b1a   0x00000022   Code   RO         4752    i.USBD_LL_SOF       usbd_core.o
    0x08005b3c   0x08005b3c   0x00000008   Code   RO         4753    i.USBD_LL_SetSpeed  usbd_core.o
    0x08005b44   0x08005b44   0x00000026   Code   RO          905    i.USBD_LL_SetUSBAddress  usbd_conf.o
    0x08005b6a   0x08005b6a   0x0000006e   Code   RO         4754    i.USBD_LL_SetupStage  usbd_core.o
    0x08005bd8   0x08005bd8   0x00000026   Code   RO          906    i.USBD_LL_StallEP   usbd_conf.o
    0x08005bfe   0x08005bfe   0x0000001e   Code   RO          907    i.USBD_LL_Start     usbd_conf.o
    0x08005c1c   0x08005c1c   0x00000014   Code   RO         4755    i.USBD_LL_Suspend   usbd_core.o
    0x08005c30   0x08005c30   0x00000030   Code   RO          909    i.USBD_LL_Transmit  usbd_conf.o
    0x08005c60   0x08005c60   0x00000028   Code   RO         4886    i.USBD_ParseSetupRequest  usbd_ctlreq.o
    0x08005c88   0x08005c88   0x00000010   Code   RO         4756    i.USBD_RegisterClass  usbd_core.o
    0x08005c98   0x08005c98   0x00000006   Code   RO         4757    i.USBD_RunTestMode  usbd_core.o
    0x08005c9e   0x08005c9e   0x0000005a   Code   RO         4887    i.USBD_SetAddress   usbd_ctlreq.o
    0x08005cf8   0x08005cf8   0x00000022   Code   RO         4758    i.USBD_SetClassConfig  usbd_core.o
    0x08005d1a   0x08005d1a   0x00000002   PAD
    0x08005d1c   0x08005d1c   0x000000e8   Code   RO         4888    i.USBD_SetConfig    usbd_ctlreq.o
    0x08005e04   0x08005e04   0x00000018   Code   RO         4889    i.USBD_SetFeature   usbd_ctlreq.o
    0x08005e1c   0x08005e1c   0x0000000e   Code   RO         4759    i.USBD_Start        usbd_core.o
    0x08005e2a   0x08005e2a   0x000000a2   Code   RO         4890    i.USBD_StdDevReq    usbd_ctlreq.o
    0x08005ecc   0x08005ecc   0x00000238   Code   RO         4891    i.USBD_StdEPReq     usbd_ctlreq.o
    0x08006104   0x08006104   0x0000007e   Code   RO         4892    i.USBD_StdItfReq    usbd_ctlreq.o
    0x08006182   0x08006182   0x00000002   Code   RO          910    i.USBD_static_free  usbd_conf.o
    0x08006184   0x08006184   0x0000000c   Code   RO          911    i.USBD_static_malloc  usbd_conf.o
    0x08006190   0x08006190   0x0000044c   Code   RO         1401    i.USB_ActivateEndpoint  stm32f1xx_ll_usb.o
    0x080065dc   0x080065dc   0x00000008   Code   RO         1404    i.USB_CoreInit      stm32f1xx_ll_usb.o
    0x080065e4   0x080065e4   0x0000027c   Code   RO         1406    i.USB_DeactivateEndpoint  stm32f1xx_ll_usb.o
    0x08006860   0x08006860   0x00000006   Code   RO         1407    i.USB_DevConnect    stm32f1xx_ll_usb.o
    0x08006866   0x08006866   0x00000006   Code   RO         1408    i.USB_DevDisconnect  stm32f1xx_ll_usb.o
    0x0800686c   0x0800686c   0x00000016   Code   RO         1409    i.USB_DevInit       stm32f1xx_ll_usb.o
    0x08006882   0x08006882   0x00000014   Code   RO         1410    i.USB_DisableGlobalInt  stm32f1xx_ll_usb.o
    0x08006896   0x08006896   0x00000006   Code   RO         1411    i.USB_EP0_OutStart  stm32f1xx_ll_usb.o
    0x0800689c   0x0800689c   0x000000da   Code   RO         1412    i.USB_EPClearStall  stm32f1xx_ll_usb.o
    0x08006976   0x08006976   0x0000005c   Code   RO         1413    i.USB_EPSetStall    stm32f1xx_ll_usb.o
    0x080069d2   0x080069d2   0x00000b8a   Code   RO         1414    i.USB_EPStartXfer   stm32f1xx_ll_usb.o
    0x0800755c   0x0800755c   0x00000012   Code   RO         1415    i.USB_EnableGlobalInt  stm32f1xx_ll_usb.o
    0x0800756e   0x0800756e   0x00000002   PAD
    0x08007570   0x08007570   0x0000001c   Code   RO          542    i.USB_LP_CAN1_RX0_IRQHandler  stm32f1xx_it.o
    0x0800758c   0x0800758c   0x00000008   Code   RO         1422    i.USB_ReadInterrupts  stm32f1xx_ll_usb.o
    0x08007594   0x08007594   0x0000004a   Code   RO         1423    i.USB_ReadPMA       stm32f1xx_ll_usb.o
    0x080075de   0x080075de   0x00000006   Code   RO         1424    i.USB_SetCurrentMode  stm32f1xx_ll_usb.o
    0x080075e4   0x080075e4   0x0000000e   Code   RO         1425    i.USB_SetDevAddress  stm32f1xx_ll_usb.o
    0x080075f2   0x080075f2   0x00000042   Code   RO         1427    i.USB_WritePMA      stm32f1xx_ll_usb.o
    0x08007634   0x08007634   0x00000002   Code   RO          543    i.UsageFault_Handler  stm32f1xx_it.o
    0x08007636   0x08007636   0x00000002   PAD
    0x08007638   0x08007638   0x00000074   Code   RO          258    i._Z11MX_CAN_Initv  main_1.o
    0x080076ac   0x080076ac   0x00000020   Code   RO          259    i._Z11MX_CRC_Initv  main_1.o
    0x080076cc   0x080076cc   0x00000120   Code   RO          261    i._Z12MX_GPIO_Initv  main_1.o
    0x080077ec   0x080077ec   0x0000003c   Code   RO          262    i._Z12MX_I2C1_Initv  main_1.o
    0x08007828   0x08007828   0x0000006c   Code   RO          263    i._Z12MX_TIM2_Initv  main_1.o
    0x08007894   0x08007894   0x00000084   Code   RO          264    i._Z18SystemClock_Configv  main_1.o
    0x08007918   0x08007918   0x00000038   Code   RO          265    i._Z19MX_USART1_UART_Initv  main_1.o
    0x08007950   0x08007950   0x00000040   Code   RO          267    i._Z24verifica_sentido_encoderv  main_1.o
    0x08007990   0x08007990   0x00000064   Code   RO         5923    i._ZN10ControlIhm16leituraBotoesIhmEv  control_ihm.o
    0x080079f4   0x080079f4   0x00000012   Code   RO         5924    i._ZN10ControlIhm18programa_principalEv  control_ihm.o
    0x08007a06   0x08007a06   0x00000008   Code   RO         5925    i._ZN10ControlIhm19setBotaoSelecionadoE6Botbot  control_ihm.o
    0x08007a0e   0x08007a0e   0x00000006   Code   RO         5926    i._ZN10ControlIhm20getDelayAtualizaTelaEv  control_ihm.o
    0x08007a14   0x08007a14   0x00000004   Code   RO         5927    i._ZN10ControlIhm20setDelayAtualizaTelaEh  control_ihm.o
    0x08007a18   0x08007a18   0x00000024   Code   RO         5928    i._ZN10ControlIhm23pega_id_marcado_de_dataEv  control_ihm.o
    0x08007a3c   0x08007a3c   0x00000024   Code   RO         5929    i._ZN10ControlIhm23pega_id_marcado_de_funcEv  control_ihm.o
    0x08007a60   0x08007a60   0x00000006   Code   RO         5930    i._ZN10ControlIhm24getDelayLeituraBotoesIhmEv  control_ihm.o
    0x08007a66   0x08007a66   0x00000004   Code   RO         5931    i._ZN10ControlIhm24setDelayLeituraBotoesIhmEh  control_ihm.o
    0x08007a6a   0x08007a6a   0x0000006c   Code   RO         5932    i._ZN10ControlIhm30sincronizar_dados_entre_placasEv  control_ihm.o
    0x08007ad6   0x08007ad6   0x00000002   PAD
    0x08007ad8   0x08007ad8   0x00000048   Code   RO         5933    i._ZN10ControlIhm7iniciarEv  control_ihm.o
    0x08007b20   0x08007b20   0x0000001a   Code   RO         5934    i._ZN10ControlIhmC1Ev  control_ihm.o
    0x08007b3a   0x08007b3a   0x0000001e   Code   RO         6059    i._ZN6CanMvs12send_packageEv  can_mvs.o
    0x08007b58   0x08007b58   0x00000016   Code   RO         6060    i._ZN6CanMvs15is_HAL_CAN_busyEv  can_mvs.o
    0x08007b6e   0x08007b6e   0x00000046   Code   RO         6061    i._ZN6CanMvs15start_receivingE17CAN_MVS_struct_id  can_mvs.o
    0x08007bb4   0x08007bb4   0x0000001a   Code   RO         6062    i._ZN6CanMvs17mark_data_id_flagE14CAN_flags_type17CAN_MVS_struct_id  can_mvs.o
    0x08007bce   0x08007bce   0x00000014   Code   RO         6064    i._ZN6CanMvs18is_struct_id_validE17CAN_MVS_struct_id  can_mvs.o
    0x08007be2   0x08007be2   0x00000070   Code   RO         6065    i._ZN6CanMvs19start_shipping_dataE17CAN_MVS_struct_id  can_mvs.o
    0x08007c52   0x08007c52   0x0000001c   Code   RO         6066    i._ZN6CanMvs19unmark_data_id_flagE14CAN_flags_type17CAN_MVS_struct_id  can_mvs.o
    0x08007c6e   0x08007c6e   0x0000001c   Code   RO         6067    i._ZN6CanMvs19unmark_func_id_flagE14CAN_flags_type20CAN_MVS_functions_id  can_mvs.o
    0x08007c8a   0x08007c8a   0x0000002a   Code   RO         6068    i._ZN6CanMvs20connect_struct_to_idE17CAN_MVS_struct_idPhh  can_mvs.o
    0x08007cb4   0x08007cb4   0x000000ae   Code   RO         6069    i._ZN6CanMvs20shipping_applicationEv  can_mvs.o
    0x08007d62   0x08007d62   0x0000002c   Code   RO         6070    i._ZN6CanMvs21receive_data_callbackEv  can_mvs.o
    0x08007d8e   0x08007d8e   0x00000006   Code   RO         6071    i._ZN6CanMvs21set_package_data_typeE13CAN_data_type  can_mvs.o
    0x08007d94   0x08007d94   0x00000006   Code   RO         6072    i._ZN6CanMvs21set_package_struct_idE17CAN_MVS_struct_id  can_mvs.o
    0x08007d9a   0x08007d9a   0x0000001e   Code   RO         6073    i._ZN6CanMvs22am_i_receiving_this_idE17CAN_MVS_struct_id  can_mvs.o
    0x08007db8   0x08007db8   0x0000001c   Code   RO         6074    i._ZN6CanMvs22is_data_id_flag_markedE14CAN_flags_type17CAN_MVS_struct_id  can_mvs.o
    0x08007dd4   0x08007dd4   0x0000001c   Code   RO         6075    i._ZN6CanMvs22is_func_id_flag_markedE14CAN_flags_type20CAN_MVS_functions_id  can_mvs.o
    0x08007df0   0x08007df0   0x00000040   Code   RO         6076    i._ZN6CanMvs23unload_received_packageEv  can_mvs.o
    0x08007e30   0x08007e30   0x00000032   Code   RO         6077    i._ZN6CanMvs24callback_set_asked_flagsE13CAN_data_type  can_mvs.o
    0x08007e62   0x08007e62   0x0000000c   Code   RO         6078    i._ZN6CanMvs24clear_pending_data_flagsE14CAN_flags_type  can_mvs.o
    0x08007e6e   0x08007e6e   0x0000000c   Code   RO         6079    i._ZN6CanMvs24clear_pending_func_flagsE14CAN_flags_type  can_mvs.o
    0x08007e7a   0x08007e7a   0x00000056   Code   RO         6080    i._ZN6CanMvs24process_received_packageEv  can_mvs.o
    0x08007ed0   0x08007ed0   0x00000016   Code   RO         6081    i._ZN6CanMvs25was_all_pending_data_sentEv  can_mvs.o
    0x08007ee6   0x08007ee6   0x000000b4   Code   RO         6082    i._ZN6CanMvs26prepare_package_to_be_sendE13CAN_data_type  can_mvs.o
    0x08007f9a   0x08007f9a   0x00000008   Code   RO         6083    i._ZN6CanMvs27identify_received_data_typeEv  can_mvs.o
    0x08007fa2   0x08007fa2   0x00000008   Code   RO         6084    i._ZN6CanMvs27identify_received_struct_idEv  can_mvs.o
    0x08007faa   0x08007faa   0x0000001e   Code   RO         6085    i._ZN6CanMvs28copy_built_struct_to_destinyEv  can_mvs.o
    0x08007fc8   0x08007fc8   0x00000016   Code   RO         6086    i._ZN6CanMvs29was_all_pending_data_receivedEv  can_mvs.o
    0x08007fde   0x08007fde   0x00000014   Code   RO         6087    i._ZN6CanMvs32is_there_any_data_id_flag_markedE14CAN_flags_type  can_mvs.o
    0x08007ff2   0x08007ff2   0x00000014   Code   RO         6088    i._ZN6CanMvs32is_there_any_func_id_flag_markedE14CAN_flags_type  can_mvs.o
    0x08008006   0x08008006   0x00000004   Code   RO         6089    i._ZN6CanMvs4initEP19__CAN_HandleTypeDef  can_mvs.o
    0x0800800a   0x0800800a   0x00000044   Code   RO         6090    i._ZN6CanMvsC1Ev    can_mvs.o
    0x0800804e   0x0800804e   0x00000002   PAD
    0x08008050   0x08008050   0x00000010   Code   RO         2074    i.__NVIC_GetPriorityGrouping  stm32f1xx_hal_cortex.o
    0x08008060   0x08008060   0x00000028   Code   RO         2075    i.__NVIC_SetPriority  stm32f1xx_hal_cortex.o
    0x08008088   0x08008088   0x00000010   Code   RO          268    i.__sti___8_main_cpp_ctrlIhm  main_1.o
    0x08008098   0x08008098   0x00000002   Code   RO          269    i.assert_failed     main_1.o
    0x0800809a   0x0800809a   0x00000016   Code   RO           31    i.delayUs           tm_stm32_hd44780.o
    0x080080b0   0x080080b0   0x00000048   Code   RO           32    i.getUs             tm_stm32_hd44780.o
    0x080080f8   0x080080f8   0x0000005c   Code   RO          270    i.main              main_1.o
    0x08008154   0x08008154   0x00000018   Data   RO         4706    .constdata          system_stm32f1xx.o
    0x0800816c   0x0800816c   0x00000020   Data   RO         6685    Region$$Table       anon$$obj.o
    0x0800818c   0x0800818c   0x00000004   Data   RO          290    .init_array         main_1.o
    0x08008190   0x0800818c   0x00000000   Data   RO         6386    .init_array         c_w.l(init_aeabi.o)


    Execution Region RW_IRAM1 (Exec base: 0x20000000, Load base: 0x08008190, Size: 0x00001188, Max: 0x00005000, ABSOLUTE, COMPRESSED[0x000000dc])

    Exec Addr    Load Addr    Size         Type   Attr      Idx    E Section Name        Object

    0x20000000   COMPRESSED   0x00000007   Data   RW           33    .data               tm_stm32_hd44780.o
    0x20000007   COMPRESSED   0x00000001   PAD
    0x20000008   COMPRESSED   0x00000026   Data   RW          289    .data               main_1.o
    0x2000002e   COMPRESSED   0x00000002   PAD
    0x20000030   COMPRESSED   0x0000004e   Data   RW          800    .data               usbd_desc.o
    0x2000007e   COMPRESSED   0x00000002   PAD
    0x20000080   COMPRESSED   0x00000009   Data   RW         1606    .data               stm32f1xx_hal.o
    0x20000089   COMPRESSED   0x00000003   PAD
    0x2000008c   COMPRESSED   0x00000004   Data   RW         4707    .data               system_stm32f1xx.o
    0x20000090   COMPRESSED   0x00000001   Data   RW         4893    .data               usbd_ctlreq.o
    0x20000091   COMPRESSED   0x00000003   PAD
    0x20000094   COMPRESSED   0x00000106   Data   RW         5044    .data               usbd_hid.o
    0x2000019a   COMPRESSED   0x00000002   PAD
    0x2000019c   COMPRESSED   0x00000011   Data   RW         5948    .data               control_ihm.o
    0x200001ad   COMPRESSED   0x00000003   PAD
    0x200001b0        -       0x000001ae   Zero   RW          288    .bss                main_1.o
    0x2000035e   COMPRESSED   0x00000002   PAD
    0x20000360        -       0x000002c4   Zero   RW          728    .bss                usb_device.o
    0x20000624        -       0x00000200   Zero   RW          799    .bss                usbd_desc.o
    0x20000824        -       0x00000300   Zero   RW          912    .bss                usbd_conf.o
    0x20000b24        -       0x00000060   Zero   RW         6521    .bss                c_w.l(libspace.o)
    0x20000b84   COMPRESSED   0x00000004   PAD
    0x20000b88        -       0x00000200   Zero   RW            2    HEAP                startup_stm32f103xb.o
    0x20000d88        -       0x00000400   Zero   RW            1    STACK               startup_stm32f103xb.o


==============================================================================

Image component sizes


      Code (inc. data)   RO Data    RW Data    ZI Data      Debug   Object Name

      1300          0          0          0          0      17948   can_mvs.o
       424         22          0         17          0       8237   control_ihm.o
      1252        148          4         38        430     464440   main_1.o
        64         26        236          0       1536        824   startup_stm32f103xb.o
       192         36          0          9          0       5981   stm32f1xx_hal.o
      3448        412          0          0          0      15877   stm32f1xx_hal_can.o
       564        204          0          0          0      29595   stm32f1xx_hal_cortex.o
       112         62          0          0          0       1047   stm32f1xx_hal_crc.o
      1260        240          0          0          0       4310   stm32f1xx_hal_gpio.o
       740         84          0          0          0       2175   stm32f1xx_hal_i2c.o
       640         64          0          0          0       4330   stm32f1xx_hal_msp.o
      4362         62          0          0          0      14121   stm32f1xx_hal_pcd.o
        68          0          0          0          0       1198   stm32f1xx_hal_pcd_ex.o
      2548        218          0          0          0       6428   stm32f1xx_hal_rcc.o
       504         72          0          0          0       1480   stm32f1xx_hal_rcc_ex.o
      2272        216          0          0          0       9831   stm32f1xx_hal_tim.o
       324         74          0          0          0       2505   stm32f1xx_hal_tim_ex.o
       748        144          0          0          0       1860   stm32f1xx_hal_uart.o
        84         22          0          0          0       6267   stm32f1xx_it.o
      5254          0          0          0          0      19727   stm32f1xx_ll_usb.o
         2          0         24          4          0       1155   system_stm32f1xx.o
       556         36          0          7          0     463698   tm_stm32_hd44780.o
        60         14          0          0        708       5368   usb_device.o
       796         30          0          0        768      14493   usbd_conf.o
       850          0          0          0          0      10091   usbd_core.o
      2106         28          0          1          0      10844   usbd_ctlreq.o
       386        122          0         78        512       6721   usbd_desc.o
       532         32          0        262          0       7287   usbd_hid.o
       134          0          0          0          0       3880   usbd_ioreq.o

    ----------------------------------------------------------------------
     31608       2368        296        432       3956    1141718   Object Totals
         0          0         32          0          0          0   (incl. Generated)
        26          0          0         16          2          0   (incl. Padding)

    ----------------------------------------------------------------------

      Code (inc. data)   RO Data    RW Data    ZI Data      Debug   Library Member Name

        90          0          0          0          0          0   __dczerorl2.o
         8          0          0          0          0         68   __main.o
         0          0          0          0          0          0   __rtentry.o
        12          0          0          0          0          0   __rtentry2.o
         6          0          0          0          0          0   __rtentry4.o
        52          8          0          0          0          0   __scatter.o
        28          0          0          0          0          0   __scatter_zi.o
        10          0          0          0          0         68   defsig_exit.o
        50          0          0          0          0         88   defsig_general.o
        80         58          0          0          0         76   defsig_rtmem_inner.o
        14          0          0          0          0         80   defsig_rtmem_outer.o
        18          0          0          0          0         80   exit.o
        94          0          0          0          0         80   h1_alloc.o
        52          0          0          0          0         68   h1_extend.o
        78          0          0          0          0         80   h1_free.o
        14          0          0          0          0         84   h1_init.o
         6          0          0          0          0        152   heapauxi.o
         4          0          0          0          0        136   hguard.o
         0          0          0          0          0          0   indicate_semi.o
        36         10          0          0          0         80   init_aeabi.o
       138          0          0          0          0        168   init_alloc.o
         2          0          0          0          0          0   libinit.o
        14          0          0          0          0          0   libinit2.o
         2          0          0          0          0          0   libshutdown.o
         2          0          0          0          0          0   libshutdown2.o
         8          4          0          0         96         68   libspace.o
         0          0          0          0          0          0   maybetermalloc1.o
         8          4          0          0          0         68   rt_heap_descriptor_intlibspace.o
        78          0          0          0          0         80   rt_memclr_w.o
       138          0          0          0          0         68   rt_memcpy_v6.o
       100          0          0          0          0         80   rt_memcpy_w.o
         2          0          0          0          0          0   rtexit.o
        10          0          0          0          0          0   rtexit2.o
        12          4          0          0          0         68   sys_exit.o
        74          0          0          0          0         80   sys_stackheap_outer.o
        14          0          0          0          0         76   sys_wrch.o
         2          0          0          0          0         68   use_no_semi.o

    ----------------------------------------------------------------------
      1264         88          0          0        100       1964   Library Totals
         8          0          0          0          4          0   (incl. Padding)

    ----------------------------------------------------------------------

      Code (inc. data)   RO Data    RW Data    ZI Data      Debug   Library Name

      1256         88          0          0         96       1964   c_w.l

    ----------------------------------------------------------------------
      1264         88          0          0        100       1964   Library Totals

    ----------------------------------------------------------------------

==============================================================================


      Code (inc. data)   RO Data    RW Data    ZI Data      Debug   

     32872       2456        296        432       4056    1129690   Grand Totals
     32872       2456        296        220       4056    1129690   ELF Image Totals (compressed)
     32872       2456        296        220          0          0   ROM Totals

==============================================================================

    Total RO  Size (Code + RO Data)                33168 (  32.39kB)
    Total RW  Size (RW Data + ZI Data)              4488 (   4.38kB)
    Total ROM Size (Code + RO Data + RW Data)      33388 (  32.61kB)

==============================================================================

